Component: ARM Compiler 5.06 update 6 (build 750) Tool: armlink [4d35ed]

==============================================================================

Section Cross References

    system_gd32f4xx.o(i.SystemCoreClockUpdate) refers to system_gd32f4xx.o(.data) for SystemCoreClock
    system_gd32f4xx.o(i.SystemInit) refers to system_gd32f4xx.o(i.system_clock_config) for system_clock_config
    system_gd32f4xx.o(i.system_clock_config) refers to system_gd32f4xx.o(i.system_clock_200m_25m_hxtal) for system_clock_200m_25m_hxtal
    startup_gd32f407_427.o(RESET) refers to startup_gd32f407_427.o(STACK) for __initial_sp
    startup_gd32f407_427.o(RESET) refers to startup_gd32f407_427.o(.text) for Reset_Handler
    startup_gd32f407_427.o(RESET) refers to gd32f4xx_it.o(i.NMI_Handler) for NMI_Handler
    startup_gd32f407_427.o(RESET) refers to gd32f4xx_it.o(i.HardFault_Handler) for HardFault_Handler
    startup_gd32f407_427.o(RESET) refers to gd32f4xx_it.o(i.MemManage_Handler) for MemManage_Handler
    startup_gd32f407_427.o(RESET) refers to gd32f4xx_it.o(i.BusFault_Handler) for BusFault_Handler
    startup_gd32f407_427.o(RESET) refers to gd32f4xx_it.o(i.UsageFault_Handler) for UsageFault_Handler
    startup_gd32f407_427.o(RESET) refers to gd32f4xx_it.o(i.SVC_Handler) for SVC_Handler
    startup_gd32f407_427.o(RESET) refers to gd32f4xx_it.o(i.DebugMon_Handler) for DebugMon_Handler
    startup_gd32f407_427.o(RESET) refers to gd32f4xx_it.o(i.PendSV_Handler) for PendSV_Handler
    startup_gd32f407_427.o(RESET) refers to gd32f4xx_it.o(i.SysTick_Handler) for SysTick_Handler
    startup_gd32f407_427.o(RESET) refers to rtc.o(i.RTC_WKUP_IRQHandler) for RTC_WKUP_IRQHandler
    startup_gd32f407_427.o(RESET) refers to timer.o(i.TIMER1_IRQHandler) for TIMER1_IRQHandler
    startup_gd32f407_427.o(RESET) refers to usart.o(i.USART1_IRQHandler) for USART1_IRQHandler
    startup_gd32f407_427.o(RESET) refers to usart.o(i.USART2_IRQHandler) for USART2_IRQHandler
    startup_gd32f407_427.o(RESET) refers to rtc.o(i.RTC_Alarm_IRQHandler) for RTC_Alarm_IRQHandler
    startup_gd32f407_427.o(RESET) refers to dcmi.o(i.DCI_IRQHandler) for DCI_IRQHandler
    startup_gd32f407_427.o(.text) refers to system_gd32f4xx.o(i.SystemInit) for SystemInit
    startup_gd32f407_427.o(.text) refers to entry.o(.ARM.Collect$$$$00000000) for __main
    gd32f4xx_rcu.o(i.RCU_GetClocksFreq) refers to gd32f4xx_rcu.o(.data) for APBAHBPrescTable
    gd32f4xx_rcu.o(i.RCU_WaitForHSEStartUp) refers to gd32f4xx_rcu.o(i.RCU_GetFlagStatus) for RCU_GetFlagStatus
    gd32f4xx_gpio.o(i.GPIO_DeInit) refers to gd32f4xx_rcu.o(i.RCU_AHB1PeriphResetCmd) for RCU_AHB1PeriphResetCmd
    gd32f4xx_pmu.o(i.pmu_deinit) refers to gd32f4xx_rcu.o(i.RCU_APB1PeriphResetCmd) for RCU_APB1PeriphResetCmd
    gd32f4xx_pmu.o(i.pmu_highdriver_switch_select) refers to gd32f4xx_pmu.o(i.pmu_flag_get) for pmu_flag_get
    gd32f4xx_pmu.o(i.pmu_to_deepsleepmode) refers to gd32f4xx_pmu.o(.bss) for reg_snap
    gd32f4xx_tim.o(i.TIM_DeInit) refers to gd32f4xx_rcu.o(i.RCU_APB2PeriphResetCmd) for RCU_APB2PeriphResetCmd
    gd32f4xx_tim.o(i.TIM_DeInit) refers to gd32f4xx_rcu.o(i.RCU_APB1PeriphResetCmd) for RCU_APB1PeriphResetCmd
    gd32f4xx_tim.o(i.TIM_ETRClockMode1Config) refers to gd32f4xx_tim.o(i.TIM_ETRConfig) for TIM_ETRConfig
    gd32f4xx_tim.o(i.TIM_ETRClockMode2Config) refers to gd32f4xx_tim.o(i.TIM_ETRConfig) for TIM_ETRConfig
    gd32f4xx_tim.o(i.TIM_ICInit) refers to gd32f4xx_tim.o(i.TI1_Config) for TI1_Config
    gd32f4xx_tim.o(i.TIM_ICInit) refers to gd32f4xx_tim.o(i.TIM_SetIC1Prescaler) for TIM_SetIC1Prescaler
    gd32f4xx_tim.o(i.TIM_ICInit) refers to gd32f4xx_tim.o(i.TI2_Config) for TI2_Config
    gd32f4xx_tim.o(i.TIM_ICInit) refers to gd32f4xx_tim.o(i.TIM_SetIC2Prescaler) for TIM_SetIC2Prescaler
    gd32f4xx_tim.o(i.TIM_ICInit) refers to gd32f4xx_tim.o(i.TI3_Config) for TI3_Config
    gd32f4xx_tim.o(i.TIM_ICInit) refers to gd32f4xx_tim.o(i.TIM_SetIC3Prescaler) for TIM_SetIC3Prescaler
    gd32f4xx_tim.o(i.TIM_ICInit) refers to gd32f4xx_tim.o(i.TI4_Config) for TI4_Config
    gd32f4xx_tim.o(i.TIM_ICInit) refers to gd32f4xx_tim.o(i.TIM_SetIC4Prescaler) for TIM_SetIC4Prescaler
    gd32f4xx_tim.o(i.TIM_ITRxExternalClockConfig) refers to gd32f4xx_tim.o(i.TIM_SelectInputTrigger) for TIM_SelectInputTrigger
    gd32f4xx_tim.o(i.TIM_PWMIConfig) refers to gd32f4xx_tim.o(i.TI1_Config) for TI1_Config
    gd32f4xx_tim.o(i.TIM_PWMIConfig) refers to gd32f4xx_tim.o(i.TIM_SetIC1Prescaler) for TIM_SetIC1Prescaler
    gd32f4xx_tim.o(i.TIM_PWMIConfig) refers to gd32f4xx_tim.o(i.TI2_Config) for TI2_Config
    gd32f4xx_tim.o(i.TIM_PWMIConfig) refers to gd32f4xx_tim.o(i.TIM_SetIC2Prescaler) for TIM_SetIC2Prescaler
    gd32f4xx_tim.o(i.TIM_TIxExternalClockConfig) refers to gd32f4xx_tim.o(i.TI2_Config) for TI2_Config
    gd32f4xx_tim.o(i.TIM_TIxExternalClockConfig) refers to gd32f4xx_tim.o(i.TI1_Config) for TI1_Config
[...]
    MQTTDeserialize_suback                   0x08014207   Thumb Code   146  mqttsubscribeclient.o(i.MQTTDeserialize_suback)
    MQTTPacket_decode                        0x08014299   Thumb Code    88  mqttpacket.o(i.MQTTPacket_decode)
    MQTTPacket_decodeBuf                     0x080142f1   Thumb Code    20  mqttpacket.o(i.MQTTPacket_decodeBuf)
    MQTTPacket_encode                        0x0801430d   Thumb Code    54  mqttpacket.o(i.MQTTPacket_encode)
    MQTTPacket_len                           0x08014345   Thumb Code    34  mqttpacket.o(i.MQTTPacket_len)
    MQTTSerialize_connect                    0x0801436d   Thumb Code   342  mqttconnectclient.o(i.MQTTSerialize_connect)
    MQTTSerialize_connectLength              0x080144d5   Thumb Code   118  mqttconnectclient.o(i.MQTTSerialize_connectLength)
    MQTTSerialize_pingreq                    0x0801454b   Thumb Code    18  mqttconnectclient.o(i.MQTTSerialize_pingreq)
    MQTTSerialize_publish                    0x0801455d   Thumb Code   176  mqttserializepublish.o(i.MQTTSerialize_publish)
    MQTTSerialize_publishLength              0x0801460d   Thumb Code    34  mqttserializepublish.o(i.MQTTSerialize_publishLength)
    MQTTSerialize_subscribe                  0x0801462f   Thumb Code   176  mqttsubscribeclient.o(i.MQTTSerialize_subscribe)
    MQTTSerialize_subscribeLength            0x080146df   Thumb Code    46  mqttsubscribeclient.o(i.MQTTSerialize_subscribeLength)
    MQTTSerialize_zero                       0x0801470d   Thumb Code    76  mqttconnectclient.o(i.MQTTSerialize_zero)
    MQTT_Data_Program                        0x08014759   Thumb Code   590  program.o(i.MQTT_Data_Program)
    MQTT_Init                                0x08014d15   Thumb Code    88  mqtt_app.o(i.MQTT_Init)
    MQTT_Package_Publish_Json                0x08014d85   Thumb Code   512  mqtt_app.o(i.MQTT_Package_Publish_Json)
    MQTT_TIM_10ms                            0x0801539d   Thumb Code   158  mqtt_app.o(i.MQTT_TIM_10ms)
    MQTTstrlen                               0x0801545d   Thumb Code    24  mqttpacket.o(i.MQTTstrlen)
    MemManage_Handler                        0x08015475   Thumb Code     4  gd32f4xx_it.o(i.MemManage_Handler)
    MyDCMI_Init                              0x080158d9   Thumb Code   330  dcmi.o(i.MyDCMI_Init)
    My_RTC_Init                              0x08015a39   Thumb Code   136  rtc.o(i.My_RTC_Init)
    NMI_Handler                              0x08015ac1   Thumb Code     2  gd32f4xx_it.o(i.NMI_Handler)
    NVIC_Init                                0x08015ac5   Thumb Code   106  misc.o(i.NVIC_Init)
    NVIC_PriorityGroupConfig                 0x08015b3d   Thumb Code    10  misc.o(i.NVIC_PriorityGroupConfig)
    NVIC_SetVectorTable                      0x08015b79   Thumb Code    12  misc.o(i.NVIC_SetVectorTable)
    OV2640_Auto_Exposure                     0x08015b8d   Thumb Code    40  ov2640.o(i.OV2640_Auto_Exposure)
    OV2640_Brightness                        0x08015bb9   Thumb Code    56  ov2640.o(i.OV2640_Brightness)
    OV2640_ImageWin_Set                      0x08015bf1   Thumb Code   188  ov2640.o(i.OV2640_ImageWin_Set)
    OV2640_Init                              0x08015cad   Thumb Code   282  ov2640.o(i.OV2640_Init)
    OV2640_JPEG_Mode                         0x08015e0d   Thumb Code   102  ov2640.o(i.OV2640_JPEG_Mode)
    OV2640_Jpg_Photo                         0x08015e89   Thumb Code   240  ov2640.o(i.OV2640_Jpg_Photo)
    OV2640_OutSize_Set                       0x08015fb9   Thumb Code   136  ov2640.o(i.OV2640_OutSize_Set)
    OV2640_PWR_Init                          0x08016041   Thumb Code    60  ov2640.o(i.OV2640_PWR_Init)
    OutDirveInit                             0x08016081   Thumb Code   102  mos_sw.o(i.OutDirveInit)
    PendSV_Handler                           0x080160f1   Thumb Code     2  gd32f4xx_it.o(i.PendSV_Handler)
    PhotoJsonParse                           0x080160f5   Thumb Code   596  json_parse.o(i.PhotoJsonParse)
    Program_Flag_Init                        0x080163b5   Thumb Code    58  program.o(i.Program_Flag_Init)
    Program_Init                             0x080163f5   Thumb Code   380  program.o(i.Program_Init)
    Program_TIM_100ms                        0x080165e5   Thumb Code    64  program.o(i.Program_TIM_100ms)
    RCU_AHB1PeriphClockCmd                   0x08016631   Thumb Code    26  gd32f4xx_rcu.o(i.RCU_AHB1PeriphClockCmd)
    RCU_AHB2PeriphClockCmd                   0x08016651   Thumb Code    26  gd32f4xx_rcu.o(i.RCU_AHB2PeriphClockCmd)
    RCU_APB1PeriphClockCmd                   0x08016671   Thumb Code    26  gd32f4xx_rcu.o(i.RCU_APB1PeriphClockCmd)
    RCU_APB1PeriphResetCmd                   0x08016691   Thumb Code    26  gd32f4xx_rcu.o(i.RCU_APB1PeriphResetCmd)
    RCU_APB2PeriphClockCmd                   0x080166b1   Thumb Code    26  gd32f4xx_rcu.o(i.RCU_APB2PeriphClockCmd)
    RCU_APB2PeriphResetCmd                   0x080166d1   Thumb Code    26  gd32f4xx_rcu.o(i.RCU_APB2PeriphResetCmd)
    RCU_GetClocksFreq                        0x080166f1   Thumb Code   214  gd32f4xx_rcu.o(i.RCU_GetClocksFreq)
    RCU_GetFlagStatus                        0x080167d9   Thumb Code    60  gd32f4xx_rcu.o(i.RCU_GetFlagStatus)
    RCU_LSEConfig                            0x08016819   Thumb Code    40  gd32f4xx_rcu.o(i.RCU_LSEConfig)
    RCU_RTCCLKCmd                            0x08016845   Thumb Code     6  gd32f4xx_rcu.o(i.RCU_RTCCLKCmd)
    RCU_RTCCLKConfig                         0x08016851   Thumb Code    50  gd32f4xx_rcu.o(i.RCU_RTCCLKConfig)
    RTC_Alarm_IRQHandler                     0x0801688d   Thumb Code    36  rtc.o(i.RTC_Alarm_IRQHandler)
    RTC_ClearFlag                            0x080168f1   Thumb Code    24  gd32f4xx_rtc.o(i.RTC_ClearFlag)
    RTC_ClearITPendingBit                    0x0801690d   Thumb Code    28  gd32f4xx_rtc.o(i.RTC_ClearITPendingBit)
    RTC_EnterInitMode                        0x0801692d   Thumb Code    76  gd32f4xx_rtc.o(i.RTC_EnterInitMode)
    RTC_ExitInitMode                         0x0801697d   Thumb Code    14  gd32f4xx_rtc.o(i.RTC_ExitInitMode)
    RTC_GetDate                              0x08016991   Thumb Code    68  gd32f4xx_rtc.o(i.RTC_GetDate)
    RTC_GetFlagStatus                        0x080169dd   Thumb Code    32  gd32f4xx_rtc.o(i.RTC_GetFlagStatus)
    RTC_GetTime                              0x08016a05   Thumb Code    72  gd32f4xx_rtc.o(i.RTC_GetTime)
    RTC_Get_Timestamp                        0x08016a55   Thumb Code    96  rtc.o(i.RTC_Get_Timestamp)
    RTC_ITConfig                             0x08016ad9   Thumb Code    94  gd32f4xx_rtc.o(i.RTC_ITConfig)
    RTC_Init                                 0x08016b3d   Thumb Code    94  gd32f4xx_rtc.o(i.RTC_Init)
    RTC_ReadBackupRegister                   0x08016ba1   Thumb Code    26  gd32f4xx_rtc.o(i.RTC_ReadBackupRegister)
    RTC_SetDate                              0x08016bc1   Thumb Code   190  gd32f4xx_rtc.o(i.RTC_SetDate)
    RTC_SetTime                              0x08016c89   Thumb Code   198  gd32f4xx_rtc.o(i.RTC_SetTime)
    RTC_SetWakeUpCounter                     0x08016d59   Thumb Code    22  gd32f4xx_rtc.o(i.RTC_SetWakeUpCounter)
    RTC_Set_Date                             0x08016d75   Thumb Code    36  rtc.o(i.RTC_Set_Date)
    RTC_Set_Time                             0x08016d99   Thumb Code    36  rtc.o(i.RTC_Set_Time)
    RTC_Set_WakeUp                           0x08016dbd   Thumb Code   108  rtc.o(i.RTC_Set_WakeUp)
    RTC_WKUP_IRQHandler                      0x08016e2d   Thumb Code    30  rtc.o(i.RTC_WKUP_IRQHandler)
    RTC_WaitForSynchro                       0x08016e4d   Thumb Code    92  gd32f4xx_rtc.o(i.RTC_WaitForSynchro)
    RTC_WakeUpClockConfig                    0x08016ead   Thumb Code    42  gd32f4xx_rtc.o(i.RTC_WakeUpClockConfig)
    RTC_WakeUpCmd                            0x08016edd   Thumb Code   116  gd32f4xx_rtc.o(i.RTC_WakeUpCmd)
    RTC_WriteBackupRegister                  0x08016f55   Thumb Code    24  gd32f4xx_rtc.o(i.RTC_WriteBackupRegister)
    ResetJsonParse                           0x08016f71   Thumb Code    56  json_parse.o(i.ResetJsonParse)
    SCCB_Init                                0x08016fc9   Thumb Code    78  sccb.o(i.SCCB_Init)
    SCCB_No_Ack                              0x0801701d   Thumb Code    56  sccb.o(i.SCCB_No_Ack)
    SCCB_RD_Byte                             0x0801705d   Thumb Code   100  sccb.o(i.SCCB_RD_Byte)
    SCCB_RD_Reg                              0x080170cd   Thumb Code    78  sccb.o(i.SCCB_RD_Reg)
    SCCB_Start                               0x0801711d   Thumb Code    42  sccb.o(i.SCCB_Start)
    SCCB_Stop                                0x08017151   Thumb Code    42  sccb.o(i.SCCB_Stop)
    SCCB_WR_Byte                             0x08017185   Thumb Code   154  sccb.o(i.SCCB_WR_Byte)
    SCCB_WR_Reg                              0x0801722d   Thumb Code    62  sccb.o(i.SCCB_WR_Reg)
    SVC_Handler                              0x0801726b   Thumb Code     2  gd32f4xx_it.o(i.SVC_Handler)
    Speaker_Init                             0x0801726d   Thumb Code    52  dac.o(i.Speaker_Init)
    StructInit                               0x080172a9   Thumb Code   110  json_parse.o(i.StructInit)
    SysTick_CLKSourceConfig                  0x0801732d   Thumb Code    40  misc.o(i.SysTick_CLKSourceConfig)
    SysTick_Handler                          0x08017355   Thumb Code     8  gd32f4xx_it.o(i.SysTick_Handler)
    SystemInit                               0x0801735d   Thumb Code   194  system_gd32f4xx.o(i.SystemInit)
    TIM1_Init                                0x08017431   Thumb Code    90  timer.o(i.TIM1_Init)
    TIM3_PWM_Init                            0x0801748d   Thumb Code   150  timer.o(i.TIM3_PWM_Init)
    TIMER1_IRQHandler                        0x0801752d   Thumb Code   246  timer.o(i.TIMER1_IRQHandler)
    TIM_1000msProgram                        0x0801762d   Thumb Code    28  timer.o(i.TIM_1000msProgram)
    TIM_100msProgram                         0x08017651   Thumb Code     8  timer.o(i.TIM_100msProgram)
    TIM_10msProgram                          0x08017659   Thumb Code    12  timer.o(i.TIM_10msProgram)
    TIM_1msProgram                           0x08017665   Thumb Code    12  timer.o(i.TIM_1msProgram)
    TIM_ARRPreloadConfig                     0x08017671   Thumb Code    24  gd32f4xx_tim.o(i.TIM_ARRPreloadConfig)
    TIM_ClearITPendingBit                    0x08017689   Thumb Code     6  gd32f4xx_tim.o(i.TIM_ClearITPendingBit)
    TIM_Cmd                                  0x0801768f   Thumb Code    24  gd32f4xx_tim.o(i.TIM_Cmd)
    TIM_GetITStatus                          0x080176a7   Thumb Code    34  gd32f4xx_tim.o(i.TIM_GetITStatus)
    TIM_ITConfig                             0x080176c9   Thumb Code    18  gd32f4xx_tim.o(i.TIM_ITConfig)
    TIM_OC1Init                              0x080176dd   Thumb Code   114  gd32f4xx_tim.o(i.TIM_OC1Init)
    TIM_OC1PreloadConfig                     0x08017755   Thumb Code    18  gd32f4xx_tim.o(i.TIM_OC1PreloadConfig)
    TIM_TimeBaseInit                         0x08017769   Thumb Code   104  gd32f4xx_tim.o(i.TIM_TimeBaseInit)
    TempSensor_Adc_Init                      0x080177ed   Thumb Code   124  adc.o(i.TempSensor_Adc_Init)
    USART1_Clear                             0x08017871   Thumb Code    26  usart.o(i.USART1_Clear)
    USART1_IRQHandler                        0x08017899   Thumb Code    66  usart.o(i.USART1_IRQHandler)
    USART1_Revice                            0x080178f1   Thumb Code    80  usart.o(i.USART1_Revice)
    USART1_SendData                          0x08017959   Thumb Code    46  usart.o(i.USART1_SendData)
    USART1_TIM_1ms                           0x0801798d   Thumb Code    46  usart.o(i.USART1_TIM_1ms)
    USART2_IRQHandler                        0x080179cd   Thumb Code   122  usart.o(i.USART2_IRQHandler)
    USART_Cmd                                0x08017a55   Thumb Code    24  gd32f4xx_usart.o(i.USART_Cmd)
    USART_DeInit                             0x08017a6d   Thumb Code   206  gd32f4xx_usart.o(i.USART_DeInit)
    USART_GetFlagStatus                      0x08017b5d   Thumb Code    26  gd32f4xx_usart.o(i.USART_GetFlagStatus)
    USART_GetITStatus                        0x08017b77   Thumb Code    84  gd32f4xx_usart.o(i.USART_GetITStatus)
    USART_ITConfig                           0x08017bcb   Thumb Code    74  gd32f4xx_usart.o(i.USART_ITConfig)
    USART_Init                               0x08017c15   Thumb Code   204  gd32f4xx_usart.o(i.USART_Init)
    USART_ReceiveData                        0x08017ce9   Thumb Code    10  gd32f4xx_usart.o(i.USART_ReceiveData)
    USART_SendData                           0x08017cf3   Thumb Code     8  gd32f4xx_usart.o(i.USART_SendData)
    UpgradeJsonParse                         0x08017cfd   Thumb Code   218  json_parse.o(i.UpgradeJsonParse)
    UsageFault_Handler                       0x08017e45   Thumb Code     4  gd32f4xx_it.o(i.UsageFault_Handler)
    __0printf                                0x08017e49   Thumb Code    22  printfa.o(i.__0printf)
    __1printf                                0x08017e49   Thumb Code     0  printfa.o(i.__0printf)
    __2printf                                0x08017e49   Thumb Code     0  printfa.o(i.__0printf)
    __c89printf                              0x08017e49   Thumb Code     0  printfa.o(i.__0printf)
    printf                                   0x08017e49   Thumb Code     0  printfa.o(i.__0printf)
    __0sprintf                               0x08017e69   Thumb Code    34  printfa.o(i.__0sprintf)
    __1sprintf                               0x08017e69   Thumb Code     0  printfa.o(i.__0sprintf)
    __2sprintf                               0x08017e69   Thumb Code     0  printfa.o(i.__0sprintf)
    __c89sprintf                             0x08017e69   Thumb Code     0  printfa.o(i.__0sprintf)
    sprintf                                  0x08017e69   Thumb Code     0  printfa.o(i.__0sprintf)
    __0vsprintf                              0x08017e91   Thumb Code    30  printfa.o(i.__0vsprintf)
    __1vsprintf                              0x08017e91   Thumb Code     0  printfa.o(i.__0vsprintf)
    __2vsprintf                              0x08017e91   Thumb Code     0  printfa.o(i.__0vsprintf)
    __c89vsprintf                            0x08017e91   Thumb Code     0  printfa.o(i.__0vsprintf)
    vsprintf                                 0x08017e91   Thumb Code     0  printfa.o(i.__0vsprintf)
    __ARM_fpclassify                         0x08017eb5   Thumb Code    48  fpclassify.o(i.__ARM_fpclassify)
    __aeabi_errno_addr                       0x08017ee5   Thumb Code     4  errno.o(i.__aeabi_errno_addr)
    __rt_errno_addr                          0x08017ee5   Thumb Code     0  errno.o(i.__aeabi_errno_addr)
    __hardfp_fabs                            0x08017eed   Thumb Code    20  fabs.o(i.__hardfp_fabs)
    __hardfp_floor                           0x08017f01   Thumb Code   252  floor.o(i.__hardfp_floor)
    __hardfp_log                             0x08018019   Thumb Code   872  log.o(i.__hardfp_log)
    __hardfp_pow                             0x080183e1   Thumb Code  3072  pow.o(i.__hardfp_pow)
    __kernel_poly                            0x08019031   Thumb Code   248  poly.o(i.__kernel_poly)
    __mathlib_dbl_divzero                    0x08019129   Thumb Code    28  dunder.o(i.__mathlib_dbl_divzero)
    __mathlib_dbl_infnan                     0x08019159   Thumb Code    20  dunder.o(i.__mathlib_dbl_infnan)
    __mathlib_dbl_infnan2                    0x0801916d   Thumb Code    20  dunder.o(i.__mathlib_dbl_infnan2)
    __mathlib_dbl_invalid                    0x08019181   Thumb Code    24  dunder.o(i.__mathlib_dbl_invalid)
    __mathlib_dbl_overflow                   0x080191a1   Thumb Code    24  dunder.o(i.__mathlib_dbl_overflow)
    __mathlib_dbl_underflow                  0x080191c1   Thumb Code    24  dunder.o(i.__mathlib_dbl_underflow)
    __scatterload_copy                       0x080191e1   Thumb Code    14  handlers.o(i.__scatterload_copy)
    __scatterload_null                       0x080191ef   Thumb Code     2  handlers.o(i.__scatterload_null)
    __scatterload_zeroinit                   0x080191f1   Thumb Code    14  handlers.o(i.__scatterload_zeroinit)
    __set_errno                              0x08019201   Thumb Code     6  errno.o(i.__set_errno)
    bufchar                                  0x08019b69   Thumb Code    36  mqttpacket.o(i.bufchar)
    cJSON_Delete                             0x08019b91   Thumb Code    88  cjson.o(i.cJSON_Delete)
    cJSON_GetObjectItem                      0x08019bed   Thumb Code    30  cjson.o(i.cJSON_GetObjectItem)
    cJSON_Parse                              0x08019c2d   Thumb Code    16  cjson.o(i.cJSON_Parse)
    cJSON_ParseWithOpts                      0x08019c3d   Thumb Code    96  cjson.o(i.cJSON_ParseWithOpts)
    cJSON_Print                              0x08019ca1   Thumb Code    18  cjson.o(i.cJSON_Print)
    delay_decrement                          0x08019d95   Thumb Code    18  systick.o(i.delay_decrement)
    delay_init                               0x08019dad   Thumb Code    52  delay.o(i.delay_init)
    delay_ms                                 0x08019de9   Thumb Code    56  delay.o(i.delay_ms)
    delay_us                                 0x08019e21   Thumb Code    56  delay.o(i.delay_us)
    delay_xms                                0x08019e5d   Thumb Code    56  delay.o(i.delay_xms)
    fabs                                     0x08019f11   Thumb Code    24  fabs.o(i.fabs)
    fputc                                    0x08019f29   Thumb Code    24  usart.o(i.fputc)
    get_imu_data                             0x08019fd1   Thumb Code    10  icm42670.o(i.get_imu_data)
    imu_callback                             0x0801a019   Thumb Code   308  icm42670.o(i.imu_callback)
    inv_imu_configure_fifo                   0x0801a269   Thumb Code   438  inv_imu_driver.o(i.inv_imu_configure_fifo)
    inv_imu_convert_odr_bitfield_to_us       0x0801a425   Thumb Code    84  inv_imu_driver.o(i.inv_imu_convert_odr_bitfield_to_us)
    inv_imu_device_reset                     0x0801a489   Thumb Code   706  inv_imu_driver.o(i.inv_imu_device_reset)
    inv_imu_disable_fsync                    0x0801a751   Thumb Code   114  inv_imu_driver.o(i.inv_imu_disable_fsync)
    inv_imu_enable_accel_low_power_mode      0x0801a7c5   Thumb Code   264  inv_imu_driver.o(i.inv_imu_enable_accel_low_power_mode)
    inv_imu_get_accel_fsr                    0x0801a8d1   Thumb Code    60  inv_imu_driver.o(i.inv_imu_get_accel_fsr)
    inv_imu_get_config_int1                  0x0801a911   Thumb Code   184  inv_imu_driver.o(i.inv_imu_get_config_int1)
    inv_imu_get_data_from_registers          0x0801a9cd   Thumb Code   398  inv_imu_driver.o(i.inv_imu_get_data_from_registers)
    inv_imu_get_endianness                   0x0801ab61   Thumb Code    40  inv_imu_driver.o(i.inv_imu_get_endianness)
    inv_imu_get_gyro_fsr                     0x0801ab8d   Thumb Code    60  inv_imu_driver.o(i.inv_imu_get_gyro_fsr)
    inv_imu_get_time_us                      0x0801abcd   Thumb Code     4  delay.o(i.inv_imu_get_time_us)
    inv_imu_get_who_am_i                     0x0801abd1   Thumb Code    20  inv_imu_driver.o(i.inv_imu_get_who_am_i)
    inv_imu_init                             0x0801abe9   Thumb Code   118  inv_imu_driver.o(i.inv_imu_init)
    inv_imu_init_transport                   0x0801ac5f   Thumb Code    82  inv_imu_transport.o(i.inv_imu_init_transport)
    inv_imu_read_reg                         0x0801acb1   Thumb Code   104  inv_imu_transport.o(i.inv_imu_read_reg)
    inv_imu_set_accel_frequency              0x0801ad19   Thumb Code    58  inv_imu_driver.o(i.inv_imu_set_accel_frequency)
    inv_imu_set_accel_fsr                    0x0801ad59   Thumb Code    58  inv_imu_driver.o(i.inv_imu_set_accel_fsr)
    inv_imu_set_accel_lp_avg                 0x0801ad99   Thumb Code    64  inv_imu_driver.o(i.inv_imu_set_accel_lp_avg)
    inv_imu_set_config_int1                  0x0801addd   Thumb Code   388  inv_imu_driver.o(i.inv_imu_set_config_int1)
    inv_imu_set_gyro_fsr                     0x0801af65   Thumb Code    58  inv_imu_driver.o(i.inv_imu_set_gyro_fsr)
    inv_imu_set_timestamp_resolution         0x0801afa5   Thumb Code    58  inv_imu_driver.o(i.inv_imu_set_timestamp_resolution)
    inv_imu_switch_off_mclk                  0x0801afe1   Thumb Code   100  inv_imu_transport.o(i.inv_imu_switch_off_mclk)
    inv_imu_switch_on_mclk                   0x0801b049   Thumb Code   192  inv_imu_transport.o(i.inv_imu_switch_on_mclk)
    inv_imu_write_reg                        0x0801b111   Thumb Code    94  inv_imu_transport.o(i.inv_imu_write_reg)
    jpeg_data_process                        0x0801b171   Thumb Code    88  ov2640.o(i.jpeg_data_process)
    main                                     0x0801b1d9   Thumb Code   124  main.o(i.main)
    md5_sign                                 0x0801b34d   Thumb Code    40  md5_fun.o(i.md5_sign)
    my_mem_init                              0x0801bcdd   Thumb Code    54  malloc.o(i.my_mem_init)
    myfree                                   0x0801be09   Thumb Code    30  malloc.o(i.myfree)
    mymalloc                                 0x0801be2d   Thumb Code    34  malloc.o(i.mymalloc)
    mymemset                                 0x0801be55   Thumb Code    20  malloc.o(i.mymemset)
    pmu_backup_write_enable                  0x0801c591   Thumb Code    14  gd32f4xx_pmu.o(i.pmu_backup_write_enable)
    readChar                                 0x0801d1a5   Thumb Code    14  mqttpacket.o(i.readChar)
    readInt                                  0x0801d1b3   Thumb Code    26  mqttpacket.o(i.readInt)
    readMQTTLenString                        0x0801d1cd   Thumb Code    58  mqttpacket.o(i.readMQTTLenString)
    sqrt                                     0x0801d41f   Thumb Code   110  sqrt.o(i.sqrt)
    systick_config                           0x0801d591   Thumb Code    74  systick.o(i.systick_config)
    to_hex                                   0x0801d5e1   Thumb Code    46  systick.o(i.to_hex)
    u1_printf                                0x0801d615   Thumb Code    72  usart.o(i.u1_printf)
    usart1_init                              0x0801d685   Thumb Code   196  usart.o(i.usart1_init)
    usart2_init                              0x0801d759   Thumb Code   164  usart.o(i.usart2_init)
    writeCString                             0x0801d805   Thumb Code    40  mqttpacket.o(i.writeCString)
    writeChar                                0x0801d82d   Thumb Code    12  mqttpacket.o(i.writeChar)
    writeInt                                 0x0801d839   Thumb Code    48  mqttpacket.o(i.writeInt)
    writeMQTTString                          0x0801d869   Thumb Code    62  mqttpacket.o(i.writeMQTTString)
    hex_table                                0x0801d964   Data          16  systick.o(.constdata)
    ov2640_sxga_init_reg_tbl                 0x0801d974   Data         356  ov2640.o(.constdata)
    ov2640_svga_init_reg_tbl                 0x0801dad8   Data         354  ov2640.o(.constdata)
    ov2640_jpeg_reg_tbl                      0x0801dc3a   Data          14  ov2640.o(.constdata)
    ov2640_rgb565_reg_tbl                    0x0801dc48   Data          28  ov2640.o(.constdata)
    ov2640_yuv422_reg_tbl                    0x0801dc64   Data          16  ov2640.o(.constdata)
    memtblsize                               0x0801dc9c   Data          12  malloc.o(.constdata)
    memblksize                               0x0801dca8   Data          12  malloc.o(.constdata)
    memsize                                  0x0801dcb4   Data          12  malloc.o(.constdata)
    __mathlib_zero                           0x0801dd88   Data           8  qnan.o(.constdata)
    __ctype_table                            0x0801dd90   Data         129  ctype_o.o(.constdata)
    Region$$Table$$Base                      0x0801e118   Number         0  anon$$obj.o(Region$$Table)
    Region$$Table$$Limit                     0x0801e138   Number         0  anon$$obj.o(Region$$Table)
    mem3base                                 0x10000000   Data       61440  malloc.o(.ARM.__AT_0x10000000)
    mem3mapbase                              0x1000f000   Data        3840  malloc.o(.ARM.__AT_0x1000F000)
    SystemCoreClock                          0x20000000   Data           4  system_gd32f4xx.o(.data)
    g_appConf                                0x2000001c   Data           4  program.o(.data)
    g_appConfJson                            0x20000020   Data           4  program.o(.data)
    ProgramFlag                              0x20000024   Data           1  program.o(.data)
    g_programTim                             0x20000028   Data           4  program.o(.data)
    g_timestamp                              0x2000002c   Data           1  program.o(.data)
    pwd                                      0x20000030   Data           4  program.o(.data)
    g_httpContent                            0x20000034   Data           4  program.o(.data)
    g_contLen                                0x20000038   Data           4  program.o(.data)
    g_timFlag                                0x20000044   Data           1  timer.o(.data)
    __stdout                                 0x2000004c   Data           4  usart.o(.data)
    USART2_RX_STA                            0x20000050   Data           2  usart.o(.data)
    USART1_RX_BUF                            0x20000054   Data           4  usart.o(.data)
    USART1_RX_STA                            0x20000058   Data           2  usart.o(.data)
    g_usart1Cnt                              0x2000005c   Data           4  usart.o(.data)
    g_usart1RevTimCnt                        0x20000060   Data           1  usart.o(.data)
    g_usart1RevFlag                          0x20000061   Data           1  usart.o(.data)
    g_usart1RevFinish                        0x20000062   Data           1  usart.o(.data)
    g_mqttReadLen                            0x20000064   Data           2  usart.o(.data)
    ov_frame                                 0x20000068   Data           1  dcmi.o(.data)
    dcmi_rx_callback                         0x2000006c   Data           4  dcmi.o(.data)
    jpeg_data_len                            0x20000070   Data           4  ov2640.o(.data)
    jpeg_data_ok                             0x20000074   Data           1  ov2640.o(.data)
    jpeg_data_buf                            0x20000078   Data           4  ov2640.o(.data)
    ov2640_mode                              0x2000007c   Data           1  ov2640.o(.data)
    HttpReqFlag                              0x20000080   Data           1  http_app.o(.data)
    g_nHttpReq                               0x20000081   Data           1  http_app.o(.data)
    g_sHttpCmdSta                            0x20000082   Data           5  http_app.o(.data)
    g_httpReturnTim                          0x20000088   Data           2  http_app.o(.data)
    g_httpResposeBuf                         0x20000090   Data           4  http_app.o(.data)
    g_braCode                                0x20000098   Data           4  http_app.o(.data)
    g_chipId                                 0x2000009c   Data           4  http_app.o(.data)
    g_cookie                                 0x200000a0   Data           4  http_app.o(.data)
    g_md5                                    0x200000a4   Data           4  http_app.o(.data)
    data                                     0x200000a8   Data          88  mqtt_app.o(.data)
    g_mqttHeartbeatNum                       0x20000100   Data           2  mqtt_app.o(.data)
    g_mqttConnTim                            0x20000104   Data           4  mqtt_app.o(.data)
    g_mqttHeartTim                           0x20000108   Data           4  mqtt_app.o(.data)
    g_mqttPublishFlag                        0x2000010c   Data           1  mqtt_app.o(.data)
    g_mqttInitUp                             0x2000010d   Data           1  mqtt_app.o(.data)
    g_barCode                                0x20000110   Data           4  mqtt_app.o(.data)
    payloadlen                               0x20000114   Data           4  mqtt_app.o(.data)
    g_qos                                    0x20000118   Data           4  mqtt_app.o(.data)
    MqttSubscrTopFlag1                       0x2000011c   Data           1  mqtt_app.o(.data)
    MqttSubscrTopFlag2                       0x2000011d   Data           1  mqtt_app.o(.data)
    MqttSubscrTopFlag3                       0x2000011e   Data           1  mqtt_app.o(.data)
    g_publishBufLen                          0x20000120   Data           2  mqtt_app.o(.data)
    g_sPublishBuf                            0x20000124   Data           4  mqtt_app.o(.data)
    revicebuf                                0x20000128   Data           4  mqtt_app.o(.data)
    g_rPublishbuf                            0x2000012c   Data           4  mqtt_app.o(.data)
    g_msgType                                0x20000130   Data           1  mqtt_app.o(.data)
    g_mqttRes                                0x20000134   Data           4  mqtt_app.o(.data)
    g_httpRes                                0x20000138   Data           4  mqtt_app.o(.data)
    g_mqttSendPublish                        0x2000013c   Data           4  mqtt_app.o(.data)
    g_hm609aMqttWaitTim                      0x2000015c   Data           2  hm609a.o(.data)
    g_hm609aHttpWaitTim                      0x2000015e   Data           2  hm609a.o(.data)
    g_hm609aHttp                             0x20000160   Data           2  hm609a.o(.data)
    g_hm609aFlag                             0x20000162   Data           1  hm609a.o(.data)
    g_netData                                0x20000164   Data           4  hm609a.o(.data)
    NVIC_InitStructure                       0x2000019d   Data           4  rtc.o(.data)
    temp_degc                                0x200001c8   Data           4  icm42670.o(.data)
    mallco_dev                               0x200001cc   Data          36  malloc.o(.data)
    g_sDeviceSta                             0x200001f0   Data           4  json_parse.o(.data)
    g_sPhotoInfo                             0x200001f4   Data           4  json_parse.o(.data)
    g_sDelySta                               0x200001f8   Data           8  json_parse.o(.data)
    mcuID                                    0x20000254   Data          48  systick.o(.bss)
    mcuIdHex                                 0x20000284   Data          30  program.o(.bss)
    USART2_RX_BUF                            0x200002a8   Data          10  usart.o(.bss)
    USART1_TX_BUF                            0x200002b8   Data         200  usart.o(.bss)
    photo_param                              0x20000380   Data          60  ov2640.o(.bss)
    g_publictTopic                           0x200003bc   Data          50  mqtt_app.o(.bss)
    g_hm609aTim                              0x200003f0   Data          28  hm609a.o(.bss)
    g_sDeviceConf                            0x2000042c   Data          56  json_parse.o(.bss)
    g_sDelyInfo                              0x20000464   Data          11  json_parse.o(.bss)
    g_appUpgrade                             0x2000046f   Data          50  json_parse.o(.bss)
    mem1base                                 0x20001000   Data       163840  malloc.o(.ARM.__AT_0x20001000)
    mem1mapbase                              0x20029000   Data        5120  malloc.o(.ARM.__AT_0x20029000)
    accel_g                                  0x2002b458   Data          12  icm42670.o(.bss)
    gyro_dps                                 0x2002b464   Data          12  icm42670.o(.bss)
    __initial_sp                             0x2002c470   Data           0  startup_gd32f407_427.o(STACK)
    mem2base                                 0x68000000   Data       983040  malloc.o(.ARM.__AT_0x68000000)
    mem2mapbase                              0x680f0000   Data       61440  malloc.o(.ARM.__AT_0x680F0000)



==============================================================================

Memory Map of the image

  Image Entry point : 0x08010189

  Load Region LR_IROM1 (Base: 0x08010000, Size: 0x0000e38c, Max: 0x00100000, ABSOLUTE, COMPRESSED[0x0000e1bc])

    Execution Region ER_IROM1 (Exec base: 0x08010000, Load base: 0x08010000, Size: 0x0000e138, Max: 0x00100000, ABSOLUTE)

    Exec Addr    Load Addr    Size         Type   Attr      Idx    E Section Name        Object

    0x08010000   0x08010000   0x00000188   Data   RO          115    RESET               startup_gd32f407_427.o
    0x08010188   0x08010188   0x00000000   Code   RO         6364  * .ARM.Collect$$$$00000000  mc_w.l(entry.o)
    0x08010188   0x08010188   0x00000004   Code   RO         6717    .ARM.Collect$$$$00000001  mc_w.l(entry2.o)
    0x0801018c   0x0801018c   0x00000004   Code   RO         6720    .ARM.Collect$$$$00000004  mc_w.l(entry5.o)
    0x08010190   0x08010190   0x00000000   Code   RO         6722    .ARM.Collect$$$$00000008  mc_w.l(entry7b.o)
    0x08010190   0x08010190   0x00000000   Code   RO         6724    .ARM.Collect$$$$0000000A  mc_w.l(entry8b.o)
    0x08010190   0x08010190   0x00000008   Code   RO         6725    .ARM.Collect$$$$0000000B  mc_w.l(entry9a.o)
    0x08010198   0x08010198   0x00000000   Code   RO         6727    .ARM.Collect$$$$0000000D  mc_w.l(entry10a.o)
    0x08010198   0x08010198   0x00000000   Code   RO         6729    .ARM.Collect$$$$0000000F  mc_w.l(entry11a.o)
    0x08010198   0x08010198   0x00000004   Code   RO         6718    .ARM.Collect$$$$00002712  mc_w.l(entry2.o)
    0x0801019c   0x0801019c   0x00000024   Code   RO          116    .text               startup_gd32f407_427.o
    0x080101c0   0x080101c0   0x0000000c   Code   RO         6367    .text               mc_w.l(tolower.o)
    0x080101cc   0x080101cc   0x00000024   Code   RO         6369    .text               mc_w.l(memcpya.o)
    0x080101f0   0x080101f0   0x00000024   Code   RO         6371    .text               mc_w.l(memseta.o)
    0x08010214   0x08010214   0x00000018   Code   RO         6373    .text               mc_w.l(strcat.o)
    0x0801022c   0x0801022c   0x00000024   Code   RO         6375    .text               mc_w.l(strstr.o)
    0x08010250   0x08010250   0x00000014   Code   RO         6377    .text               mc_w.l(strchr.o)
    0x08010264   0x08010264   0x0000000e   Code   RO         6379    .text               mc_w.l(strlen.o)
    0x08010272   0x08010272   0x00000012   Code   RO         6381    .text               mc_w.l(strcpy.o)
    0x08010284   0x08010284   0x0000001e   Code   RO         6383    .text               mc_w.l(strncmp.o)
    0x080102a2   0x080102a2   0x0000001a   Code   RO         6648    .text               mc_w.l(atoi.o)
    0x080102bc   0x080102bc   0x0000014e   Code   RO         6650    .text               mf_w.l(dadd.o)
    0x0801040a   0x0801040a   0x000000e4   Code   RO         6652    .text               mf_w.l(dmul.o)
    0x080104ee   0x080104ee   0x000000de   Code   RO         6654    .text               mf_w.l(ddiv.o)
    0x080105cc   0x080105cc   0x00000022   Code   RO         6656    .text               mf_w.l(dflti.o)
    0x080105ee   0x080105ee   0x0000001a   Code   RO         6658    .text               mf_w.l(dfltui.o)
    0x08010608   0x08010608   0x0000003e   Code   RO         6660    .text               mf_w.l(dfixi.o)
    0x08010646   0x08010646   0x00000032   Code   RO         6662    .text               mf_w.l(dfixui.o)
    0x08010678   0x08010678   0x00000026   Code   RO         6664    .text               mf_w.l(f2d.o)
    0x0801069e   0x0801069e   0x00000002   PAD
    0x080106a0   0x080106a0   0x00000030   Code   RO         6666    .text               mf_w.l(cdcmple.o)
    0x080106d0   0x080106d0   0x00000030   Code   RO         6668    .text               mf_w.l(cdrcmple.o)
    0x08010700   0x08010700   0x00000038   Code   RO         6670    .text               mf_w.l(d2f.o)
    0x08010738   0x08010738   0x0000002c   Code   RO         6731    .text               mc_w.l(uidiv.o)
    0x08010764   0x08010764   0x00000062   Code   RO         6733    .text               mc_w.l(uldiv.o)
    0x080107c6   0x080107c6   0x0000001e   Code   RO         6735    .text               mc_w.l(llshl.o)
    0x080107e4   0x080107e4   0x00000020   Code   RO         6737    .text               mc_w.l(llushr.o)
    0x08010804   0x08010804   0x00000024   Code   RO         6739    .text               mc_w.l(llsshr.o)
    0x08010828   0x08010828   0x00000070   Code   RO         6748    .text               mc_w.l(strtol.o)
    0x08010898   0x08010898   0x00000000   Code   RO         6750    .text               mc_w.l(iusefp.o)
    0x08010898   0x08010898   0x0000006e   Code   RO         6751    .text               mf_w.l(fepilogue.o)
    0x08010906   0x08010906   0x000000ba   Code   RO         6753    .text               mf_w.l(depilogue.o)
    0x080109c0   0x080109c0   0x0000002e   Code   RO         6757    .text               mf_w.l(dscalb.o)
    0x080109ee   0x080109ee   0x00000030   Code   RO         6759    .text               mf_w.l(dfixul.o)
    0x08010a1e   0x08010a1e   0x00000002   PAD
    0x08010a20   0x08010a20   0x00000024   Code   RO         6761    .text               mc_w.l(init.o)
    0x08010a44   0x08010a44   0x00000008   Code   RO         6763    .text               mc_w.l(ctype_o.o)
    0x08010a4c   0x08010a4c   0x0000009e   Code   RO         6791    .text               mc_w.l(_strtoul.o)
    0x08010aea   0x08010aea   0x000000a2   Code   RO         6793    .text               mf_w.l(dsqrt.o)
    0x08010b8c   0x08010b8c   0x0000001c   Code   RO         6795    .text               mc_w.l(_chval.o)
    0x08010ba8   0x08010ba8   0x00000056   Code   RO         6805    .text               mc_w.l(__dczerorl2.o)
    0x08010bfe   0x08010bfe   0x00000016   Code   RO         1499    i.ADC_Cmd           gd32f4xx_adc.o
    0x08010c14   0x08010c14   0x00000030   Code   RO         1500    i.ADC_CommonInit    gd32f4xx_adc.o
    0x08010c44   0x08010c44   0x00000008   Code   RO         1511    i.ADC_GetConversionValue  gd32f4xx_adc.o
    0x08010c4c   0x08010c4c   0x00000012   Code   RO         1512    i.ADC_GetFlagStatus  gd32f4xx_adc.o
    0x08010c5e   0x08010c5e   0x00000002   PAD
    0x08010c60   0x08010c60   0x00000054   Code   RO         1519    i.ADC_Init          gd32f4xx_adc.o
    0x08010cb4   0x08010cb4   0x000000b8   Code   RO         1524    i.ADC_RegularChannelConfig  gd32f4xx_adc.o
    0x08010d6c   0x08010d6c   0x0000000a   Code   RO         1526    i.ADC_SoftwareStartConv  gd32f4xx_adc.o
    0x08010d76   0x08010d76   0x00000002   PAD
    0x08010d78   0x08010d78   0x00000290   Code   RO         4920    i.AppConfJsonParse  json_parse.o
    0x08011008   0x08011008   0x00000064   Code   RO         4921    i.AppConfUploadJsonPackage  json_parse.o
    0x0801106c   0x0801106c   0x000000a8   Code   RO         4922    i.AppConf_Init      json_parse.o
    0x08011114   0x08011114   0x0000001c   Code   RO         3474    i.AppConf_Set       program.o
    0x08011130   0x08011130   0x00000004   Code   RO         3141    i.BusFault_Handler  gd32f4xx_it.o
    0x08011134   0x08011134   0x00000024   Code   RO         3367    i.CpuIDGetId        systick.o
    0x08011158   0x08011158   0x00000028   Code   RO         1737    i.DAC_Cmd           gd32f4xx_dac.o
    0x08011180   0x08011180   0x00000034   Code   RO         1745    i.DAC_Init          gd32f4xx_dac.o
    0x080111b4   0x080111b4   0x00000020   Code   RO         1746    i.DAC_SetChannel1Data  gd32f4xx_dac.o
    0x080111d4   0x080111d4   0x0000003c   Code   RO         3824    i.DCI_IRQHandler    dcmi.o
    0x08011210   0x08011210   0x00000024   Code   RO         1853    i.DCMI_CaptureCmd   gd32f4xx_dcmi.o
    0x08011234   0x08011234   0x0000000c   Code   RO         1855    i.DCMI_ClearITPendingBit  gd32f4xx_dcmi.o
    0x08011240   0x08011240   0x00000024   Code   RO         1856    i.DCMI_Cmd          gd32f4xx_dcmi.o
    0x08011264   0x08011264   0x000000b4   Code   RO         3826    i.DCMI_DMA_Init     dcmi.o
    0x08011318   0x08011318   0x0000001c   Code   RO         1857    i.DCMI_DeInit       gd32f4xx_dcmi.o
    0x08011334   0x08011334   0x0000001c   Code   RO         1859    i.DCMI_GetITStatus  gd32f4xx_dcmi.o
    0x08011350   0x08011350   0x00000024   Code   RO         1860    i.DCMI_ITConfig     gd32f4xx_dcmi.o
    0x08011374   0x08011374   0x00000040   Code   RO         1861    i.DCMI_Init         gd32f4xx_dcmi.o
    0x080113b4   0x080113b4   0x00000018   Code   RO         3828    i.DCMI_Start        dcmi.o
    0x080113cc   0x080113cc   0x00000016   Code   RO         2345    i.DMA_Cmd           gd32f4xx_dma.o
    0x080113e2   0x080113e2   0x00000002   PAD
    0x080113e4   0x080113e4   0x00000148   Code   RO         2346    i.DMA_DeInit        gd32f4xx_dma.o
    0x0801152c   0x0801152c   0x00000016   Code   RO         2347    i.DMA_DoubleBufferModeCmd  gd32f4xx_dma.o
    0x08011542   0x08011542   0x00000014   Code   RO         2350    i.DMA_GetCmdStatus  gd32f4xx_dma.o
    0x08011556   0x08011556   0x00000008   Code   RO         2351    i.DMA_GetCurrDataCounter  gd32f4xx_dma.o
    0x0801155e   0x0801155e   0x0000003a   Code   RO         2356    i.DMA_ITConfig      gd32f4xx_dma.o
    0x08011598   0x08011598   0x00000058   Code   RO         2357    i.DMA_Init          gd32f4xx_dma.o
    0x080115f0   0x080115f0   0x0000000a   Code   RO         2358    i.DMA_MemoryTargetConfig  gd32f4xx_dma.o
    0x080115fa   0x080115fa   0x00000004   Code   RO         2360    i.DMA_SetCurrDataCounter  gd32f4xx_dma.o
    0x080115fe   0x080115fe   0x00000002   PAD
    0x08011600   0x08011600   0x00000058   Code   RO         3780    i.Dac1_Init         dac.o
    0x08011658   0x08011658   0x00000002   Code   RO         3142    i.DebugMon_Handler  gd32f4xx_it.o
    0x0801165a   0x0801165a   0x00000002   PAD
    0x0801165c   0x0801165c   0x000000c8   Code   RO         4924    i.DelyJsonParse     json_parse.o
    0x08011724   0x08011724   0x0000004c   Code   RO         4925    i.DelyStatusJsonPackage  json_parse.o
    0x08011770   0x08011770   0x000000d0   Code   RO         4926    i.DeviceStatusJsonPackage  json_parse.o
    0x08011840   0x08011840   0x00000160   Code   RO         3475    i.Device_Program    program.o
    0x080119a0   0x080119a0   0x0000000c   Code   RO         3080    i.EXTI_ClearITPendingBit  gd32f4xx_exti.o
    0x080119ac   0x080119ac   0x00000094   Code   RO         3085    i.EXTI_Init         gd32f4xx_exti.o
    0x08011a40   0x08011a40   0x00000024   Code   RO         2826    i.FLASH_DataCacheCmd  gd32f4xx_flash.o
    0x08011a64   0x08011a64   0x00000088   Code   RO         2831    i.FLASH_EraseSector  gd32f4xx_flash.o
    0x08011aec   0x08011aec   0x00000054   Code   RO         2833    i.FLASH_GetStatus   gd32f4xx_flash.o
    0x08011b40   0x08011b40   0x00000014   Code   RO         2837    i.FLASH_Lock        gd32f4xx_flash.o
    0x08011b54   0x08011b54   0x00000050   Code   RO         2861    i.FLASH_ProgramWord  gd32f4xx_flash.o
    0x08011ba4   0x08011ba4   0x00000024   Code   RO         2863    i.FLASH_Unlock      gd32f4xx_flash.o
    0x08011bc8   0x08011bc8   0x00000022   Code   RO         2864    i.FLASH_WaitForLastOperation  gd32f4xx_flash.o
    0x08011bea   0x08011bea   0x00000002   PAD
    0x08011bec   0x08011bec   0x000000a0   Code   RO         4515    i.GDFLASH_GetFlashSector  gdflash.o
    0x08011c8c   0x08011c8c   0x00000020   Code   RO         4516    i.GDFLASH_Read      gdflash.o
    0x08011cac   0x08011cac   0x00000006   Code   RO         4517    i.GDFLASH_ReadWord  gdflash.o
    0x08011cb2   0x08011cb2   0x00000002   PAD
    0x08011cb4   0x08011cb4   0x00000098   Code   RO         4518    i.GDFLASH_Write     gdflash.o
    0x08011d4c   0x08011d4c   0x00000090   Code   RO          461    i.GPIO_Init         gd32f4xx_gpio.o
    0x08011ddc   0x08011ddc   0x00000046   Code   RO          462    i.GPIO_PinAFConfig  gd32f4xx_gpio.o
    0x08011e22   0x08011e22   0x00000012   Code   RO          465    i.GPIO_ReadInputDataBit  gd32f4xx_gpio.o
    0x08011e34   0x08011e34   0x00000004   Code   RO          468    i.GPIO_ResetBits    gd32f4xx_gpio.o
    0x08011e38   0x08011e38   0x00000004   Code   RO          469    i.GPIO_SetBits      gd32f4xx_gpio.o
    0x08011e3c   0x08011e3c   0x00000090   Code   RO         4422    i.GetConnStatus     hm609a.o
    0x08011ecc   0x08011ecc   0x00000280   Code   RO         3476    i.GetDeviceStatus   program.o
    0x0801214c   0x0801214c   0x00000030   Code   RO         4351    i.Get_Adc           adc.o
    0x0801217c   0x0801217c   0x00000074   Code   RO         4353    i.Get_InVolt_Adc_Val  adc.o
    0x080121f0   0x080121f0   0x00000128   Code   RO         4355    i.Get_TempSensor_Adc_Val  adc.o
    0x08012318   0x08012318   0x00000408   Code   RO         4423    i.HM609A_Config     hm609a.o
    0x08012720   0x08012720   0x000001dc   Code   RO         4424    i.HM609A_Connect    hm609a.o
    0x080128fc   0x080128fc   0x00000148   Code   RO         4425    i.HM609A_Http_Request  hm609a.o
    0x08012a44   0x08012a44   0x000000d4   Code   RO         4426    i.HM609A_Init       hm609a.o
    0x08012b18   0x08012b18   0x00000190   Code   RO         4146    i.HM609A_Mqtt_Program  mqtt_app.o
    0x08012ca8   0x08012ca8   0x00000064   Code   RO         4427    i.HM609A_Restart    hm609a.o
    0x08012d0c   0x08012d0c   0x00000064   Code   RO         4428    i.HM609A_Restart_Program  hm609a.o
    0x08012d70   0x08012d70   0x000000f8   Code   RO         4429    i.HM609A_Send_Data  hm609a.o
    0x08012e68   0x08012e68   0x0000007c   Code   RO         4430    i.HM609A_TIM_1ms    hm609a.o
    0x08012ee4   0x08012ee4   0x00000158   Code   RO         4431    i.HM609A_TcpHttp_Program  hm609a.o
    0x0801303c   0x0801303c   0x00000104   Code   RO         4432    i.HM609A_Tcp_Off    hm609a.o
    0x08013140   0x08013140   0x00000158   Code   RO         4433    i.HM609A_Tcp_Program  hm609a.o
    0x08013298   0x08013298   0x00000248   Code   RO         3477    i.HTTP_Data_Program  program.o
    0x080134e0   0x080134e0   0x00000030   Code   RO         4081    i.HTTP_Init         http_app.o
    0x08013510   0x08013510   0x000000a8   Code   RO         4082    i.HTTP_Recvice      http_app.o
    0x080135b8   0x080135b8   0x00000074   Code   RO         4083    i.HTTP_TIM_10ms     http_app.o
    0x0801362c   0x0801362c   0x00000004   Code   RO         3143    i.HardFault_Handler  gd32f4xx_it.o
    0x08013630   0x08013630   0x00000028   Code   RO         4084    i.Http_Get_Package  http_app.o
    0x08013658   0x08013658   0x00000190   Code   RO         4085    i.Http_Post_Head_Package  http_app.o
    0x080137e8   0x080137e8   0x000002c4   Code   RO         4087    i.Http_Send_Resquest  http_app.o
    0x08013aac   0x08013aac   0x00000020   Code   RO         4648    i.ICM_IO_Init       icm42670.o
    0x08013acc   0x08013acc   0x00000038   Code   RO         4649    i.ICM_IO_ReadData   icm42670.o
    0x08013b04   0x08013b04   0x00000038   Code   RO         4650    i.ICM_IO_WriteData  icm42670.o
    0x08013b3c   0x08013b3c   0x00000048   Code   RO         4651    i.ICM_Init          icm42670.o
    0x08013b84   0x08013b84   0x00000084   Code   RO         4652    i.ICM_Init_Configure  icm42670.o
    0x08013c08   0x08013c08   0x00000074   Code   RO         4654    i.ICM_Read_Len      icm42670.o
    0x08013c7c   0x08013c7c   0x00000060   Code   RO         4657    i.ICM_Write_Len     icm42670.o
    0x08013cdc   0x08013cdc   0x00000050   Code   RO         4254    i.IIC_Ack           myiic.o
    0x08013d2c   0x08013d2c   0x00000048   Code   RO         4255    i.IIC_Init          myiic.o
    0x08013d74   0x08013d74   0x00000050   Code   RO         4256    i.IIC_NAck          myiic.o
    0x08013dc4   0x08013dc4   0x0000006c   Code   RO         4257    i.IIC_Read_Byte     myiic.o
    0x08013e30   0x08013e30   0x00000068   Code   RO         4258    i.IIC_Send_Byte     myiic.o
    0x08013e98   0x08013e98   0x0000004c   Code   RO         4259    i.IIC_Start         myiic.o
    0x08013ee4   0x08013ee4   0x0000004c   Code   RO         4260    i.IIC_Stop          myiic.o
    0x08013f30   0x08013f30   0x00000060   Code   RO         4261    i.IIC_Wait_Ack      myiic.o
    0x08013f90   0x08013f90   0x00000084   Code   RO         4356    i.InVolt_Adc_Init   adc.o
    0x08014014   0x08014014   0x0000003c   Code   RO         3566    i.LED_Init          led.o
    0x08014050   0x08014050   0x00000040   Code   RO         3567    i.LED_PWM_Init      led.o
    0x08014090   0x08014090   0x00000058   Code   RO         4927    i.LockJsonParse     json_parse.o
    0x080140e8   0x080140e8   0x00000076   Code   RO         5630    i.MQTTDeserialize_connack  mqttconnectclient.o
    0x0801415e   0x0801415e   0x000000a8   Code   RO         5673    i.MQTTDeserialize_publish  mqttdeserializepublish.o
    0x08014206   0x08014206   0x00000092   Code   RO         5905    i.MQTTDeserialize_suback  mqttsubscribeclient.o
    0x08014298   0x08014298   0x00000058   Code   RO         5748    i.MQTTPacket_decode  mqttpacket.o
    0x080142f0   0x080142f0   0x0000001c   Code   RO         5749    i.MQTTPacket_decodeBuf  mqttpacket.o
    0x0801430c   0x0801430c   0x00000036   Code   RO         5751    i.MQTTPacket_encode  mqttpacket.o
    0x08014342   0x08014342   0x00000002   PAD
    0x08014344   0x08014344   0x00000028   Code   RO         5753    i.MQTTPacket_len    mqttpacket.o
    0x0801436c   0x0801436c   0x00000168   Code   RO         5631    i.MQTTSerialize_connect  mqttconnectclient.o
    0x080144d4   0x080144d4   0x00000076   Code   RO         5632    i.MQTTSerialize_connectLength  mqttconnectclient.o
    0x0801454a   0x0801454a   0x00000012   Code   RO         5634    i.MQTTSerialize_pingreq  mqttconnectclient.o
    0x0801455c   0x0801455c   0x000000b0   Code   RO         5866    i.MQTTSerialize_publish  mqttserializepublish.o
    0x0801460c   0x0801460c   0x00000022   Code   RO         5867    i.MQTTSerialize_publishLength  mqttserializepublish.o
    0x0801462e   0x0801462e   0x000000b0   Code   RO         5906    i.MQTTSerialize_subscribe  mqttsubscribeclient.o
    0x080146de   0x080146de   0x0000002e   Code   RO         5907    i.MQTTSerialize_subscribeLength  mqttsubscribeclient.o
    0x0801470c   0x0801470c   0x0000004c   Code   RO         5635    i.MQTTSerialize_zero  mqttconnectclient.o
    0x08014758   0x08014758   0x00000440   Code   RO         3478    i.MQTT_Data_Program  program.o
    0x08014b98   0x08014b98   0x0000017c   Code   RO         4147    i.MQTT_HeartBeat    mqtt_app.o
    0x08014d14   0x08014d14   0x00000070   Code   RO         4148    i.MQTT_Init         mqtt_app.o
    0x08014d84   0x08014d84   0x00000310   Code   RO         4149    i.MQTT_Package_Publish_Json  mqtt_app.o
    0x08015094   0x08015094   0x00000118   Code   RO         4150    i.MQTT_Publish      mqtt_app.o
    0x080151ac   0x080151ac   0x000000ac   Code   RO         4152    i.MQTT_Recvice      mqtt_app.o
    0x08015258   0x08015258   0x00000144   Code   RO         4153    i.MQTT_Subscribe    mqtt_app.o
    0x0801539c   0x0801539c   0x000000c0   Code   RO         4154    i.MQTT_TIM_10ms     mqtt_app.o
    0x0801545c   0x0801545c   0x00000018   Code   RO         5756    i.MQTTstrlen        mqttpacket.o
    0x08015474   0x08015474   0x00000004   Code   RO         3144    i.MemManage_Handler  gd32f4xx_it.o
    0x08015478   0x08015478   0x00000058   Code   RO         4155    i.Mqtt_Connack_Deserialize  mqtt_app.o
    0x080154d0   0x080154d0   0x00000140   Code   RO         4156    i.Mqtt_Connect      mqtt_app.o
    0x08015610   0x08015610   0x00000014   Code   RO         4157    i.Mqtt_Pingresp_Deserialize  mqtt_app.o
    0x08015624   0x08015624   0x00000028   Code   RO         4158    i.Mqtt_Puback_Deserialize  mqtt_app.o
    0x0801564c   0x0801564c   0x00000244   Code   RO         4159    i.Mqtt_Publish_Deserialize  mqtt_app.o
    0x08015890   0x08015890   0x00000048   Code   RO         4160    i.Mqtt_Suback_Deserialize  mqtt_app.o
    0x080158d8   0x080158d8   0x00000160   Code   RO         3831    i.MyDCMI_Init       dcmi.o
    0x08015a38   0x08015a38   0x00000088   Code   RO         4553    i.My_RTC_Init       rtc.o
    0x08015ac0   0x08015ac0   0x00000002   Code   RO         3145    i.NMI_Handler       gd32f4xx_it.o
    0x08015ac2   0x08015ac2   0x00000002   PAD
    0x08015ac4   0x08015ac4   0x00000078   Code   RO         1261    i.NVIC_Init         misc.o
    0x08015b3c   0x08015b3c   0x00000014   Code   RO         1262    i.NVIC_PriorityGroupConfig  misc.o
    0x08015b50   0x08015b50   0x00000028   Code   RO         3368    i.NVIC_SetPriority  systick.o
    0x08015b78   0x08015b78   0x00000014   Code   RO         1263    i.NVIC_SetVectorTable  misc.o
    0x08015b8c   0x08015b8c   0x0000002c   Code   RO         3892    i.OV2640_Auto_Exposure  ov2640.o
    0x08015bb8   0x08015bb8   0x00000038   Code   RO         3893    i.OV2640_Brightness  ov2640.o
    0x08015bf0   0x08015bf0   0x000000bc   Code   RO         3898    i.OV2640_ImageWin_Set  ov2640.o
    0x08015cac   0x08015cac   0x00000160   Code   RO         3899    i.OV2640_Init       ov2640.o
    0x08015e0c   0x08015e0c   0x0000007c   Code   RO         3900    i.OV2640_JPEG_Mode  ov2640.o
    0x08015e88   0x08015e88   0x00000130   Code   RO         3901    i.OV2640_Jpg_Photo  ov2640.o
    0x08015fb8   0x08015fb8   0x00000088   Code   RO         3903    i.OV2640_OutSize_Set  ov2640.o
    0x08016040   0x08016040   0x00000040   Code   RO         3904    i.OV2640_PWR_Init   ov2640.o
    0x08016080   0x08016080   0x00000070   Code   RO         4619    i.OutDirveInit      mos_sw.o
    0x080160f0   0x080160f0   0x00000002   Code   RO         3146    i.PendSV_Handler    gd32f4xx_it.o
    0x080160f2   0x080160f2   0x00000002   PAD
    0x080160f4   0x080160f4   0x000002c0   Code   RO         4928    i.PhotoJsonParse    json_parse.o
    0x080163b4   0x080163b4   0x00000040   Code   RO         3479    i.Program_Flag_Init  program.o
    0x080163f4   0x080163f4   0x000001f0   Code   RO         3480    i.Program_Init      program.o
    0x080165e4   0x080165e4   0x0000004c   Code   RO         3481    i.Program_TIM_100ms  program.o
    0x08016630   0x08016630   0x00000020   Code   RO          122    i.RCU_AHB1PeriphClockCmd  gd32f4xx_rcu.o
    0x08016650   0x08016650   0x00000020   Code   RO          125    i.RCU_AHB2PeriphClockCmd  gd32f4xx_rcu.o
    0x08016670   0x08016670   0x00000020   Code   RO          131    i.RCU_APB1PeriphClockCmd  gd32f4xx_rcu.o
    0x08016690   0x08016690   0x00000020   Code   RO          133    i.RCU_APB1PeriphResetCmd  gd32f4xx_rcu.o
    0x080166b0   0x080166b0   0x00000020   Code   RO          134    i.RCU_APB2PeriphClockCmd  gd32f4xx_rcu.o
    0x080166d0   0x080166d0   0x00000020   Code   RO          136    i.RCU_APB2PeriphResetCmd  gd32f4xx_rcu.o
    0x080166f0   0x080166f0   0x000000e8   Code   RO          143    i.RCU_GetClocksFreq  gd32f4xx_rcu.o
    0x080167d8   0x080167d8   0x00000040   Code   RO          144    i.RCU_GetFlagStatus  gd32f4xx_rcu.o
    0x08016818   0x08016818   0x0000002c   Code   RO          152    i.RCU_LSEConfig     gd32f4xx_rcu.o
    0x08016844   0x08016844   0x0000000c   Code   RO          166    i.RCU_RTCCLKCmd     gd32f4xx_rcu.o
    0x08016850   0x08016850   0x0000003c   Code   RO          167    i.RCU_RTCCLKConfig  gd32f4xx_rcu.o
    0x0801688c   0x0801688c   0x00000030   Code   RO         4554    i.RTC_Alarm_IRQHandler  rtc.o
    0x080168bc   0x080168bc   0x00000016   Code   RO         2474    i.RTC_Bcd2ToByte    gd32f4xx_rtc.o
    0x080168d2   0x080168d2   0x0000001c   Code   RO         2476    i.RTC_ByteToBcd2    gd32f4xx_rtc.o
    0x080168ee   0x080168ee   0x00000002   PAD
    0x080168f0   0x080168f0   0x0000001c   Code   RO         2479    i.RTC_ClearFlag     gd32f4xx_rtc.o
    0x0801690c   0x0801690c   0x00000020   Code   RO         2480    i.RTC_ClearITPendingBit  gd32f4xx_rtc.o
    0x0801692c   0x0801692c   0x00000050   Code   RO         2486    i.RTC_EnterInitMode  gd32f4xx_rtc.o
    0x0801697c   0x0801697c   0x00000014   Code   RO         2487    i.RTC_ExitInitMode  gd32f4xx_rtc.o
    0x08016990   0x08016990   0x0000004c   Code   RO         2490    i.RTC_GetDate       gd32f4xx_rtc.o
    0x080169dc   0x080169dc   0x00000028   Code   RO         2491    i.RTC_GetFlagStatus  gd32f4xx_rtc.o
    0x08016a04   0x08016a04   0x00000050   Code   RO         2495    i.RTC_GetTime       gd32f4xx_rtc.o
    0x08016a54   0x08016a54   0x00000084   Code   RO         4555    i.RTC_Get_Timestamp  rtc.o
    0x08016ad8   0x08016ad8   0x00000064   Code   RO         2499    i.RTC_ITConfig      gd32f4xx_rtc.o
    0x08016b3c   0x08016b3c   0x00000064   Code   RO         2500    i.RTC_Init          gd32f4xx_rtc.o
    0x08016ba0   0x08016ba0   0x00000020   Code   RO         2503    i.RTC_ReadBackupRegister  gd32f4xx_rtc.o
    0x08016bc0   0x08016bc0   0x000000c8   Code   RO         2506    i.RTC_SetDate       gd32f4xx_rtc.o
    0x08016c88   0x08016c88   0x000000d0   Code   RO         2507    i.RTC_SetTime       gd32f4xx_rtc.o
    0x08016d58   0x08016d58   0x0000001c   Code   RO         2508    i.RTC_SetWakeUpCounter  gd32f4xx_rtc.o
    0x08016d74   0x08016d74   0x00000024   Code   RO         4557    i.RTC_Set_Date      rtc.o
    0x08016d98   0x08016d98   0x00000024   Code   RO         4558    i.RTC_Set_Time      rtc.o
    0x08016dbc   0x08016dbc   0x00000070   Code   RO         4559    i.RTC_Set_WakeUp    rtc.o
    0x08016e2c   0x08016e2c   0x0000001e   Code   RO         4560    i.RTC_WKUP_IRQHandler  rtc.o
    0x08016e4a   0x08016e4a   0x00000002   PAD
    0x08016e4c   0x08016e4c   0x00000060   Code   RO         2523    i.RTC_WaitForSynchro  gd32f4xx_rtc.o
    0x08016eac   0x08016eac   0x00000030   Code   RO         2524    i.RTC_WakeUpClockConfig  gd32f4xx_rtc.o
    0x08016edc   0x08016edc   0x00000078   Code   RO         2525    i.RTC_WakeUpCmd     gd32f4xx_rtc.o
    0x08016f54   0x08016f54   0x0000001c   Code   RO         2526    i.RTC_WriteBackupRegister  gd32f4xx_rtc.o
    0x08016f70   0x08016f70   0x00000058   Code   RO         4929    i.ResetJsonParse    json_parse.o
    0x08016fc8   0x08016fc8   0x00000054   Code   RO         4019    i.SCCB_Init         sccb.o
    0x0801701c   0x0801701c   0x00000040   Code   RO         4020    i.SCCB_No_Ack       sccb.o
    0x0801705c   0x0801705c   0x00000070   Code   RO         4021    i.SCCB_RD_Byte      sccb.o
    0x080170cc   0x080170cc   0x0000004e   Code   RO         4022    i.SCCB_RD_Reg       sccb.o
    0x0801711a   0x0801711a   0x00000002   PAD
    0x0801711c   0x0801711c   0x00000034   Code   RO         4023    i.SCCB_Start        sccb.o
    0x08017150   0x08017150   0x00000034   Code   RO         4024    i.SCCB_Stop         sccb.o
    0x08017184   0x08017184   0x000000a8   Code   RO         4025    i.SCCB_WR_Byte      sccb.o
    0x0801722c   0x0801722c   0x0000003e   Code   RO         4026    i.SCCB_WR_Reg       sccb.o
    0x0801726a   0x0801726a   0x00000002   Code   RO         3147    i.SVC_Handler       gd32f4xx_it.o
    0x0801726c   0x0801726c   0x0000003c   Code   RO         3782    i.Speaker_Init      dac.o
    0x080172a8   0x080172a8   0x00000084   Code   RO         4930    i.StructInit        json_parse.o
    0x0801732c   0x0801732c   0x00000028   Code   RO         1265    i.SysTick_CLKSourceConfig  misc.o
    0x08017354   0x08017354   0x00000008   Code   RO         3148    i.SysTick_Handler   gd32f4xx_it.o
    0x0801735c   0x0801735c   0x000000d4   Code   RO            4    i.SystemInit        system_gd32f4xx.o
    0x08017430   0x08017430   0x0000005a   Code   RO         3612    i.TIM1_Init         timer.o
    0x0801748a   0x0801748a   0x00000002   PAD
    0x0801748c   0x0801748c   0x000000a0   Code   RO         3614    i.TIM3_PWM_Init     timer.o
    0x0801752c   0x0801752c   0x00000100   Code   RO         3615    i.TIMER1_IRQHandler  timer.o
    0x0801762c   0x0801762c   0x00000024   Code   RO         3616    i.TIM_1000msProgram  timer.o
    0x08017650   0x08017650   0x00000008   Code   RO         3617    i.TIM_100msProgram  timer.o
    0x08017658   0x08017658   0x0000000c   Code   RO         3618    i.TIM_10msProgram   timer.o
    0x08017664   0x08017664   0x0000000c   Code   RO         3619    i.TIM_1msProgram    timer.o
    0x08017670   0x08017670   0x00000018   Code   RO          703    i.TIM_ARRPreloadConfig  gd32f4xx_tim.o
    0x08017688   0x08017688   0x00000006   Code   RO          710    i.TIM_ClearITPendingBit  gd32f4xx_tim.o
    0x0801768e   0x0801768e   0x00000018   Code   RO          715    i.TIM_Cmd           gd32f4xx_tim.o
    0x080176a6   0x080176a6   0x00000022   Code   RO          736    i.TIM_GetITStatus   gd32f4xx_tim.o
    0x080176c8   0x080176c8   0x00000012   Code   RO          740    i.TIM_ITConfig      gd32f4xx_tim.o
    0x080176da   0x080176da   0x00000002   PAD
    0x080176dc   0x080176dc   0x00000078   Code   RO          744    i.TIM_OC1Init       gd32f4xx_tim.o
    0x08017754   0x08017754   0x00000012   Code   RO          747    i.TIM_OC1PreloadConfig  gd32f4xx_tim.o
    0x08017766   0x08017766   0x00000002   PAD
    0x08017768   0x08017768   0x00000084   Code   RO          787    i.TIM_TimeBaseInit  gd32f4xx_tim.o
    0x080177ec   0x080177ec   0x00000084   Code   RO         4359    i.TempSensor_Adc_Init  adc.o
    0x08017870   0x08017870   0x00000028   Code   RO         3678    i.USART1_Clear      usart.o
    0x08017898   0x08017898   0x00000058   Code   RO         3679    i.USART1_IRQHandler  usart.o
    0x080178f0   0x080178f0   0x00000068   Code   RO         3680    i.USART1_Revice     usart.o
    0x08017958   0x08017958   0x00000034   Code   RO         3681    i.USART1_SendData   usart.o
    0x0801798c   0x0801798c   0x00000040   Code   RO         3682    i.USART1_TIM_1ms    usart.o
    0x080179cc   0x080179cc   0x00000088   Code   RO         3683    i.USART2_IRQHandler  usart.o
    0x08017a54   0x08017a54   0x00000018   Code   RO         1309    i.USART_Cmd         gd32f4xx_usart.o
    0x08017a6c   0x08017a6c   0x000000f0   Code   RO         1311    i.USART_DeInit      gd32f4xx_usart.o
    0x08017b5c   0x08017b5c   0x0000001a   Code   RO         1312    i.USART_GetFlagStatus  gd32f4xx_usart.o
    0x08017b76   0x08017b76   0x00000054   Code   RO         1313    i.USART_GetITStatus  gd32f4xx_usart.o
    0x08017bca   0x08017bca   0x0000004a   Code   RO         1315    i.USART_ITConfig    gd32f4xx_usart.o
    0x08017c14   0x08017c14   0x000000d4   Code   RO         1316    i.USART_Init        gd32f4xx_usart.o
    0x08017ce8   0x08017ce8   0x0000000a   Code   RO         1323    i.USART_ReceiveData  gd32f4xx_usart.o
    0x08017cf2   0x08017cf2   0x00000008   Code   RO         1326    i.USART_SendData    gd32f4xx_usart.o
    0x08017cfa   0x08017cfa   0x00000002   PAD
    0x08017cfc   0x08017cfc   0x00000148   Code   RO         4931    i.UpgradeJsonParse  json_parse.o
    0x08017e44   0x08017e44   0x00000004   Code   RO         3149    i.UsageFault_Handler  gd32f4xx_it.o
    0x08017e48   0x08017e48   0x00000020   Code   RO         6620    i.__0printf         mc_w.l(printfa.o)
    0x08017e68   0x08017e68   0x00000028   Code   RO         6622    i.__0sprintf        mc_w.l(printfa.o)
    0x08017e90   0x08017e90   0x00000024   Code   RO         6626    i.__0vsprintf       mc_w.l(printfa.o)
    0x08017eb4   0x08017eb4   0x00000030   Code   RO         6689    i.__ARM_fpclassify  m_wm.l(fpclassify.o)
    0x08017ee4   0x08017ee4   0x00000008   Code   RO         6741    i.__aeabi_errno_addr  mc_w.l(errno.o)
    0x08017eec   0x08017eec   0x00000014   Code   RO         6312    i.__hardfp_fabs     m_wm.l(fabs.o)
    0x08017f00   0x08017f00   0x00000118   Code   RO         6318    i.__hardfp_floor    m_wm.l(floor.o)
    0x08018018   0x08018018   0x000003c4   Code   RO         6324    i.__hardfp_log      m_wm.l(log.o)
    0x080183dc   0x080183dc   0x00000004   PAD
    0x080183e0   0x080183e0   0x00000c50   Code   RO         6338    i.__hardfp_pow      m_wm.l(pow.o)
    0x08019030   0x08019030   0x000000f8   Code   RO         6691    i.__kernel_poly     m_wm.l(poly.o)
    0x08019128   0x08019128   0x00000030   Code   RO         6675    i.__mathlib_dbl_divzero  m_wm.l(dunder.o)
    0x08019158   0x08019158   0x00000014   Code   RO         6676    i.__mathlib_dbl_infnan  m_wm.l(dunder.o)
    0x0801916c   0x0801916c   0x00000014   Code   RO         6677    i.__mathlib_dbl_infnan2  m_wm.l(dunder.o)
    0x08019180   0x08019180   0x00000020   Code   RO         6678    i.__mathlib_dbl_invalid  m_wm.l(dunder.o)
    0x080191a0   0x080191a0   0x00000020   Code   RO         6679    i.__mathlib_dbl_overflow  m_wm.l(dunder.o)
    0x080191c0   0x080191c0   0x00000020   Code   RO         6681    i.__mathlib_dbl_underflow  m_wm.l(dunder.o)
    0x080191e0   0x080191e0   0x0000000e   Code   RO         6799    i.__scatterload_copy  mc_w.l(handlers.o)
    0x080191ee   0x080191ee   0x00000002   Code   RO         6800    i.__scatterload_null  mc_w.l(handlers.o)
    0x080191f0   0x080191f0   0x0000000e   Code   RO         6801    i.__scatterload_zeroinit  mc_w.l(handlers.o)
    0x080191fe   0x080191fe   0x00000002   PAD
    0x08019200   0x08019200   0x0000000c   Code   RO         6743    i.__set_errno       mc_w.l(errno.o)
    0x0801920c   0x0801920c   0x00000184   Code   RO         6627    i._fp_digits        mc_w.l(printfa.o)
    0x08019390   0x08019390   0x000006dc   Code   RO         6628    i._printf_core      mc_w.l(printfa.o)
    0x08019a6c   0x08019a6c   0x00000024   Code   RO         6629    i._printf_post_padding  mc_w.l(printfa.o)
    0x08019a90   0x08019a90   0x0000002e   Code   RO         6630    i._printf_pre_padding  mc_w.l(printfa.o)
    0x08019abe   0x08019abe   0x0000000a   Code   RO         6632    i._sputc            mc_w.l(printfa.o)
    0x08019ac8   0x08019ac8   0x0000009e   Code   RO         4658    i.apply_mounting_matrix  icm42670.o
    0x08019b66   0x08019b66   0x00000002   PAD
    0x08019b68   0x08019b68   0x00000028   Code   RO         5757    i.bufchar           mqttpacket.o
    0x08019b90   0x08019b90   0x0000005c   Code   RO         5972    i.cJSON_Delete      cjson.o
    0x08019bec   0x08019bec   0x0000001e   Code   RO         5981    i.cJSON_GetObjectItem  cjson.o
    0x08019c0a   0x08019c0a   0x00000002   PAD
    0x08019c0c   0x08019c0c   0x00000020   Code   RO         5985    i.cJSON_New_Item    cjson.o
    0x08019c2c   0x08019c2c   0x00000010   Code   RO         5986    i.cJSON_Parse       cjson.o
    0x08019c3c   0x08019c3c   0x00000064   Code   RO         5987    i.cJSON_ParseWithOpts  cjson.o
    0x08019ca0   0x08019ca0   0x00000012   Code   RO         5988    i.cJSON_Print       cjson.o
    0x08019cb2   0x08019cb2   0x0000004c   Code   RO         5993    i.cJSON_strcasecmp  cjson.o
    0x08019cfe   0x08019cfe   0x00000002   PAD
    0x08019d00   0x08019d00   0x00000030   Code   RO         5994    i.cJSON_strdup      cjson.o
    0x08019d30   0x08019d30   0x00000064   Code   RO         5222    i.configure_serial_interface  inv_imu_driver.o
    0x08019d94   0x08019d94   0x00000018   Code   RO         3370    i.delay_decrement   systick.o
    0x08019dac   0x08019dac   0x0000003c   Code   RO         3428    i.delay_init        delay.o
    0x08019de8   0x08019de8   0x00000038   Code   RO         3429    i.delay_ms          delay.o
    0x08019e20   0x08019e20   0x0000003c   Code   RO         3430    i.delay_us          delay.o
    0x08019e5c   0x08019e5c   0x0000003c   Code   RO         3431    i.delay_xms         delay.o
    0x08019e98   0x08019e98   0x00000078   Code   RO         5996    i.ensure            cjson.o
    0x08019f10   0x08019f10   0x00000018   Code   RO         6314    i.fabs              m_wm.l(fabs.o)
    0x08019f28   0x08019f28   0x0000001c   Code   RO         3685    i.fputc             usart.o
    0x08019f44   0x08019f44   0x0000008c   Code   RO         4659    i.get_accel_and_gyr_fsr  icm42670.o
    0x08019fd0   0x08019fd0   0x00000010   Code   RO         4660    i.get_imu_data      icm42670.o
    0x08019fe0   0x08019fe0   0x00000036   Code   RO         5086    i.get_register_cache_addr  inv_imu_transport.o
    0x0801a016   0x0801a016   0x00000002   PAD
    0x0801a018   0x0801a018   0x0000014c   Code   RO         4661    i.imu_callback      icm42670.o
    0x0801a164   0x0801a164   0x00000104   Code   RO         5223    i.init_hardware_from_ui  inv_imu_driver.o
    0x0801a268   0x0801a268   0x000001bc   Code   RO         5224    i.inv_imu_configure_fifo  inv_imu_driver.o
    0x0801a424   0x0801a424   0x00000064   Code   RO         5227    i.inv_imu_convert_odr_bitfield_to_us  inv_imu_driver.o
    0x0801a488   0x0801a488   0x000002c8   Code   RO         5228    i.inv_imu_device_reset  inv_imu_driver.o
    0x0801a750   0x0801a750   0x00000072   Code   RO         5230    i.inv_imu_disable_fsync  inv_imu_driver.o
    0x0801a7c2   0x0801a7c2   0x00000002   PAD
    0x0801a7c4   0x0801a7c4   0x0000010c   Code   RO         5235    i.inv_imu_enable_accel_low_power_mode  inv_imu_driver.o
    0x0801a8d0   0x0801a8d0   0x00000040   Code   RO         5240    i.inv_imu_get_accel_fsr  inv_imu_driver.o
    0x0801a910   0x0801a910   0x000000bc   Code   RO         5241    i.inv_imu_get_config_int1  inv_imu_driver.o
    0x0801a9cc   0x0801a9cc   0x00000194   Code   RO         5244    i.inv_imu_get_data_from_registers  inv_imu_driver.o
    0x0801ab60   0x0801ab60   0x0000002c   Code   RO         5245    i.inv_imu_get_endianness  inv_imu_driver.o
    0x0801ab8c   0x0801ab8c   0x00000040   Code   RO         5247    i.inv_imu_get_gyro_fsr  inv_imu_driver.o
    0x0801abcc   0x0801abcc   0x00000004   Code   RO         3432    i.inv_imu_get_time_us  delay.o
    0x0801abd0   0x0801abd0   0x00000018   Code   RO         5250    i.inv_imu_get_who_am_i  inv_imu_driver.o
    0x0801abe8   0x0801abe8   0x00000076   Code   RO         5251    i.inv_imu_init      inv_imu_driver.o
    0x0801ac5e   0x0801ac5e   0x00000052   Code   RO         5087    i.inv_imu_init_transport  inv_imu_transport.o
    0x0801acb0   0x0801acb0   0x00000068   Code   RO         5088    i.inv_imu_read_reg  inv_imu_transport.o
    0x0801ad18   0x0801ad18   0x00000040   Code   RO         5254    i.inv_imu_set_accel_frequency  inv_imu_driver.o
    0x0801ad58   0x0801ad58   0x00000040   Code   RO         5255    i.inv_imu_set_accel_fsr  inv_imu_driver.o
    0x0801ad98   0x0801ad98   0x00000044   Code   RO         5257    i.inv_imu_set_accel_lp_avg  inv_imu_driver.o
    0x0801addc   0x0801addc   0x00000188   Code   RO         5258    i.inv_imu_set_config_int1  inv_imu_driver.o
    0x0801af64   0x0801af64   0x00000040   Code   RO         5262    i.inv_imu_set_gyro_fsr  inv_imu_driver.o
    0x0801afa4   0x0801afa4   0x0000003a   Code   RO         5264    i.inv_imu_set_timestamp_resolution  inv_imu_driver.o
    0x0801afde   0x0801afde   0x00000002   PAD
    0x0801afe0   0x0801afe0   0x00000068   Code   RO         5089    i.inv_imu_switch_off_mclk  inv_imu_transport.o
    0x0801b048   0x0801b048   0x000000c8   Code   RO         5090    i.inv_imu_switch_on_mclk  inv_imu_transport.o
    0x0801b110   0x0801b110   0x0000005e   Code   RO         5091    i.inv_imu_write_reg  inv_imu_transport.o
    0x0801b16e   0x0801b16e   0x00000002   PAD
    0x0801b170   0x0801b170   0x00000068   Code   RO         3908    i.jpeg_data_process  ov2640.o
    0x0801b1d8   0x0801b1d8   0x00000088   Code   RO         3216    i.main              main.o
    0x0801b260   0x0801b260   0x00000032   Code   RO         5023    i.md5_decode        md5_fun.o
    0x0801b292   0x0801b292   0x0000003e   Code   RO         5024    i.md5_encode        md5_fun.o
    0x0801b2d0   0x0801b2d0   0x00000014   Code   RO         5025    i.md5_final         md5_fun.o
    0x0801b2e4   0x0801b2e4   0x00000024   Code   RO         5026    i.md5_init          md5_fun.o
    0x0801b308   0x0801b308   0x00000044   Code   RO         5027    i.md5_process       md5_fun.o
    0x0801b34c   0x0801b34c   0x0000002c   Code   RO         5028    i.md5_sign          md5_fun.o
    0x0801b378   0x0801b378   0x00000014   Code   RO         5029    i.md5_start         md5_fun.o
    0x0801b38c   0x0801b38c   0x00000858   Code   RO         5030    i.md5_transform     md5_fun.o
    0x0801bbe4   0x0801bbe4   0x0000008c   Code   RO         5031    i.md5_update        md5_fun.o
    0x0801bc70   0x0801bc70   0x0000006c   Code   RO         4842    i.my_mem_free       malloc.o
    0x0801bcdc   0x0801bcdc   0x00000044   Code   RO         4843    i.my_mem_init       malloc.o
    0x0801bd20   0x0801bd20   0x000000a8   Code   RO         4844    i.my_mem_malloc     malloc.o
    0x0801bdc8   0x0801bdc8   0x00000040   Code   RO         4845    i.my_mem_perused    malloc.o
    0x0801be08   0x0801be08   0x00000024   Code   RO         4846    i.myfree            malloc.o
    0x0801be2c   0x0801be2c   0x00000028   Code   RO         4847    i.mymalloc          malloc.o
    0x0801be54   0x0801be54   0x00000014   Code   RO         4849    i.mymemset          malloc.o
    0x0801be68   0x0801be68   0x000000ac   Code   RO         5997    i.parse_array       cjson.o
    0x0801bf14   0x0801bf14   0x00000114   Code   RO         5998    i.parse_hex4        cjson.o
    0x0801c028   0x0801c028   0x000001c8   Code   RO         5999    i.parse_number      cjson.o
    0x0801c1f0   0x0801c1f0   0x00000114   Code   RO         6000    i.parse_object      cjson.o
    0x0801c304   0x0801c304   0x000001d0   Code   RO         6001    i.parse_string      cjson.o
    0x0801c4d4   0x0801c4d4   0x000000bc   Code   RO         6002    i.parse_value       cjson.o
    0x0801c590   0x0801c590   0x00000014   Code   RO          560    i.pmu_backup_write_enable  gd32f4xx_pmu.o
    0x0801c5a4   0x0801c5a4   0x0000001c   Code   RO         6003    i.pow2gt            cjson.o
    0x0801c5c0   0x0801c5c0   0x0000025c   Code   RO         6004    i.print_array       cjson.o
    0x0801c81c   0x0801c81c   0x00000238   Code   RO         6005    i.print_number      cjson.o
    0x0801ca54   0x0801ca54   0x00000438   Code   RO         6006    i.print_object      cjson.o
    0x0801ce8c   0x0801ce8c   0x00000010   Code   RO         6007    i.print_string      cjson.o
    0x0801ce9c   0x0801ce9c   0x000001d8   Code   RO         6008    i.print_string_ptr  cjson.o
    0x0801d074   0x0801d074   0x00000130   Code   RO         6009    i.print_value       cjson.o
    0x0801d1a4   0x0801d1a4   0x0000000e   Code   RO         5759    i.readChar          mqttpacket.o
    0x0801d1b2   0x0801d1b2   0x0000001a   Code   RO         5760    i.readInt           mqttpacket.o
    0x0801d1cc   0x0801d1cc   0x0000003a   Code   RO         5761    i.readMQTTLenString  mqttpacket.o
    0x0801d206   0x0801d206   0x00000094   Code   RO         5092    i.read_mclk_reg     inv_imu_transport.o
    0x0801d29a   0x0801d29a   0x00000036   Code   RO         5093    i.read_sreg         inv_imu_transport.o
    0x0801d2d0   0x0801d2d0   0x000000be   Code   RO         5266    i.reload_otp        inv_imu_driver.o
    0x0801d38e   0x0801d38e   0x00000002   PAD
    0x0801d390   0x0801d390   0x00000040   Code   RO         5268    i.select_rcosc      inv_imu_driver.o
    0x0801d3d0   0x0801d3d0   0x0000003c   Code   RO         5269    i.select_wuosc      inv_imu_driver.o
    0x0801d40c   0x0801d40c   0x00000012   Code   RO         6010    i.skip              cjson.o
    0x0801d41e   0x0801d41e   0x0000006e   Code   RO         6707    i.sqrt              m_wm.l(sqrt.o)
    0x0801d48c   0x0801d48c   0x000000fc   Code   RO            5    i.system_clock_200m_25m_hxtal  system_gd32f4xx.o
    0x0801d588   0x0801d588   0x00000008   Code   RO            6    i.system_clock_config  system_gd32f4xx.o
    0x0801d590   0x0801d590   0x00000050   Code   RO         3371    i.systick_config    systick.o
    0x0801d5e0   0x0801d5e0   0x00000034   Code   RO         3372    i.to_hex            systick.o
    0x0801d614   0x0801d614   0x00000050   Code   RO         3686    i.u1_printf         usart.o
    0x0801d664   0x0801d664   0x00000020   Code   RO         6012    i.update            cjson.o
    0x0801d684   0x0801d684   0x000000d4   Code   RO         3687    i.usart1_init       usart.o
    0x0801d758   0x0801d758   0x000000ac   Code   RO         3688    i.usart2_init       usart.o
    0x0801d804   0x0801d804   0x00000028   Code   RO         5762    i.writeCString      mqttpacket.o
    0x0801d82c   0x0801d82c   0x0000000c   Code   RO         5763    i.writeChar         mqttpacket.o
    0x0801d838   0x0801d838   0x00000030   Code   RO         5764    i.writeInt          mqttpacket.o
    0x0801d868   0x0801d868   0x0000003e   Code   RO         5765    i.writeMQTTString   mqttpacket.o
    0x0801d8a6   0x0801d8a6   0x00000088   Code   RO         5094    i.write_mclk_reg    inv_imu_transport.o
    0x0801d92e   0x0801d92e   0x00000036   Code   RO         5095    i.write_sreg        inv_imu_transport.o
    0x0801d964   0x0801d964   0x00000010   Data   RO         3374    .constdata          systick.o
    0x0801d974   0x0801d974   0x00000328   Data   RO         3910    .constdata          ov2640.o
    0x0801dc9c   0x0801dc9c   0x00000024   Data   RO         4857    .constdata          malloc.o
    0x0801dcc0   0x0801dcc0   0x00000007   Data   RO         6013    .constdata          cjson.o
    0x0801dcc7   0x0801dcc7   0x00000001   PAD
    0x0801dcc8   0x0801dcc8   0x00000038   Data   RO         6327    .constdata          m_wm.l(log.o)
    0x0801dd00   0x0801dd00   0x00000088   Data   RO         6341    .constdata          m_wm.l(pow.o)
    0x0801dd88   0x0801dd88   0x00000008   Data   RO         6693    .constdata          m_wm.l(qnan.o)
    0x0801dd90   0x0801dd90   0x00000081   Data   RO         6764    .constdata          mc_w.l(ctype_o.o)
    0x0801de11   0x0801de11   0x00000003   PAD
    0x0801de14   0x0801de14   0x00000004   Data   RO         6765    .constdata          mc_w.l(ctype_o.o)
    0x0801de18   0x0801de18   0x00000199   Data   RO         4089    .conststring        http_app.o
    0x0801dfb1   0x0801dfb1   0x00000003   PAD
    0x0801dfb4   0x0801dfb4   0x0000001d   Data   RO         4163    .conststring        mqtt_app.o
    0x0801dfd1   0x0801dfd1   0x00000003   PAD
    0x0801dfd4   0x0801dfd4   0x00000141   Data   RO         4933    .conststring        json_parse.o
    0x0801e115   0x0801e115   0x00000003   PAD
    0x0801e118   0x0801e118   0x00000020   Data   RO         6797    Region$$Table       anon$$obj.o


    Execution Region RW_IRAM1 (Exec base: 0x20000000, Load base: 0x0801e138, Size: 0x0002c470, Max: 0x00030000, ABSOLUTE, COMPRESSED[0x00000084])

    Exec Addr    Load Addr    Size         Type   Attr      Idx    E Section Name        Object

    0x20000000   COMPRESSED   0x00000004   Data   RW            7    .data               system_gd32f4xx.o
    0x20000004   COMPRESSED   0x00000010   Data   RW          175    .data               gd32f4xx_rcu.o
    0x20000014   COMPRESSED   0x00000004   Data   RW         3375    .data               systick.o
    0x20000018   COMPRESSED   0x00000004   Data   RW         3433    .data               delay.o
    0x2000001c   COMPRESSED   0x00000024   Data   RW         3485    .data               program.o
    0x20000040   COMPRESSED   0x00000009   Data   RW         3620    .data               timer.o
    0x20000049   COMPRESSED   0x00000003   PAD
    0x2000004c   COMPRESSED   0x0000001a   Data   RW         3691    .data               usart.o
    0x20000066   COMPRESSED   0x00000002   PAD
    0x20000068   COMPRESSED   0x00000008   Data   RW         3832    .data               dcmi.o
    0x20000070   COMPRESSED   0x0000000d   Data   RW         3911    .data               ov2640.o
    0x2000007d   COMPRESSED   0x00000003   PAD
    0x20000080   COMPRESSED   0x00000028   Data   RW         4090    .data               http_app.o
    0x200000a8   COMPRESSED   0x000000b4   Data   RW         4164    .data               mqtt_app.o
    0x2000015c   COMPRESSED   0x00000041   Data   RW         4436    .data               hm609a.o
    0x2000019d   COMPRESSED   0x00000004   Data   RW         4561    .data               rtc.o
    0x200001a1   COMPRESSED   0x00000003   PAD
    0x200001a4   COMPRESSED   0x00000028   Data   RW         4663    .data               icm42670.o
    0x200001cc   COMPRESSED   0x00000024   Data   RW         4858    .data               malloc.o
    0x200001f0   COMPRESSED   0x00000010   Data   RW         4934    .data               json_parse.o
    0x20000200   COMPRESSED   0x00000040   Data   RW         5033    .data               md5_fun.o
    0x20000240   COMPRESSED   0x00000004   Data   RW         5766    .data               mqttpacket.o
    0x20000244   COMPRESSED   0x0000000c   Data   RW         6014    .data               cjson.o
    0x20000250   COMPRESSED   0x00000004   Data   RW         6744    .data               mc_w.l(errno.o)
    0x20000254        -       0x00000030   Zero   RW         3373    .bss                systick.o
    0x20000284        -       0x0000001e   Zero   RW         3484    .bss                program.o
    0x200002a2   COMPRESSED   0x00000006   PAD
    0x200002a8        -       0x000000d8   Zero   RW         3690    .bss                usart.o
    0x20000380        -       0x0000003c   Zero   RW         3909    .bss                ov2640.o
    0x200003bc        -       0x00000032   Zero   RW         4162    .bss                mqtt_app.o
    0x200003ee   COMPRESSED   0x00000002   PAD
    0x200003f0        -       0x0000003a   Zero   RW         4435    .bss                hm609a.o
    0x2000042a   COMPRESSED   0x00000002   PAD
    0x2000042c        -       0x00000075   Zero   RW         4932    .bss                json_parse.o
    0x200004a1   COMPRESSED   0x00000003   PAD
    0x200004a4        -       0x00000158   Zero   RW         5032    .bss                md5_fun.o
    0x200005fc   COMPRESSED   0x00000a04   PAD
    0x20001000        -       0x00028000   Zero   RW         4853    .ARM.__AT_0x20001000  malloc.o
    0x20029000        -       0x00001400   Zero   RW         4854    .ARM.__AT_0x20029000  malloc.o
    0x2002a400        -       0x00001070   Zero   RW         4662    .bss                icm42670.o
    0x2002b470        -       0x00001000   Zero   RW          113    STACK               startup_gd32f407_427.o



  Load Region LR$$.ARM.__AT_0x10000000 (Base: 0x10000000, Size: 0x00000000, Max: 0x0000f000, ABSOLUTE)

    Execution Region ER$$.ARM.__AT_0x10000000 (Exec base: 0x10000000, Load base: 0x10000000, Size: 0x0000f000, Max: 0x0000f000, ABSOLUTE, UNINIT)

    Exec Addr    Load Addr    Size         Type   Attr      Idx    E Section Name        Object

    0x10000000        -       0x0000f000   Zero   RW         4851    .ARM.__AT_0x10000000  malloc.o



  Load Region LR$$.ARM.__AT_0x1000F000 (Base: 0x1000f000, Size: 0x00000000, Max: 0x00000f00, ABSOLUTE)

    Execution Region ER$$.ARM.__AT_0x1000F000 (Exec base: 0x1000f000, Load base: 0x1000f000, Size: 0x00000f00, Max: 0x00000f00, ABSOLUTE, UNINIT)

    Exec Addr    Load Addr    Size         Type   Attr      Idx    E Section Name        Object

    0x1000f000        -       0x00000f00   Zero   RW         4852    .ARM.__AT_0x1000F000  malloc.o



  Load Region LR$$.ARM.__AT_0x68000000 (Base: 0x68000000, Size: 0x00000000, Max: 0x000f0000, ABSOLUTE)

    Execution Region ER$$.ARM.__AT_0x68000000 (Exec base: 0x68000000, Load base: 0x68000000, Size: 0x000f0000, Max: 0x000f0000, ABSOLUTE, UNINIT)

    Exec Addr    Load Addr    Size         Type   Attr      Idx    E Section Name        Object

    0x68000000        -       0x000f0000   Zero   RW         4855    .ARM.__AT_0x68000000  malloc.o



  Load Region LR$$.ARM.__AT_0x680F0000 (Base: 0x680f0000, Size: 0x00000000, Max: 0x0000f000, ABSOLUTE)

    Execution Region ER$$.ARM.__AT_0x680F0000 (Exec base: 0x680f0000, Load base: 0x680f0000, Size: 0x0000f000, Max: 0x0000f000, ABSOLUTE, UNINIT)

    Exec Addr    Load Addr    Size         Type   Attr      Idx    E Section Name        Object

    0x680f0000        -       0x0000f000   Zero   RW         4856    .ARM.__AT_0x680F0000  malloc.o


==============================================================================

Image component sizes


      Code (inc. data)   RO Data    RW Data    ZI Data      Debug   Object Name

       724         80          0          0          0       3164   adc.o
      5486        288          7         12          0      22667   cjson.o
       148         12          0          0          0       1103   dac.o
       616         46          0          8          0       3192   dcmi.o
       240         16          0          4          0       2797   delay.o
       374         24          0          0          0       5446   gd32f4xx_adc.o
       124         18          0          0          0       2387   gd32f4xx_dac.o
       240         36          0          0          0       4051   gd32f4xx_dcmi.o
       560         26          0          0          0       6585   gd32f4xx_dma.o
       160         12          0          0          0       1457   gd32f4xx_exti.o
       426         40          0          0          0       4400   gd32f4xx_flash.o
       240          0          0          0          0       3443   gd32f4xx_gpio.o
        32          0          0          0          0       6054   gd32f4xx_it.o
        20          6          0          0          0        486   gd32f4xx_pmu.o
       604         78          0         16          0       8541   gd32f4xx_rcu.o
      1366        104          0          0          0      12524   gd32f4xx_rtc.o
       376         34          0          0          0       5478   gd32f4xx_tim.o
       678         42          0          0          0       6032   gd32f4xx_usart.o
       350         50          0          0          0       3031   gdflash.o
      3712       1020          0         65         58      11024   hm609a.o
      1480        488        409         40          0       6385   http_app.o
      1206         56          0         40       4208       9609   icm42670.o
      3928        116          0          0          0      38646   inv_imu_driver.o
      1030         12          0          0          0       9079   inv_imu_transport.o
      2748        788        321         16        117      10923   json_parse.o
       124          8          0          0          0       1022   led.o
       136         12          0          0          0      27623   main.o
       504         60         36         36    1278720       6271   malloc.o
      2576        282          0         64        344       7303   md5_fun.o
       200         32          0          0          0       2579   misc.o
       112         10          0          0          0        551   mos_sw.o
      3764       1006         29        180         50      12285   mqtt_app.o
       690         18          0          0          0       4529   mqttconnectclient.o
       168          0          0          0          0       1662   mqttdeserializepublish.o
       534         18          0          4          0       9004   mqttpacket.o
       210          0          0          0          0       1834   mqttserializepublish.o
       368          0          0          0          0       3299   mqttsubscribeclient.o
       692        108          0          0          0       4314   myiic.o
      1372        180        808         13         60      10121   ov2640.o
      3328       1092          0         36         30      34604   program.o
       530         52          0          4          0       4635   rtc.o
       672         60          0          0          0       4457   sccb.o
        36          8        392          0       4096        820   startup_gd32f407_427.o
       472         30          0          4          0     353483   system_gd32f4xx.o
       232         36         16          4         48      29442   systick.o
       574         28          0          9          0       4516   timer.o
       976        134          0         26        216       8740   usart.o

    ----------------------------------------------------------------------
     45188       6566       2060        592    1290524     721598   Object Totals
         0          0         32          0          0          0   (incl. Generated)
        50          0         10         11       2577          0   (incl. Padding)

    ----------------------------------------------------------------------

      Code (inc. data)   RO Data    RW Data    ZI Data      Debug   Library Member Name

       184         44          0          0          0        744   dunder.o
        44          0          0          0          0        248   fabs.o
       280         28          0          0          0        156   floor.o
        48          0          0          0          0        124   fpclassify.o
       964         92         56          0          0        316   log.o
       248          0          0          0          0        152   poly.o
      3152        296        136          0          0        352   pow.o
         0          0          8          0          0          0   qnan.o
       110          0          0          0          0        148   sqrt.o
        86          0          0          0          0          0   __dczerorl2.o
        28          0          0          0          0         68   _chval.o
       158          0          0          0          0         92   _strtoul.o
        26          0          0          0          0         80   atoi.o
         8          4        133          0          0         68   ctype_o.o
         0          0          0          0          0          0   entry.o
         0          0          0          0          0          0   entry10a.o
         0          0          0          0          0          0   entry11a.o
         8          4          0          0          0          0   entry2.o
         4          0          0          0          0          0   entry5.o
         0          0          0          0          0          0   entry7b.o
         0          0          0          0          0          0   entry8b.o
         8          4          0          0          0          0   entry9a.o
        20         10          0          4          0        136   errno.o
        30          0          0          0          0          0   handlers.o
        36          8          0          0          0         68   init.o
         0          0          0          0          0          0   iusefp.o
        30          0          0          0          0         68   llshl.o
        36          0          0          0          0         68   llsshr.o
        32          0          0          0          0         68   llushr.o
        36          0          0          0          0         68   memcpya.o
        36          0          0          0          0        108   memseta.o
      2344        102          0          0          0        684   printfa.o
        24          0          0          0          0         68   strcat.o
        20          0          0          0          0         68   strchr.o
        18          0          0          0          0         68   strcpy.o
        14          0          0          0          0         68   strlen.o
        30          0          0          0          0         80   strncmp.o
        36          0          0          0          0         80   strstr.o
       112          0          0          0          0         88   strtol.o
        12          0          0          0          0         68   tolower.o
        44          0          0          0          0         80   uidiv.o
        98          0          0          0          0         92   uldiv.o
        48          0          0          0          0         68   cdcmple.o
        48          0          0          0          0         68   cdrcmple.o
        56          0          0          0          0         88   d2f.o
       334          0          0          0          0        148   dadd.o
       222          0          0          0          0        100   ddiv.o
       186          0          0          0          0        176   depilogue.o
        62          0          0          0          0         80   dfixi.o
        50          0          0          0          0         76   dfixui.o
        48          0          0          0          0         68   dfixul.o
        34          0          0          0          0         76   dflti.o
        26          0          0          0          0         76   dfltui.o
       228          0          0          0          0         96   dmul.o
        46          0          0          0          0         80   dscalb.o
       162          0          0          0          0        100   dsqrt.o
        38          0          0          0          0         68   f2d.o
       110          0          0          0          0        168   fepilogue.o

    ----------------------------------------------------------------------
     10072        596        336          4          0       6112   Library Totals
        10          4          3          0          0          0   (incl. Padding)

    ----------------------------------------------------------------------

      Code (inc. data)   RO Data    RW Data    ZI Data      Debug   Library Name

      5030        460        200          0          0       2240   m_wm.l
      3334        132        133          4          0       2336   mc_w.l
      1698          0          0          0          0       1536   mf_w.l

    ----------------------------------------------------------------------
     10072        596        336          4          0       6112   Library Totals

    ----------------------------------------------------------------------

==============================================================================


      Code (inc. data)   RO Data    RW Data    ZI Data      Debug   

     55260       7162       2396        596    1290524     691110   Grand Totals
     55260       7162       2396        132    1290524     691110   ELF Image Totals (compressed)
     55260       7162       2396        132          0          0   ROM Totals

==============================================================================

    Total RO  Size (Code + RO Data)                57656 (  56.30kB)
    Total RW  Size (RW Data + ZI Data)           1291120 (1260.86kB)
    Total ROM Size (Code + RO Data + RW Data)      57788 (  56.43kB)

==============================================================================

