Component: ARM Compiler 5.06 update 7 (build 960) Tool: armlink [4d3601]

==============================================================================

Section Cross References

    system_gd32f4xx.o(i.SystemCoreClockUpdate) refers to system_gd32f4xx.o(.data) for SystemCoreClock
    system_gd32f4xx.o(i.SystemInit) refers to system_gd32f4xx.o(i.system_clock_config) for system_clock_config
    system_gd32f4xx.o(i.system_clock_config) refers to system_gd32f4xx.o(i.system_clock_200m_25m_hxtal) for system_clock_200m_25m_hxtal
    startup_gd32f407_427.o(RESET) refers to startup_gd32f407_427.o(STACK) for __initial_sp
    startup_gd32f407_427.o(RESET) refers to startup_gd32f407_427.o(.text) for Reset_Handler
    startup_gd32f407_427.o(RESET) refers to gd32f4xx_it.o(i.NMI_Handler) for NMI_Handler
    startup_gd32f407_427.o(RESET) refers to gd32f4xx_it.o(i.HardFault_Handler) for HardFault_Handler
    startup_gd32f407_427.o(RESET) refers to gd32f4xx_it.o(i.MemManage_Handler) for MemManage_Handler
    startup_gd32f407_427.o(RESET) refers to gd32f4xx_it.o(i.BusFault_Handler) for BusFault_Handler
    startup_gd32f407_427.o(RESET) refers to gd32f4xx_it.o(i.UsageFault_Handler) for UsageFault_Handler
    startup_gd32f407_427.o(RESET) refers to gd32f4xx_it.o(i.SVC_Handler) for SVC_Handler
    startup_gd32f407_427.o(RESET) refers to gd32f4xx_it.o(i.DebugMon_Handler) for DebugMon_Handler
    startup_gd32f407_427.o(RESET) refers to gd32f4xx_it.o(i.PendSV_Handler) for PendSV_Handler
    startup_gd32f407_427.o(RESET) refers to gd32f4xx_it.o(i.SysTick_Handler) for SysTick_Handler
    startup_gd32f407_427.o(RESET) refers to rtc.o(i.RTC_WKUP_IRQHandler) for RTC_WKUP_IRQHandler
    startup_gd32f407_427.o(RESET) refers to timer.o(i.TIMER1_IRQHandler) for TIMER1_IRQHandler
    startup_gd32f407_427.o(RESET) refers to usart.o(i.USART1_IRQHandler) for USART1_IRQHandler
    startup_gd32f407_427.o(RESET) refers to usart.o(i.USART2_IRQHandler) for USART2_IRQHandler
    startup_gd32f407_427.o(RESET) refers to rtc.o(i.RTC_Alarm_IRQHandler) for RTC_Alarm_IRQHandler
    startup_gd32f407_427.o(RESET) refers to dcmi.o(i.DCI_IRQHandler) for DCI_IRQHandler
    startup_gd32f407_427.o(.text) refers to system_gd32f4xx.o(i.SystemInit) for SystemInit
    startup_gd32f407_427.o(.text) refers to entry.o(.ARM.Collect$$$$00000000) for __main
    gd32f4xx_rcu.o(i.RCU_GetClocksFreq) refers to gd32f4xx_rcu.o(.data) for APBAHBPrescTable
    gd32f4xx_rcu.o(i.RCU_WaitForHSEStartUp) refers to gd32f4xx_rcu.o(i.RCU_GetFlagStatus) for RCU_GetFlagStatus
    gd32f4xx_gpio.o(i.GPIO_DeInit) refers to gd32f4xx_rcu.o(i.RCU_AHB1PeriphResetCmd) for RCU_AHB1PeriphResetCmd
    gd32f4xx_pmu.o(i.pmu_deinit) refers to gd32f4xx_rcu.o(i.RCU_APB1PeriphResetCmd) for RCU_APB1PeriphResetCmd
    gd32f4xx_pmu.o(i.pmu_highdriver_switch_select) refers to gd32f4xx_pmu.o(i.pmu_flag_get) for pmu_flag_get
    gd32f4xx_pmu.o(i.pmu_to_deepsleepmode) refers to gd32f4xx_pmu.o(.bss) for reg_snap
    gd32f4xx_tim.o(i.TIM_DeInit) refers to gd32f4xx_rcu.o(i.RCU_APB2PeriphResetCmd) for RCU_APB2PeriphResetCmd
    gd32f4xx_tim.o(i.TIM_DeInit) refers to gd32f4xx_rcu.o(i.RCU_APB1PeriphResetCmd) for RCU_APB1PeriphResetCmd
    gd32f4xx_tim.o(i.TIM_ETRClockMode1Config) refers to gd32f4xx_tim.o(i.TIM_ETRConfig) for TIM_ETRConfig
    gd32f4xx_tim.o(i.TIM_ETRClockMode2Config) refers to gd32f4xx_tim.o(i.TIM_ETRConfig) for TIM_ETRConfig
    gd32f4xx_tim.o(i.TIM_ICInit) refers to gd32f4xx_tim.o(i.TI1_Config) for TI1_Config
    gd32f4xx_tim.o(i.TIM_ICInit) refers to gd32f4xx_tim.o(i.TIM_SetIC1Prescaler) for TIM_SetIC1Prescaler
    gd32f4xx_tim.o(i.TIM_ICInit) refers to gd32f4xx_tim.o(i.TI2_Config) for TI2_Config
    gd32f4xx_tim.o(i.TIM_ICInit) refers to gd32f4xx_tim.o(i.TIM_SetIC2Prescaler) for TIM_SetIC2Prescaler
    gd32f4xx_tim.o(i.TIM_ICInit) refers to gd32f4xx_tim.o(i.TI3_Config) for TI3_Config
    gd32f4xx_tim.o(i.TIM_ICInit) refers to gd32f4xx_tim.o(i.TIM_SetIC3Prescaler) for TIM_SetIC3Prescaler
    gd32f4xx_tim.o(i.TIM_ICInit) refers to gd32f4xx_tim.o(i.TI4_Config) for TI4_Config
    gd32f4xx_tim.o(i.TIM_ICInit) refers to gd32f4xx_tim.o(i.TIM_SetIC4Prescaler) for TIM_SetIC4Prescaler
    gd32f4xx_tim.o(i.TIM_ITRxExternalClockConfig) refers to gd32f4xx_tim.o(i.TIM_SelectInputTrigger) for TIM_SelectInputTrigger
    gd32f4xx_tim.o(i.TIM_PWMIConfig) refers to gd32f4xx_tim.o(i.TI1_Config) for TI1_Config
    gd32f4xx_tim.o(i.TIM_PWMIConfig) refers to gd32f4xx_tim.o(i.TIM_SetIC1Prescaler) for TIM_SetIC1Prescaler
    gd32f4xx_tim.o(i.TIM_PWMIConfig) refers to gd32f4xx_tim.o(i.TI2_Config) for TI2_Config
    gd32f4xx_tim.o(i.TIM_PWMIConfig) refers to gd32f4xx_tim.o(i.TIM_SetIC2Prescaler) for TIM_SetIC2Prescaler
    gd32f4xx_tim.o(i.TIM_TIxExternalClockConfig) refers to gd32f4xx_tim.o(i.TI2_Config) for TI2_Config
    gd32f4xx_tim.o(i.TIM_TIxExternalClockConfig) refers to gd32f4xx_tim.o(i.TI1_Config) for TI1_Config
[...]
    ..\Hardware\timer.c                      0x00000000   Number         0  timer.o ABSOLUTE
    ..\Hardware\usart.c                      0x00000000   Number         0  usart.o ABSOLUTE
    ..\Library\Source\gd32f4xx_adc.c         0x00000000   Number         0  gd32f4xx_adc.o ABSOLUTE
    ..\Library\Source\gd32f4xx_dac.c         0x00000000   Number         0  gd32f4xx_dac.o ABSOLUTE
    ..\Library\Source\gd32f4xx_dcmi.c        0x00000000   Number         0  gd32f4xx_dcmi.o ABSOLUTE
    ..\Library\Source\gd32f4xx_dma.c         0x00000000   Number         0  gd32f4xx_dma.o ABSOLUTE
    ..\Library\Source\gd32f4xx_exti.c        0x00000000   Number         0  gd32f4xx_exti.o ABSOLUTE
    ..\Library\Source\gd32f4xx_flash.c       0x00000000   Number         0  gd32f4xx_flash.o ABSOLUTE
    ..\Library\Source\gd32f4xx_gpio.c        0x00000000   Number         0  gd32f4xx_gpio.o ABSOLUTE
    ..\Library\Source\gd32f4xx_i2c.c         0x00000000   Number         0  gd32f4xx_i2c.o ABSOLUTE
    ..\Library\Source\gd32f4xx_pmu.c         0x00000000   Number         0  gd32f4xx_pmu.o ABSOLUTE
    ..\Library\Source\gd32f4xx_rcu.c         0x00000000   Number         0  gd32f4xx_rcu.o ABSOLUTE
    ..\Library\Source\gd32f4xx_rtc.c         0x00000000   Number         0  gd32f4xx_rtc.o ABSOLUTE
    ..\Library\Source\gd32f4xx_spi.c         0x00000000   Number         0  gd32f4xx_spi.o ABSOLUTE
    ..\Library\Source\gd32f4xx_tim.c         0x00000000   Number         0  gd32f4xx_tim.o ABSOLUTE
    ..\Library\Source\gd32f4xx_usart.c       0x00000000   Number         0  gd32f4xx_usart.o ABSOLUTE
    ..\Library\Source\misc.c                 0x00000000   Number         0  misc.o ABSOLUTE
    ..\Startup\startup_gd32f407_427.s        0x00000000   Number         0  startup_gd32f407_427.o ABSOLUTE
    ..\User\delay.c                          0x00000000   Number         0  delay.o ABSOLUTE
    ..\User\gd32f4xx_it.c                    0x00000000   Number         0  gd32f4xx_it.o ABSOLUTE
    ..\User\main.c                           0x00000000   Number         0  main.o ABSOLUTE
    ..\User\program.c                        0x00000000   Number         0  program.o ABSOLUTE
    ..\User\systick.c                        0x00000000   Number         0  systick.o ABSOLUTE
    ..\\CMSIS\\system_gd32f4xx.c             0x00000000   Number         0  system_gd32f4xx.o ABSOLUTE
    ..\\Hardware\\adc.c                      0x00000000   Number         0  adc.o ABSOLUTE
    ..\\Hardware\\dac.c                      0x00000000   Number         0  dac.o ABSOLUTE
    ..\\Hardware\\dcmi.c                     0x00000000   Number         0  dcmi.o ABSOLUTE
    ..\\Hardware\\gdflash.c                  0x00000000   Number         0  gdflash.o ABSOLUTE
    ..\\Hardware\\hm609a.c                   0x00000000   Number         0  hm609a.o ABSOLUTE
    ..\\Hardware\\icm42670.c                 0x00000000   Number         0  icm42670.o ABSOLUTE
    ..\\Hardware\\iic.c                      0x00000000   Number         0  iic.o ABSOLUTE
    ..\\Hardware\\led.c                      0x00000000   Number         0  led.o ABSOLUTE
    ..\\Hardware\\malloc.c                   0x00000000   Number         0  malloc.o ABSOLUTE
    ..\\Hardware\\mos_sw.c                   0x00000000   Number         0  mos_sw.o ABSOLUTE
    ..\\Hardware\\mpu6050.c                  0x00000000   Number         0  mpu6050.o ABSOLUTE
    ..\\Hardware\\myiic.c                    0x00000000   Number         0  myiic.o ABSOLUTE
    ..\\Hardware\\ov2640.c                   0x00000000   Number         0  ov2640.o ABSOLUTE
    ..\\Hardware\\rtc.c                      0x00000000   Number         0  rtc.o ABSOLUTE
    ..\\Hardware\\sccb.c                     0x00000000   Number         0  sccb.o ABSOLUTE
    ..\\Hardware\\timer.c                    0x00000000   Number         0  timer.o ABSOLUTE
    ..\\Hardware\\usart.c                    0x00000000   Number         0  usart.o ABSOLUTE
    ..\\Library\\Source\\gd32f4xx_adc.c      0x00000000   Number         0  gd32f4xx_adc.o ABSOLUTE
    ..\\Library\\Source\\gd32f4xx_dac.c      0x00000000   Number         0  gd32f4xx_dac.o ABSOLUTE
    ..\\Library\\Source\\gd32f4xx_dcmi.c     0x00000000   Number         0  gd32f4xx_dcmi.o ABSOLUTE
    ..\\Library\\Source\\gd32f4xx_dma.c      0x00000000   Number         0  gd32f4xx_dma.o ABSOLUTE
    ..\\Library\\Source\\gd32f4xx_exti.c     0x00000000   Number         0  gd32f4xx_exti.o ABSOLUTE
    ..\\Library\\Source\\gd32f4xx_flash.c    0x00000000   Number         0  gd32f4xx_flash.o ABSOLUTE
    ..\\Library\\Source\\gd32f4xx_gpio.c     0x00000000   Number         0  gd32f4xx_gpio.o ABSOLUTE
    ..\\Library\\Source\\gd32f4xx_i2c.c      0x00000000   Number         0  gd32f4xx_i2c.o ABSOLUTE
    ..\\Library\\Source\\gd32f4xx_pmu.c      0x00000000   Number         0  gd32f4xx_pmu.o ABSOLUTE
    ..\\Library\\Source\\gd32f4xx_rcu.c      0x00000000   Number         0  gd32f4xx_rcu.o ABSOLUTE
    ..\\Library\\Source\\gd32f4xx_rtc.c      0x00000000   Number         0  gd32f4xx_rtc.o ABSOLUTE
    ..\\Library\\Source\\gd32f4xx_spi.c      0x00000000   Number         0  gd32f4xx_spi.o ABSOLUTE
    ..\\Library\\Source\\gd32f4xx_tim.c      0x00000000   Number         0  gd32f4xx_tim.o ABSOLUTE
    ..\\Library\\Source\\gd32f4xx_usart.c    0x00000000   Number         0  gd32f4xx_usart.o ABSOLUTE
    ..\\Library\\Source\\misc.c              0x00000000   Number         0  misc.o ABSOLUTE
    ..\\User\\delay.c                        0x00000000   Number         0  delay.o ABSOLUTE
    ..\\User\\gd32f4xx_it.c                  0x00000000   Number         0  gd32f4xx_it.o ABSOLUTE
    ..\\User\\main.c                         0x00000000   Number         0  main.o ABSOLUTE
    ..\\User\\program.c                      0x00000000   Number         0  program.o ABSOLUTE
    ..\\User\\systick.c                      0x00000000   Number         0  systick.o ABSOLUTE
    cdcmple.s                                0x00000000   Number         0  cdcmple.o ABSOLUTE
    cdrcmple.s                               0x00000000   Number         0  cdrcmple.o ABSOLUTE
    dc.s                                     0x00000000   Number         0  dc.o ABSOLUTE
    handlers.s                               0x00000000   Number         0  handlers.o ABSOLUTE
    init.s                                   0x00000000   Number         0  init.o ABSOLUTE
    RESET                                    0x08000000   Section      392  startup_gd32f407_427.o(RESET)
    .ARM.Collect$$$$00000000                 0x08000188   Section        0  entry.o(.ARM.Collect$$$$00000000)
    .ARM.Collect$$$$00000001                 0x08000188   Section        4  entry2.o(.ARM.Collect$$$$00000001)
    .ARM.Collect$$$$00000004                 0x0800018c   Section        4  entry5.o(.ARM.Collect$$$$00000004)
    .ARM.Collect$$$$00000008                 0x08000190   Section        0  entry7b.o(.ARM.Collect$$$$00000008)
    .ARM.Collect$$$$0000000A                 0x08000190   Section        0  entry8b.o(.ARM.Collect$$$$0000000A)
    .ARM.Collect$$$$0000000B                 0x08000190   Section        8  entry9a.o(.ARM.Collect$$$$0000000B)
    .ARM.Collect$$$$0000000E                 0x08000198   Section        4  entry12b.o(.ARM.Collect$$$$0000000E)
    .ARM.Collect$$$$0000000F                 0x0800019c   Section        0  entry10a.o(.ARM.Collect$$$$0000000F)
    .ARM.Collect$$$$00000011                 0x0800019c   Section        0  entry11a.o(.ARM.Collect$$$$00000011)
    .ARM.Collect$$$$00002712                 0x0800019c   Section        4  entry2.o(.ARM.Collect$$$$00002712)
    __lit__00000000                          0x0800019c   Data           4  entry2.o(.ARM.Collect$$$$00002712)
    .text                                    0x080001a0   Section       36  startup_gd32f407_427.o(.text)
    $v0                                      0x080001a0   Number         0  startup_gd32f407_427.o(.text)
    .text                                    0x080001c4   Section        0  memcpya.o(.text)
    .text                                    0x080001e8   Section        0  memseta.o(.text)
    .text                                    0x0800020c   Section        0  strstr.o(.text)
    .text                                    0x08000230   Section        0  strlen.o(.text)
    .text                                    0x0800023e   Section        0  strcpy.o(.text)
    .text                                    0x08000250   Section        0  dadd.o(.text)
    .text                                    0x0800039e   Section        0  dmul.o(.text)
    .text                                    0x08000482   Section        0  ddiv.o(.text)
    .text                                    0x08000560   Section        0  uidiv.o(.text)
    .text                                    0x0800058c   Section        0  uldiv.o(.text)
    .text                                    0x080005ee   Section        0  llshl.o(.text)
    .text                                    0x0800060c   Section        0  llushr.o(.text)
    .text                                    0x0800062c   Section        0  llsshr.o(.text)
    .text                                    0x08000650   Section        0  depilogue.o(.text)
    .text                                    0x08000650   Section        0  iusefp.o(.text)
    .text                                    0x0800070a   Section        0  dfixul.o(.text)
    .text                                    0x0800073c   Section       48  cdrcmple.o(.text)
    .text                                    0x0800076c   Section       36  init.o(.text)
    i.ADC_Cmd                                0x08000790   Section        0  gd32f4xx_adc.o(i.ADC_Cmd)
    i.ADC_CommonInit                         0x080007a8   Section        0  gd32f4xx_adc.o(i.ADC_CommonInit)
    i.ADC_Init                               0x080007d8   Section        0  gd32f4xx_adc.o(i.ADC_Init)
    i.BusFault_Handler                       0x0800082c   Section        0  gd32f4xx_it.o(i.BusFault_Handler)
    i.DAC_Cmd                                0x08000830   Section        0  gd32f4xx_dac.o(i.DAC_Cmd)
    i.DAC_Init                               0x08000858   Section        0  gd32f4xx_dac.o(i.DAC_Init)
    i.DAC_SetChannel1Data                    0x0800088c   Section        0  gd32f4xx_dac.o(i.DAC_SetChannel1Data)
    i.DCI_IRQHandler                         0x080008ac   Section        0  dcmi.o(i.DCI_IRQHandler)
    i.DCMI_CaptureCmd                        0x080008e8   Section        0  gd32f4xx_dcmi.o(i.DCMI_CaptureCmd)
    i.DCMI_ClearITPendingBit                 0x0800090c   Section        0  gd32f4xx_dcmi.o(i.DCMI_ClearITPendingBit)
    i.DCMI_Cmd                               0x08000918   Section        0  gd32f4xx_dcmi.o(i.DCMI_Cmd)
    i.DCMI_DMA_Init                          0x0800093c   Section        0  dcmi.o(i.DCMI_DMA_Init)
    i.DCMI_DeInit                            0x080009f0   Section        0  gd32f4xx_dcmi.o(i.DCMI_DeInit)
    i.DCMI_GetITStatus                       0x08000a0c   Section        0  gd32f4xx_dcmi.o(i.DCMI_GetITStatus)
    i.DCMI_ITConfig                          0x08000a28   Section        0  gd32f4xx_dcmi.o(i.DCMI_ITConfig)
    i.DCMI_Init                              0x08000a4c   Section        0  gd32f4xx_dcmi.o(i.DCMI_Init)
    i.DCMI_Start                             0x08000a8c   Section        0  dcmi.o(i.DCMI_Start)
    i.DMA_Cmd                                0x08000aa4   Section        0  gd32f4xx_dma.o(i.DMA_Cmd)
    i.DMA_DeInit                             0x08000abc   Section        0  gd32f4xx_dma.o(i.DMA_DeInit)
    i.DMA_DoubleBufferModeCmd                0x08000c04   Section        0  gd32f4xx_dma.o(i.DMA_DoubleBufferModeCmd)
    i.DMA_GetCmdStatus                       0x08000c1a   Section        0  gd32f4xx_dma.o(i.DMA_GetCmdStatus)
    i.DMA_GetCurrDataCounter                 0x08000c2e   Section        0  gd32f4xx_dma.o(i.DMA_GetCurrDataCounter)
    i.DMA_ITConfig                           0x08000c36   Section        0  gd32f4xx_dma.o(i.DMA_ITConfig)
    i.DMA_Init                               0x08000c70   Section        0  gd32f4xx_dma.o(i.DMA_Init)
    i.DMA_MemoryTargetConfig                 0x08000cc8   Section        0  gd32f4xx_dma.o(i.DMA_MemoryTargetConfig)
    i.DMA_SetCurrDataCounter                 0x08000cd2   Section        0  gd32f4xx_dma.o(i.DMA_SetCurrDataCounter)
    i.Dac1_Init                              0x08000cd8   Section        0  dac.o(i.Dac1_Init)
    i.DebugMon_Handler                       0x08000d30   Section        0  gd32f4xx_it.o(i.DebugMon_Handler)
    i.EXTI_ClearITPendingBit                 0x08000d34   Section        0  gd32f4xx_exti.o(i.EXTI_ClearITPendingBit)
    i.GPIO_Init                              0x08000d40   Section        0  gd32f4xx_gpio.o(i.GPIO_Init)
    i.GPIO_PinAFConfig                       0x08000dd0   Section        0  gd32f4xx_gpio.o(i.GPIO_PinAFConfig)
    i.GPIO_ResetBits                         0x08000e16   Section        0  gd32f4xx_gpio.o(i.GPIO_ResetBits)
    i.GPIO_SetBits                           0x08000e1a   Section        0  gd32f4xx_gpio.o(i.GPIO_SetBits)
    i.HM609A_Init                            0x08000e20   Section        0  hm609a.o(i.HM609A_Init)
    i.HM609A_Program                         0x08000eb8   Section        0  hm609a.o(i.HM609A_Program)
    i.HM609A_Restart                         0x08000f98   Section        0  hm609a.o(i.HM609A_Restart)
    i.HM609A_Restart_Program                 0x08000fd8   Section        0  hm609a.o(i.HM609A_Restart_Program)
    i.HM609A_TIM_1ms                         0x0800103c   Section        0  hm609a.o(i.HM609A_TIM_1ms)
    i.HM609A_config                          0x08001074   Section        0  hm609a.o(i.HM609A_config)
    i.HardFault_Handler                      0x08001268   Section        0  gd32f4xx_it.o(i.HardFault_Handler)
    i.InVolt_Adc_Init                        0x0800126c   Section        0  adc.o(i.InVolt_Adc_Init)
    i.LED_Init                               0x080012f0   Section        0  led.o(i.LED_Init)
    i.LED_PWM_Init                           0x0800132c   Section        0  led.o(i.LED_PWM_Init)
    i.MemManage_Handler                      0x0800136c   Section        0  gd32f4xx_it.o(i.MemManage_Handler)
    i.MyDCMI_Init                            0x08001370   Section        0  dcmi.o(i.MyDCMI_Init)
    i.NMI_Handler                            0x080014d0   Section        0  gd32f4xx_it.o(i.NMI_Handler)
    i.NVIC_Init                              0x080014d4   Section        0  misc.o(i.NVIC_Init)
    i.NVIC_PriorityGroupConfig               0x0800154c   Section        0  misc.o(i.NVIC_PriorityGroupConfig)
    i.NVIC_SetPriority                       0x08001560   Section        0  systick.o(i.NVIC_SetPriority)
    NVIC_SetPriority                         0x08001561   Thumb Code    32  systick.o(i.NVIC_SetPriority)
    i.OV2640_ImageWin_Set                    0x08001588   Section        0  ov2640.o(i.OV2640_ImageWin_Set)
    i.OV2640_Init                            0x08001644   Section        0  ov2640.o(i.OV2640_Init)
    i.OV2640_JPEG_Mode                       0x0800176c   Section        0  ov2640.o(i.OV2640_JPEG_Mode)
    i.OV2640_Jpg_Photo                       0x080017b8   Section        0  ov2640.o(i.OV2640_Jpg_Photo)
    i.OV2640_OutSize_Set                     0x080018c0   Section        0  ov2640.o(i.OV2640_OutSize_Set)
    i.OV2640_PWR_Init                        0x08001948   Section        0  ov2640.o(i.OV2640_PWR_Init)
    i.PendSV_Handler                         0x08001988   Section        0  gd32f4xx_it.o(i.PendSV_Handler)
    i.Program_Init                           0x0800198c   Section        0  program.o(i.Program_Init)
    i.RCU_AHB1PeriphClockCmd                 0x08001a28   Section        0  gd32f4xx_rcu.o(i.RCU_AHB1PeriphClockCmd)
    i.RCU_AHB2PeriphClockCmd                 0x08001a48   Section        0  gd32f4xx_rcu.o(i.RCU_AHB2PeriphClockCmd)
    i.RCU_APB1PeriphClockCmd                 0x08001a68   Section        0  gd32f4xx_rcu.o(i.RCU_APB1PeriphClockCmd)
    i.RCU_APB1PeriphResetCmd                 0x08001a88   Section        0  gd32f4xx_rcu.o(i.RCU_APB1PeriphResetCmd)
    i.RCU_APB2PeriphClockCmd                 0x08001aa8   Section        0  gd32f4xx_rcu.o(i.RCU_APB2PeriphClockCmd)
    i.RCU_APB2PeriphResetCmd                 0x08001ac8   Section        0  gd32f4xx_rcu.o(i.RCU_APB2PeriphResetCmd)
    i.RCU_GetClocksFreq                      0x08001ae8   Section        0  gd32f4xx_rcu.o(i.RCU_GetClocksFreq)
    i.RTC_Alarm_IRQHandler                   0x08001bd0   Section        0  rtc.o(i.RTC_Alarm_IRQHandler)
    i.RTC_ClearFlag                          0x08001c00   Section        0  gd32f4xx_rtc.o(i.RTC_ClearFlag)
    i.RTC_GetFlagStatus                      0x08001c1c   Section        0  gd32f4xx_rtc.o(i.RTC_GetFlagStatus)
    i.RTC_WKUP_IRQHandler                    0x08001c44   Section        0  rtc.o(i.RTC_WKUP_IRQHandler)
    i.SCCB_Init                              0x08001c64   Section        0  sccb.o(i.SCCB_Init)
    i.SCCB_No_Ack                            0x08001cb8   Section        0  sccb.o(i.SCCB_No_Ack)
    i.SCCB_RD_Byte                           0x08001cf8   Section        0  sccb.o(i.SCCB_RD_Byte)
    i.SCCB_RD_Reg                            0x08001d68   Section        0  sccb.o(i.SCCB_RD_Reg)
    i.SCCB_Start                             0x08001db8   Section        0  sccb.o(i.SCCB_Start)
    i.SCCB_Stop                              0x08001dec   Section        0  sccb.o(i.SCCB_Stop)
    i.SCCB_WR_Byte                           0x08001e20   Section        0  sccb.o(i.SCCB_WR_Byte)
    i.SCCB_WR_Reg                            0x08001ec8   Section        0  sccb.o(i.SCCB_WR_Reg)
    i.SVC_Handler                            0x08001f06   Section        0  gd32f4xx_it.o(i.SVC_Handler)
    i.Speaker_Init                           0x08001f08   Section        0  dac.o(i.Speaker_Init)
    i.SysTick_CLKSourceConfig                0x08001f3c   Section        0  misc.o(i.SysTick_CLKSourceConfig)
    i.SysTick_Handler                        0x08001f64   Section        0  gd32f4xx_it.o(i.SysTick_Handler)
    i.SystemInit                             0x08001f6c   Section        0  system_gd32f4xx.o(i.SystemInit)
    i.TIM1_Init                              0x08002040   Section        0  timer.o(i.TIM1_Init)
    i.TIM3_PWM_Init                          0x0800209c   Section        0  timer.o(i.TIM3_PWM_Init)
    i.TIMER1_IRQHandler                      0x0800213c   Section        0  timer.o(i.TIMER1_IRQHandler)
    i.TIM_1000msProgram                      0x0800223c   Section        0  timer.o(i.TIM_1000msProgram)
    i.TIM_100msProgram                       0x08002254   Section        0  timer.o(i.TIM_100msProgram)
    i.TIM_10msProgram                        0x08002256   Section        0  timer.o(i.TIM_10msProgram)
    i.TIM_1msProgram                         0x08002258   Section        0  timer.o(i.TIM_1msProgram)
    i.TIM_ARRPreloadConfig                   0x08002264   Section        0  gd32f4xx_tim.o(i.TIM_ARRPreloadConfig)
    i.TIM_ClearITPendingBit                  0x0800227c   Section        0  gd32f4xx_tim.o(i.TIM_ClearITPendingBit)
    i.TIM_Cmd                                0x08002282   Section        0  gd32f4xx_tim.o(i.TIM_Cmd)
    i.TIM_GetITStatus                        0x0800229a   Section        0  gd32f4xx_tim.o(i.TIM_GetITStatus)
    i.TIM_ITConfig                           0x080022bc   Section        0  gd32f4xx_tim.o(i.TIM_ITConfig)
    i.TIM_OC1Init                            0x080022d0   Section        0  gd32f4xx_tim.o(i.TIM_OC1Init)
    i.TIM_OC1PreloadConfig                   0x08002348   Section        0  gd32f4xx_tim.o(i.TIM_OC1PreloadConfig)
    i.TIM_TimeBaseInit                       0x0800235c   Section        0  gd32f4xx_tim.o(i.TIM_TimeBaseInit)
    i.USART1_Clear                           0x080023e0   Section        0  usart.o(i.USART1_Clear)
    i.USART1_IRQHandler                      0x08002404   Section        0  usart.o(i.USART1_IRQHandler)
    i.USART1_Revice                          0x08002458   Section        0  usart.o(i.USART1_Revice)
    i.USART1_TIM_1ms                         0x080024a0   Section        0  usart.o(i.USART1_TIM_1ms)
    i.USART2_IRQHandler                      0x080024d4   Section        0  usart.o(i.USART2_IRQHandler)
    i.USART_Cmd                              0x0800255c   Section        0  gd32f4xx_usart.o(i.USART_Cmd)
    i.USART_DeInit                           0x08002574   Section        0  gd32f4xx_usart.o(i.USART_DeInit)
    i.USART_GetFlagStatus                    0x08002664   Section        0  gd32f4xx_usart.o(i.USART_GetFlagStatus)
    i.USART_GetITStatus                      0x0800267e   Section        0  gd32f4xx_usart.o(i.USART_GetITStatus)
    i.USART_ITConfig                         0x080026d2   Section        0  gd32f4xx_usart.o(i.USART_ITConfig)
    i.USART_Init                             0x0800271c   Section        0  gd32f4xx_usart.o(i.USART_Init)
    i.USART_ReceiveData                      0x080027f0   Section        0  gd32f4xx_usart.o(i.USART_ReceiveData)
    i.USART_SendData                         0x080027fa   Section        0  gd32f4xx_usart.o(i.USART_SendData)
    i.UsageFault_Handler                     0x08002802   Section        0  gd32f4xx_it.o(i.UsageFault_Handler)
    i.__0printf                              0x08002808   Section        0  printfa.o(i.__0printf)
    i.__0vsprintf                            0x08002828   Section        0  printfa.o(i.__0vsprintf)
    i.__scatterload_copy                     0x0800284c   Section       14  handlers.o(i.__scatterload_copy)
    i.__scatterload_null                     0x0800285a   Section        2  handlers.o(i.__scatterload_null)
    i.__scatterload_zeroinit                 0x0800285c   Section       14  handlers.o(i.__scatterload_zeroinit)
    i._fp_digits                             0x0800286c   Section        0  printfa.o(i._fp_digits)
    _fp_digits                               0x0800286d   Thumb Code   366  printfa.o(i._fp_digits)
    i._printf_core                           0x080029f0   Section        0  printfa.o(i._printf_core)
    _printf_core                             0x080029f1   Thumb Code  1704  printfa.o(i._printf_core)
    i._printf_post_padding                   0x080030a4   Section        0  printfa.o(i._printf_post_padding)
    _printf_post_padding                     0x080030a5   Thumb Code    36  printfa.o(i._printf_post_padding)
    i._printf_pre_padding                    0x080030c8   Section        0  printfa.o(i._printf_pre_padding)
    _printf_pre_padding                      0x080030c9   Thumb Code    46  printfa.o(i._printf_pre_padding)
    i._sputc                                 0x080030f6   Section        0  printfa.o(i._sputc)
    _sputc                                   0x080030f7   Thumb Code    10  printfa.o(i._sputc)
    i.air208_InAt                            0x08003100   Section        0  hm609a.o(i.air208_InAt)
    i.delay_decrement                        0x08003254   Section        0  systick.o(i.delay_decrement)
    i.delay_init                             0x0800326c   Section        0  delay.o(i.delay_init)
    i.delay_ms                               0x080032a8   Section        0  delay.o(i.delay_ms)
    i.delay_us                               0x080032e0   Section        0  delay.o(i.delay_us)
    i.delay_xms                              0x0800331c   Section        0  delay.o(i.delay_xms)
    i.fputc                                  0x08003358   Section        0  usart.o(i.fputc)
    i.jpeg_data_process                      0x08003374   Section        0  ov2640.o(i.jpeg_data_process)
    i.main                                   0x080033dc   Section        0  main.o(i.main)
    i.my_mem_init                            0x080033ec   Section        0  malloc.o(i.my_mem_init)
    i.my_mem_malloc                          0x08003430   Section        0  malloc.o(i.my_mem_malloc)
    i.my_mem_perused                         0x080034d8   Section        0  malloc.o(i.my_mem_perused)
    i.mymalloc                               0x08003518   Section        0  malloc.o(i.mymalloc)
    i.mymemset                               0x08003540   Section        0  malloc.o(i.mymemset)
    i.system_clock_200m_25m_hxtal            0x08003554   Section        0  system_gd32f4xx.o(i.system_clock_200m_25m_hxtal)
    system_clock_200m_25m_hxtal              0x08003555   Thumb Code   240  system_gd32f4xx.o(i.system_clock_200m_25m_hxtal)
    i.system_clock_config                    0x08003650   Section        0  system_gd32f4xx.o(i.system_clock_config)
    system_clock_config                      0x08003651   Thumb Code     8  system_gd32f4xx.o(i.system_clock_config)
    i.systick_config                         0x08003658   Section        0  systick.o(i.systick_config)
    i.u1_printf                              0x080036a8   Section        0  usart.o(i.u1_printf)
    i.usart1_init                            0x080036f8   Section        0  usart.o(i.usart1_init)
    i.usart2_init                            0x080037b4   Section        0  usart.o(i.usart2_init)
    .constdata                               0x08003860   Section      808  ov2640.o(.constdata)
    OV2640_AUTOEXPOSURE_LEVEL                0x08003b60   Data          40  ov2640.o(.constdata)
    .constdata                               0x08003b88   Section       36  malloc.o(.constdata)
    .ARM.__AT_0x10000000                     0x10000000   Section    61440  malloc.o(.ARM.__AT_0x10000000)
    .ARM.__AT_0x1000F000                     0x1000f000   Section     3840  malloc.o(.ARM.__AT_0x1000F000)
    .data                                    0x20000000   Section        4  system_gd32f4xx.o(.data)
    .data                                    0x20000004   Section       16  gd32f4xx_rcu.o(.data)
    APBAHBPrescTable                         0x20000004   Data          16  gd32f4xx_rcu.o(.data)
    .data                                    0x20000014   Section        4  systick.o(.data)
    delay                                    0x20000014   Data           4  systick.o(.data)
    .data                                    0x20000018   Section        4  delay.o(.data)
    fac_us                                   0x20000018   Data           1  delay.o(.data)
    fac_ms                                   0x2000001a   Data           2  delay.o(.data)
    .data                                    0x2000001c   Section        9  timer.o(.data)
    g_timCnt                                 0x2000001c   Data           4  timer.o(.data)
    led0pwmval                               0x20000022   Data           2  timer.o(.data)
    dir                                      0x20000024   Data           1  timer.o(.data)
    .data                                    0x20000028   Section       15  usart.o(.data)
    .data                                    0x20000038   Section        8  dcmi.o(.data)
    .data                                    0x20000040   Section       13  ov2640.o(.data)
    .data                                    0x20000050   Section       36  malloc.o(.data)
    .data                                    0x20000074   Section       22  hm609a.o(.data)
    Signs                                    0x20000083   Data           1  hm609a.o(.data)
    count                                    0x20000084   Data           1  hm609a.o(.data)
    Signs                                    0x20000085   Data           1  hm609a.o(.data)
    count                                    0x20000086   Data           1  hm609a.o(.data)
    Signs                                    0x20000087   Data           1  hm609a.o(.data)
    cnt                                      0x20000088   Data           1  hm609a.o(.data)
    count                                    0x20000089   Data           1  hm609a.o(.data)
    .bss                                     0x20000090   Section      404  usart.o(.bss)
    .bss                                     0x20000240   Section    108800  malloc.o(.bss)
    .bss                                     0x2001ab40   Section       20  hm609a.o(.bss)
    STACK                                    0x2001ab58   Section     2048  startup_gd32f407_427.o(STACK)
    .ARM.__AT_0x68000000                     0x68000000   Section    983040  malloc.o(.ARM.__AT_0x68000000)
    .ARM.__AT_0x680F0000                     0x680f0000   Section    61440  malloc.o(.ARM.__AT_0x680F0000)

    Global Symbols

    Symbol Name                              Value     Ov Type        Size  Object(Section)

    BuildAttributes$$THM_ISAv4$E$P$D$K$B$S$7EM$VFPi3$EXTD16$VFPS$VFMA$PE$A:L22UL41UL21$X:L11$S22US41US21$IEEE1$IW$USESV6$~STKCKD$USESV7$~SHL$OTIME$ROPI$IEEEX$EBA8$MICROLIB$REQ8$PRES8$EABIv2 0x00000000   Number         0  anon$$obj.o ABSOLUTE
    __ARM_use_no_argv                        0x00000000   Number         0  main.o ABSOLUTE
    __use_no_errno                           0x00000000   Number         0  useno.o ABSOLUTE
    __use_no_exception_handling              0x00000000   Number         0  useno.o ABSOLUTE
    __use_no_fp                              0x00000000   Number         0  useno.o ABSOLUTE
    __use_no_heap                            0x00000000   Number         0  useno.o ABSOLUTE
    __use_no_heap_region                     0x00000000   Number         0  useno.o ABSOLUTE
    __use_no_semihosting                     0x00000000   Number         0  useno.o ABSOLUTE
    __use_no_semihosting_swi                 0x00000000   Number         0  useno.o ABSOLUTE
    __use_no_signal_handling                 0x00000000   Number         0  useno.o ABSOLUTE
    _printf_a                                0x00000000   Number         0  stubs.o ABSOLUTE
    _printf_c                                0x00000000   Number         0  stubs.o ABSOLUTE
    _printf_charcount                        0x00000000   Number         0  stubs.o ABSOLUTE
    _printf_d                                0x00000000   Number         0  stubs.o ABSOLUTE
    _printf_e                                0x00000000   Number         0  stubs.o ABSOLUTE
    _printf_f                                0x00000000   Number         0  stubs.o ABSOLUTE
    _printf_flags                            0x00000000   Number         0  stubs.o ABSOLUTE
    _printf_fp_dec                           0x00000000   Number         0  stubs.o ABSOLUTE
    _printf_fp_hex                           0x00000000   Number         0  stubs.o ABSOLUTE
    _printf_g                                0x00000000   Number         0  stubs.o ABSOLUTE
    _printf_i                                0x00000000   Number         0  stubs.o ABSOLUTE
    _printf_int_dec                          0x00000000   Number         0  stubs.o ABSOLUTE
    _printf_l                                0x00000000   Number         0  stubs.o ABSOLUTE
    _printf_lc                               0x00000000   Number         0  stubs.o ABSOLUTE
    _printf_ll                               0x00000000   Number         0  stubs.o ABSOLUTE
    _printf_lld                              0x00000000   Number         0  stubs.o ABSOLUTE
    _printf_lli                              0x00000000   Number         0  stubs.o ABSOLUTE
    _printf_llo                              0x00000000   Number         0  stubs.o ABSOLUTE
    _printf_llu                              0x00000000   Number         0  stubs.o ABSOLUTE
    _printf_llx                              0x00000000   Number         0  stubs.o ABSOLUTE
    _printf_longlong_dec                     0x00000000   Number         0  stubs.o ABSOLUTE
    _printf_longlong_hex                     0x00000000   Number         0  stubs.o ABSOLUTE
    _printf_longlong_oct                     0x00000000   Number         0  stubs.o ABSOLUTE
    _printf_ls                               0x00000000   Number         0  stubs.o ABSOLUTE
    _printf_mbtowc                           0x00000000   Number         0  stubs.o ABSOLUTE
    _printf_n                                0x00000000   Number         0  stubs.o ABSOLUTE
    _printf_o                                0x00000000   Number         0  stubs.o ABSOLUTE
    _printf_p                                0x00000000   Number         0  stubs.o ABSOLUTE
    _printf_percent                          0x00000000   Number         0  stubs.o ABSOLUTE
    _printf_pre_padding                      0x00000000   Number         0  stubs.o ABSOLUTE
    _printf_return_value                     0x00000000   Number         0  stubs.o ABSOLUTE
    _printf_s                                0x00000000   Number         0  stubs.o ABSOLUTE
    _printf_sizespec                         0x00000000   Number         0  stubs.o ABSOLUTE
    _printf_str                              0x00000000   Number         0  stubs.o ABSOLUTE
    _printf_truncate_signed                  0x00000000   Number         0  stubs.o ABSOLUTE
    _printf_truncate_unsigned                0x00000000   Number         0  stubs.o ABSOLUTE
    _printf_u                                0x00000000   Number         0  stubs.o ABSOLUTE
    _printf_wc                               0x00000000   Number         0  stubs.o ABSOLUTE
    _printf_wctomb                           0x00000000   Number         0  stubs.o ABSOLUTE
    _printf_widthprec                        0x00000000   Number         0  stubs.o ABSOLUTE
    _printf_x                                0x00000000   Number         0  stubs.o ABSOLUTE
    __arm_fini_                               - Undefined Weak Reference
    __cpp_initialize__aeabi_                  - Undefined Weak Reference
    __cxa_finalize                            - Undefined Weak Reference
    __decompress                              - Undefined Weak Reference
    _clock_init                               - Undefined Weak Reference
    _microlib_exit                            - Undefined Weak Reference
    __Vectors_Size                           0x00000188   Number         0  startup_gd32f407_427.o ABSOLUTE
    __Vectors                                0x08000000   Data           4  startup_gd32f407_427.o(RESET)
    __Vectors_End                            0x08000188   Data           0  startup_gd32f407_427.o(RESET)
    __main                                   0x08000189   Thumb Code     0  entry.o(.ARM.Collect$$$$00000000)
    _main_stk                                0x08000189   Thumb Code     0  entry2.o(.ARM.Collect$$$$00000001)
    _main_scatterload                        0x0800018d   Thumb Code     0  entry5.o(.ARM.Collect$$$$00000004)
    __main_after_scatterload                 0x08000191   Thumb Code     0  entry5.o(.ARM.Collect$$$$00000004)
    _main_clock                              0x08000191   Thumb Code     0  entry7b.o(.ARM.Collect$$$$00000008)
    _main_cpp_init                           0x08000191   Thumb Code     0  entry8b.o(.ARM.Collect$$$$0000000A)
    _main_init                               0x08000191   Thumb Code     0  entry9a.o(.ARM.Collect$$$$0000000B)
    __rt_lib_shutdown_fini                   0x08000199   Thumb Code     0  entry12b.o(.ARM.Collect$$$$0000000E)
    __rt_final_cpp                           0x0800019d   Thumb Code     0  entry10a.o(.ARM.Collect$$$$0000000F)
    __rt_final_exit                          0x0800019d   Thumb Code     0  entry11a.o(.ARM.Collect$$$$00000011)
    Reset_Handler                            0x080001a1   Thumb Code     8  startup_gd32f407_427.o(.text)
    ADC_IRQHandler                           0x080001bb   Thumb Code     0  startup_gd32f407_427.o(.text)
    CAN0_EWMC_IRQHandler                     0x080001bb   Thumb Code     0  startup_gd32f407_427.o(.text)
    CAN0_RX0_IRQHandler                      0x080001bb   Thumb Code     0  startup_gd32f407_427.o(.text)
    CAN0_RX1_IRQHandler                      0x080001bb   Thumb Code     0  startup_gd32f407_427.o(.text)
    CAN0_TX_IRQHandler                       0x080001bb   Thumb Code     0  startup_gd32f407_427.o(.text)
    CAN1_EWMC_IRQHandler                     0x080001bb   Thumb Code     0  startup_gd32f407_427.o(.text)
    CAN1_RX0_IRQHandler                      0x080001bb   Thumb Code     0  startup_gd32f407_427.o(.text)
    CAN1_RX1_IRQHandler                      0x080001bb   Thumb Code     0  startup_gd32f407_427.o(.text)
    CAN1_TX_IRQHandler                       0x080001bb   Thumb Code     0  startup_gd32f407_427.o(.text)
    DMA0_Channel0_IRQHandler                 0x080001bb   Thumb Code     0  startup_gd32f407_427.o(.text)
    DMA0_Channel1_IRQHandler                 0x080001bb   Thumb Code     0  startup_gd32f407_427.o(.text)
    DMA0_Channel2_IRQHandler                 0x080001bb   Thumb Code     0  startup_gd32f407_427.o(.text)
    DMA0_Channel3_IRQHandler                 0x080001bb   Thumb Code     0  startup_gd32f407_427.o(.text)
    DMA0_Channel4_IRQHandler                 0x080001bb   Thumb Code     0  startup_gd32f407_427.o(.text)
    DMA0_Channel5_IRQHandler                 0x080001bb   Thumb Code     0  startup_gd32f407_427.o(.text)
    DMA0_Channel6_IRQHandler                 0x080001bb   Thumb Code     0  startup_gd32f407_427.o(.text)
    DMA0_Channel7_IRQHandler                 0x080001bb   Thumb Code     0  startup_gd32f407_427.o(.text)
    DMA1_Channel0_IRQHandler                 0x080001bb   Thumb Code     0  startup_gd32f407_427.o(.text)
    DMA1_Channel1_IRQHandler                 0x080001bb   Thumb Code     0  startup_gd32f407_427.o(.text)
    DMA1_Channel2_IRQHandler                 0x080001bb   Thumb Code     0  startup_gd32f407_427.o(.text)
    DMA1_Channel3_IRQHandler                 0x080001bb   Thumb Code     0  startup_gd32f407_427.o(.text)
    DMA1_Channel4_IRQHandler                 0x080001bb   Thumb Code     0  startup_gd32f407_427.o(.text)
    DMA1_Channel5_IRQHandler                 0x080001bb   Thumb Code     0  startup_gd32f407_427.o(.text)
    DMA1_Channel6_IRQHandler                 0x080001bb   Thumb Code     0  startup_gd32f407_427.o(.text)
    DMA1_Channel7_IRQHandler                 0x080001bb   Thumb Code     0  startup_gd32f407_427.o(.text)
    ENET_IRQHandler                          0x080001bb   Thumb Code     0  startup_gd32f407_427.o(.text)
    ENET_WKUP_IRQHandler                     0x080001bb   Thumb Code     0  startup_gd32f407_427.o(.text)
    EXMC_IRQHandler                          0x080001bb   Thumb Code     0  startup_gd32f407_427.o(.text)
    EXTI0_IRQHandler                         0x080001bb   Thumb Code     0  startup_gd32f407_427.o(.text)
    EXTI10_15_IRQHandler                     0x080001bb   Thumb Code     0  startup_gd32f407_427.o(.text)
    EXTI1_IRQHandler                         0x080001bb   Thumb Code     0  startup_gd32f407_427.o(.text)
    EXTI2_IRQHandler                         0x080001bb   Thumb Code     0  startup_gd32f407_427.o(.text)
    EXTI3_IRQHandler                         0x080001bb   Thumb Code     0  startup_gd32f407_427.o(.text)
    EXTI4_IRQHandler                         0x080001bb   Thumb Code     0  startup_gd32f407_427.o(.text)
    EXTI5_9_IRQHandler                       0x080001bb   Thumb Code     0  startup_gd32f407_427.o(.text)
    FMC_IRQHandler                           0x080001bb   Thumb Code     0  startup_gd32f407_427.o(.text)
    FPU_IRQHandler                           0x080001bb   Thumb Code     0  startup_gd32f407_427.o(.text)
    I2C0_ER_IRQHandler                       0x080001bb   Thumb Code     0  startup_gd32f407_427.o(.text)
    I2C0_EV_IRQHandler                       0x080001bb   Thumb Code     0  startup_gd32f407_427.o(.text)
    I2C1_ER_IRQHandler                       0x080001bb   Thumb Code     0  startup_gd32f407_427.o(.text)
    I2C1_EV_IRQHandler                       0x080001bb   Thumb Code     0  startup_gd32f407_427.o(.text)
    I2C2_ER_IRQHandler                       0x080001bb   Thumb Code     0  startup_gd32f407_427.o(.text)
    I2C2_EV_IRQHandler                       0x080001bb   Thumb Code     0  startup_gd32f407_427.o(.text)
    LVD_IRQHandler                           0x080001bb   Thumb Code     0  startup_gd32f407_427.o(.text)
    RCU_CTC_IRQHandler                       0x080001bb   Thumb Code     0  startup_gd32f407_427.o(.text)
    SDIO_IRQHandler                          0x080001bb   Thumb Code     0  startup_gd32f407_427.o(.text)
    SPI0_IRQHandler                          0x080001bb   Thumb Code     0  startup_gd32f407_427.o(.text)
    SPI1_IRQHandler                          0x080001bb   Thumb Code     0  startup_gd32f407_427.o(.text)
    SPI2_IRQHandler                          0x080001bb   Thumb Code     0  startup_gd32f407_427.o(.text)
    TAMPER_STAMP_IRQHandler                  0x080001bb   Thumb Code     0  startup_gd32f407_427.o(.text)
    TIMER0_BRK_TIMER8_IRQHandler             0x080001bb   Thumb Code     0  startup_gd32f407_427.o(.text)
    TIMER0_Channel_IRQHandler                0x080001bb   Thumb Code     0  startup_gd32f407_427.o(.text)
    TIMER0_TRG_CMT_TIMER10_IRQHandler        0x080001bb   Thumb Code     0  startup_gd32f407_427.o(.text)
    TIMER0_UP_TIMER9_IRQHandler              0x080001bb   Thumb Code     0  startup_gd32f407_427.o(.text)
    TIMER2_IRQHandler                        0x080001bb   Thumb Code     0  startup_gd32f407_427.o(.text)
    TIMER3_IRQHandler                        0x080001bb   Thumb Code     0  startup_gd32f407_427.o(.text)
    TIMER4_IRQHandler                        0x080001bb   Thumb Code     0  startup_gd32f407_427.o(.text)
    TIMER5_DAC_IRQHandler                    0x080001bb   Thumb Code     0  startup_gd32f407_427.o(.text)
    TIMER6_IRQHandler                        0x080001bb   Thumb Code     0  startup_gd32f407_427.o(.text)
    TIMER7_BRK_TIMER11_IRQHandler            0x080001bb   Thumb Code     0  startup_gd32f407_427.o(.text)
    TIMER7_Channel_IRQHandler                0x080001bb   Thumb Code     0  startup_gd32f407_427.o(.text)
    TIMER7_TRG_CMT_TIMER13_IRQHandler        0x080001bb   Thumb Code     0  startup_gd32f407_427.o(.text)
    TIMER7_UP_TIMER12_IRQHandler             0x080001bb   Thumb Code     0  startup_gd32f407_427.o(.text)
    TRNG_IRQHandler                          0x080001bb   Thumb Code     0  startup_gd32f407_427.o(.text)
    UART3_IRQHandler                         0x080001bb   Thumb Code     0  startup_gd32f407_427.o(.text)
    UART4_IRQHandler                         0x080001bb   Thumb Code     0  startup_gd32f407_427.o(.text)
    USART0_IRQHandler                        0x080001bb   Thumb Code     0  startup_gd32f407_427.o(.text)
    USART5_IRQHandler                        0x080001bb   Thumb Code     0  startup_gd32f407_427.o(.text)
    USBFS_IRQHandler                         0x080001bb   Thumb Code     0  startup_gd32f407_427.o(.text)
    USBFS_WKUP_IRQHandler                    0x080001bb   Thumb Code     0  startup_gd32f407_427.o(.text)
    USBHS_EP1_In_IRQHandler                  0x080001bb   Thumb Code     0  startup_gd32f407_427.o(.text)
    USBHS_EP1_Out_IRQHandler                 0x080001bb   Thumb Code     0  startup_gd32f407_427.o(.text)
    USBHS_IRQHandler                         0x080001bb   Thumb Code     0  startup_gd32f407_427.o(.text)
    USBHS_WKUP_IRQHandler                    0x080001bb   Thumb Code     0  startup_gd32f407_427.o(.text)
    WWDGT_IRQHandler                         0x080001bb   Thumb Code     0  startup_gd32f407_427.o(.text)
    __aeabi_memcpy                           0x080001c5   Thumb Code    36  memcpya.o(.text)
    __aeabi_memcpy4                          0x080001c5   Thumb Code     0  memcpya.o(.text)
    __aeabi_memcpy8                          0x080001c5   Thumb Code     0  memcpya.o(.text)
    __aeabi_memset                           0x080001e9   Thumb Code    14  memseta.o(.text)
    __aeabi_memset4                          0x080001e9   Thumb Code     0  memseta.o(.text)
    __aeabi_memset8                          0x080001e9   Thumb Code     0  memseta.o(.text)
    __aeabi_memclr                           0x080001f7   Thumb Code     4  memseta.o(.text)
    __aeabi_memclr4                          0x080001f7   Thumb Code     0  memseta.o(.text)
    __aeabi_memclr8                          0x080001f7   Thumb Code     0  memseta.o(.text)
    _memset$wrapper                          0x080001fb   Thumb Code    18  memseta.o(.text)
    strstr                                   0x0800020d   Thumb Code    36  strstr.o(.text)
    strlen                                   0x08000231   Thumb Code    14  strlen.o(.text)
    strcpy                                   0x0800023f   Thumb Code    18  strcpy.o(.text)
    __aeabi_dadd                             0x08000251   Thumb Code   322  dadd.o(.text)
    __aeabi_dsub                             0x08000393   Thumb Code     6  dadd.o(.text)
    __aeabi_drsub                            0x08000399   Thumb Code     6  dadd.o(.text)
    __aeabi_dmul                             0x0800039f   Thumb Code   228  dmul.o(.text)
    __aeabi_ddiv                             0x08000483   Thumb Code   222  ddiv.o(.text)
    __aeabi_uidiv                            0x08000561   Thumb Code     0  uidiv.o(.text)
    __aeabi_uidivmod                         0x08000561   Thumb Code    44  uidiv.o(.text)
    __aeabi_uldivmod                         0x0800058d   Thumb Code    98  uldiv.o(.text)
    __aeabi_llsl                             0x080005ef   Thumb Code    30  llshl.o(.text)
    _ll_shift_l                              0x080005ef   Thumb Code     0  llshl.o(.text)
    __aeabi_llsr                             0x0800060d   Thumb Code    32  llushr.o(.text)
    _ll_ushift_r                             0x0800060d   Thumb Code     0  llushr.o(.text)
    __aeabi_lasr                             0x0800062d   Thumb Code    36  llsshr.o(.text)
    _ll_sshift_r                             0x0800062d   Thumb Code     0  llsshr.o(.text)
    __I$use$fp                               0x08000651   Thumb Code     0  iusefp.o(.text)
    _double_round                            0x08000651   Thumb Code    30  depilogue.o(.text)
    _double_epilogue                         0x0800066f   Thumb Code   156  depilogue.o(.text)
    __aeabi_d2ulz                            0x0800070b   Thumb Code    48  dfixul.o(.text)
    __aeabi_cdrcmple                         0x0800073d   Thumb Code    48  cdrcmple.o(.text)
    __scatterload                            0x0800076d   Thumb Code    28  init.o(.text)
    __scatterload_rt2                        0x0800076d   Thumb Code     0  init.o(.text)
    ADC_Cmd                                  0x08000791   Thumb Code    22  gd32f4xx_adc.o(i.ADC_Cmd)
    ADC_CommonInit                           0x080007a9   Thumb Code    34  gd32f4xx_adc.o(i.ADC_CommonInit)
    ADC_Init                                 0x080007d9   Thumb Code    74  gd32f4xx_adc.o(i.ADC_Init)
    BusFault_Handler                         0x0800082d   Thumb Code     4  gd32f4xx_it.o(i.BusFault_Handler)
    DAC_Cmd                                  0x08000831   Thumb Code    34  gd32f4xx_dac.o(i.DAC_Cmd)
    DAC_Init                                 0x08000859   Thumb Code    46  gd32f4xx_dac.o(i.DAC_Init)
    DAC_SetChannel1Data                      0x0800088d   Thumb Code    26  gd32f4xx_dac.o(i.DAC_SetChannel1Data)
    DCI_IRQHandler                           0x080008ad   Thumb Code    50  dcmi.o(i.DCI_IRQHandler)
    DCMI_CaptureCmd                          0x080008e9   Thumb Code    30  gd32f4xx_dcmi.o(i.DCMI_CaptureCmd)
    DCMI_ClearITPendingBit                   0x0800090d   Thumb Code     6  gd32f4xx_dcmi.o(i.DCMI_ClearITPendingBit)
    DCMI_Cmd                                 0x08000919   Thumb Code    30  gd32f4xx_dcmi.o(i.DCMI_Cmd)
    DCMI_DMA_Init                            0x0800093d   Thumb Code   172  dcmi.o(i.DCMI_DMA_Init)
    DCMI_DeInit                              0x080009f1   Thumb Code    24  gd32f4xx_dcmi.o(i.DCMI_DeInit)
    DCMI_GetITStatus                         0x08000a0d   Thumb Code    24  gd32f4xx_dcmi.o(i.DCMI_GetITStatus)
    DCMI_ITConfig                            0x08000a29   Thumb Code    30  gd32f4xx_dcmi.o(i.DCMI_ITConfig)
    DCMI_Init                                0x08000a4d   Thumb Code    60  gd32f4xx_dcmi.o(i.DCMI_Init)
    DCMI_Start                               0x08000a8d   Thumb Code    18  dcmi.o(i.DCMI_Start)
    DMA_Cmd                                  0x08000aa5   Thumb Code    22  gd32f4xx_dma.o(i.DMA_Cmd)
    DMA_DeInit                               0x08000abd   Thumb Code   308  gd32f4xx_dma.o(i.DMA_DeInit)
    DMA_DoubleBufferModeCmd                  0x08000c05   Thumb Code    22  gd32f4xx_dma.o(i.DMA_DoubleBufferModeCmd)
    DMA_GetCmdStatus                         0x08000c1b   Thumb Code    20  gd32f4xx_dma.o(i.DMA_GetCmdStatus)
    DMA_GetCurrDataCounter                   0x08000c2f   Thumb Code     8  gd32f4xx_dma.o(i.DMA_GetCurrDataCounter)
    DMA_ITConfig                             0x08000c37   Thumb Code    58  gd32f4xx_dma.o(i.DMA_ITConfig)
    DMA_Init                                 0x08000c71   Thumb Code    82  gd32f4xx_dma.o(i.DMA_Init)
    DMA_MemoryTargetConfig                   0x08000cc9   Thumb Code    10  gd32f4xx_dma.o(i.DMA_MemoryTargetConfig)
    DMA_SetCurrDataCounter                   0x08000cd3   Thumb Code     4  gd32f4xx_dma.o(i.DMA_SetCurrDataCounter)
    Dac1_Init                                0x08000cd9   Thumb Code    84  dac.o(i.Dac1_Init)
    DebugMon_Handler                         0x08000d31   Thumb Code     2  gd32f4xx_it.o(i.DebugMon_Handler)
    EXTI_ClearITPendingBit                   0x08000d35   Thumb Code     6  gd32f4xx_exti.o(i.EXTI_ClearITPendingBit)
    GPIO_Init                                0x08000d41   Thumb Code   144  gd32f4xx_gpio.o(i.GPIO_Init)
    GPIO_PinAFConfig                         0x08000dd1   Thumb Code    70  gd32f4xx_gpio.o(i.GPIO_PinAFConfig)
    GPIO_ResetBits                           0x08000e17   Thumb Code     4  gd32f4xx_gpio.o(i.GPIO_ResetBits)
    GPIO_SetBits                             0x08000e1b   Thumb Code     4  gd32f4xx_gpio.o(i.GPIO_SetBits)
    HM609A_Init                              0x08000e21   Thumb Code   142  hm609a.o(i.HM609A_Init)
    HM609A_Program                           0x08000eb9   Thumb Code   208  hm609a.o(i.HM609A_Program)
    HM609A_Restart                           0x08000f99   Thumb Code    48  hm609a.o(i.HM609A_Restart)
    HM609A_Restart_Program                   0x08000fd9   Thumb Code    86  hm609a.o(i.HM609A_Restart_Program)
    HM609A_TIM_1ms                           0x0800103d   Thumb Code    44  hm609a.o(i.HM609A_TIM_1ms)
    HM609A_config                            0x08001075   Thumb Code   312  hm609a.o(i.HM609A_config)
    HardFault_Handler                        0x08001269   Thumb Code     4  gd32f4xx_it.o(i.HardFault_Handler)
    InVolt_Adc_Init                          0x0800126d   Thumb Code   124  adc.o(i.InVolt_Adc_Init)
    LED_Init                                 0x080012f1   Thumb Code    56  led.o(i.LED_Init)
    LED_PWM_Init                             0x0800132d   Thumb Code    60  led.o(i.LED_PWM_Init)
    MemManage_Handler                        0x0800136d   Thumb Code     4  gd32f4xx_it.o(i.MemManage_Handler)
    MyDCMI_Init                              0x08001371   Thumb Code   330  dcmi.o(i.MyDCMI_Init)
    NMI_Handler                              0x080014d1   Thumb Code     2  gd32f4xx_it.o(i.NMI_Handler)
    NVIC_Init                                0x080014d5   Thumb Code   106  misc.o(i.NVIC_Init)
    NVIC_PriorityGroupConfig                 0x0800154d   Thumb Code    10  misc.o(i.NVIC_PriorityGroupConfig)
    OV2640_ImageWin_Set                      0x08001589   Thumb Code   188  ov2640.o(i.OV2640_ImageWin_Set)
    OV2640_Init                              0x08001645   Thumb Code   250  ov2640.o(i.OV2640_Init)
    OV2640_JPEG_Mode                         0x0800176d   Thumb Code    66  ov2640.o(i.OV2640_JPEG_Mode)
    OV2640_Jpg_Photo                         0x080017b9   Thumb Code   220  ov2640.o(i.OV2640_Jpg_Photo)
    OV2640_OutSize_Set                       0x080018c1   Thumb Code   136  ov2640.o(i.OV2640_OutSize_Set)
    OV2640_PWR_Init                          0x08001949   Thumb Code    60  ov2640.o(i.OV2640_PWR_Init)
    PendSV_Handler                           0x08001989   Thumb Code     2  gd32f4xx_it.o(i.PendSV_Handler)
    Program_Init                             0x0800198d   Thumb Code   126  program.o(i.Program_Init)
    RCU_AHB1PeriphClockCmd                   0x08001a29   Thumb Code    26  gd32f4xx_rcu.o(i.RCU_AHB1PeriphClockCmd)
    RCU_AHB2PeriphClockCmd                   0x08001a49   Thumb Code    26  gd32f4xx_rcu.o(i.RCU_AHB2PeriphClockCmd)
    RCU_APB1PeriphClockCmd                   0x08001a69   Thumb Code    26  gd32f4xx_rcu.o(i.RCU_APB1PeriphClockCmd)
    RCU_APB1PeriphResetCmd                   0x08001a89   Thumb Code    26  gd32f4xx_rcu.o(i.RCU_APB1PeriphResetCmd)
    RCU_APB2PeriphClockCmd                   0x08001aa9   Thumb Code    26  gd32f4xx_rcu.o(i.RCU_APB2PeriphClockCmd)
    RCU_APB2PeriphResetCmd                   0x08001ac9   Thumb Code    26  gd32f4xx_rcu.o(i.RCU_APB2PeriphResetCmd)
    RCU_GetClocksFreq                        0x08001ae9   Thumb Code   214  gd32f4xx_rcu.o(i.RCU_GetClocksFreq)
    RTC_Alarm_IRQHandler                     0x08001bd1   Thumb Code    36  rtc.o(i.RTC_Alarm_IRQHandler)
    RTC_ClearFlag                            0x08001c01   Thumb Code    24  gd32f4xx_rtc.o(i.RTC_ClearFlag)
    RTC_GetFlagStatus                        0x08001c1d   Thumb Code    32  gd32f4xx_rtc.o(i.RTC_GetFlagStatus)
    RTC_WKUP_IRQHandler                      0x08001c45   Thumb Code    30  rtc.o(i.RTC_WKUP_IRQHandler)
    SCCB_Init                                0x08001c65   Thumb Code    78  sccb.o(i.SCCB_Init)
    SCCB_No_Ack                              0x08001cb9   Thumb Code    56  sccb.o(i.SCCB_No_Ack)
    SCCB_RD_Byte                             0x08001cf9   Thumb Code   100  sccb.o(i.SCCB_RD_Byte)
    SCCB_RD_Reg                              0x08001d69   Thumb Code    78  sccb.o(i.SCCB_RD_Reg)
    SCCB_Start                               0x08001db9   Thumb Code    42  sccb.o(i.SCCB_Start)
    SCCB_Stop                                0x08001ded   Thumb Code    42  sccb.o(i.SCCB_Stop)
    SCCB_WR_Byte                             0x08001e21   Thumb Code   154  sccb.o(i.SCCB_WR_Byte)
    SCCB_WR_Reg                              0x08001ec9   Thumb Code    62  sccb.o(i.SCCB_WR_Reg)
    SVC_Handler                              0x08001f07   Thumb Code     2  gd32f4xx_it.o(i.SVC_Handler)
    Speaker_Init                             0x08001f09   Thumb Code    46  dac.o(i.Speaker_Init)
    SysTick_CLKSourceConfig                  0x08001f3d   Thumb Code    40  misc.o(i.SysTick_CLKSourceConfig)
    SysTick_Handler                          0x08001f65   Thumb Code     8  gd32f4xx_it.o(i.SysTick_Handler)
    SystemInit                               0x08001f6d   Thumb Code   194  system_gd32f4xx.o(i.SystemInit)
    TIM1_Init                                0x08002041   Thumb Code    90  timer.o(i.TIM1_Init)
    TIM3_PWM_Init                            0x0800209d   Thumb Code   150  timer.o(i.TIM3_PWM_Init)
    TIMER1_IRQHandler                        0x0800213d   Thumb Code   246  timer.o(i.TIMER1_IRQHandler)
    TIM_1000msProgram                        0x0800223d   Thumb Code    18  timer.o(i.TIM_1000msProgram)
    TIM_100msProgram                         0x08002255   Thumb Code     2  timer.o(i.TIM_100msProgram)
    TIM_10msProgram                          0x08002257   Thumb Code     2  timer.o(i.TIM_10msProgram)
    TIM_1msProgram                           0x08002259   Thumb Code    12  timer.o(i.TIM_1msProgram)
    TIM_ARRPreloadConfig                     0x08002265   Thumb Code    24  gd32f4xx_tim.o(i.TIM_ARRPreloadConfig)
    TIM_ClearITPendingBit                    0x0800227d   Thumb Code     6  gd32f4xx_tim.o(i.TIM_ClearITPendingBit)
    TIM_Cmd                                  0x08002283   Thumb Code    24  gd32f4xx_tim.o(i.TIM_Cmd)
    TIM_GetITStatus                          0x0800229b   Thumb Code    34  gd32f4xx_tim.o(i.TIM_GetITStatus)
    TIM_ITConfig                             0x080022bd   Thumb Code    18  gd32f4xx_tim.o(i.TIM_ITConfig)
    TIM_OC1Init                              0x080022d1   Thumb Code   114  gd32f4xx_tim.o(i.TIM_OC1Init)
    TIM_OC1PreloadConfig                     0x08002349   Thumb Code    18  gd32f4xx_tim.o(i.TIM_OC1PreloadConfig)
    TIM_TimeBaseInit                         0x0800235d   Thumb Code   104  gd32f4xx_tim.o(i.TIM_TimeBaseInit)
    USART1_Clear                             0x080023e1   Thumb Code    22  usart.o(i.USART1_Clear)
    USART1_IRQHandler                        0x08002405   Thumb Code    62  usart.o(i.USART1_IRQHandler)
    USART1_Revice                            0x08002459   Thumb Code    58  usart.o(i.USART1_Revice)
    USART1_TIM_1ms                           0x080024a1   Thumb Code    40  usart.o(i.USART1_TIM_1ms)
    USART2_IRQHandler                        0x080024d5   Thumb Code   122  usart.o(i.USART2_IRQHandler)
    USART_Cmd                                0x0800255d   Thumb Code    24  gd32f4xx_usart.o(i.USART_Cmd)
    USART_DeInit                             0x08002575   Thumb Code   206  gd32f4xx_usart.o(i.USART_DeInit)
    USART_GetFlagStatus                      0x08002665   Thumb Code    26  gd32f4xx_usart.o(i.USART_GetFlagStatus)
    USART_GetITStatus                        0x0800267f   Thumb Code    84  gd32f4xx_usart.o(i.USART_GetITStatus)
    USART_ITConfig                           0x080026d3   Thumb Code    74  gd32f4xx_usart.o(i.USART_ITConfig)
    USART_Init                               0x0800271d   Thumb Code   204  gd32f4xx_usart.o(i.USART_Init)
    USART_ReceiveData                        0x080027f1   Thumb Code    10  gd32f4xx_usart.o(i.USART_ReceiveData)
    USART_SendData                           0x080027fb   Thumb Code     8  gd32f4xx_usart.o(i.USART_SendData)
    UsageFault_Handler                       0x08002803   Thumb Code     4  gd32f4xx_it.o(i.UsageFault_Handler)
    __0printf                                0x08002809   Thumb Code    22  printfa.o(i.__0printf)
    __1printf                                0x08002809   Thumb Code     0  printfa.o(i.__0printf)
    __2printf                                0x08002809   Thumb Code     0  printfa.o(i.__0printf)
    __c89printf                              0x08002809   Thumb Code     0  printfa.o(i.__0printf)
    printf                                   0x08002809   Thumb Code     0  printfa.o(i.__0printf)
    __0vsprintf                              0x08002829   Thumb Code    30  printfa.o(i.__0vsprintf)
    __1vsprintf                              0x08002829   Thumb Code     0  printfa.o(i.__0vsprintf)
    __2vsprintf                              0x08002829   Thumb Code     0  printfa.o(i.__0vsprintf)
    __c89vsprintf                            0x08002829   Thumb Code     0  printfa.o(i.__0vsprintf)
    vsprintf                                 0x08002829   Thumb Code     0  printfa.o(i.__0vsprintf)
    __scatterload_copy                       0x0800284d   Thumb Code    14  handlers.o(i.__scatterload_copy)
    __scatterload_null                       0x0800285b   Thumb Code     2  handlers.o(i.__scatterload_null)
    __scatterload_zeroinit                   0x0800285d   Thumb Code    14  handlers.o(i.__scatterload_zeroinit)
    air208_InAt                              0x08003101   Thumb Code   248  hm609a.o(i.air208_InAt)
    delay_decrement                          0x08003255   Thumb Code    18  systick.o(i.delay_decrement)
    delay_init                               0x0800326d   Thumb Code    52  delay.o(i.delay_init)
    delay_ms                                 0x080032a9   Thumb Code    56  delay.o(i.delay_ms)
    delay_us                                 0x080032e1   Thumb Code    56  delay.o(i.delay_us)
    delay_xms                                0x0800331d   Thumb Code    56  delay.o(i.delay_xms)
    fputc                                    0x08003359   Thumb Code    24  usart.o(i.fputc)
    jpeg_data_process                        0x08003375   Thumb Code    88  ov2640.o(i.jpeg_data_process)
    main                                     0x080033dd   Thumb Code    16  main.o(i.main)
    my_mem_init                              0x080033ed   Thumb Code    54  malloc.o(i.my_mem_init)
    my_mem_malloc                            0x08003431   Thumb Code   156  malloc.o(i.my_mem_malloc)
    my_mem_perused                           0x080034d9   Thumb Code    54  malloc.o(i.my_mem_perused)
    mymalloc                                 0x08003519   Thumb Code    34  malloc.o(i.mymalloc)
    mymemset                                 0x08003541   Thumb Code    20  malloc.o(i.mymemset)
    systick_config                           0x08003659   Thumb Code    74  systick.o(i.systick_config)
    u1_printf                                0x080036a9   Thumb Code    72  usart.o(i.u1_printf)
    usart1_init                              0x080036f9   Thumb Code   176  usart.o(i.usart1_init)
    usart2_init                              0x080037b5   Thumb Code   164  usart.o(i.usart2_init)
    ov2640_sxga_init_reg_tbl                 0x08003860   Data         356  ov2640.o(.constdata)
    ov2640_svga_init_reg_tbl                 0x080039c4   Data         354  ov2640.o(.constdata)
    ov2640_jpeg_reg_tbl                      0x08003b26   Data          14  ov2640.o(.constdata)
    ov2640_rgb565_reg_tbl                    0x08003b34   Data          28  ov2640.o(.constdata)
    ov2640_yuv422_reg_tbl                    0x08003b50   Data          16  ov2640.o(.constdata)
    memtblsize                               0x08003b88   Data          12  malloc.o(.constdata)
    memblksize                               0x08003b94   Data          12  malloc.o(.constdata)
    memsize                                  0x08003ba0   Data          12  malloc.o(.constdata)
    Region$$Table$$Base                      0x08003bac   Number         0  anon$$obj.o(Region$$Table)
    Region$$Table$$Limit                     0x08003bcc   Number         0  anon$$obj.o(Region$$Table)
    mem3base                                 0x10000000   Data       61440  malloc.o(.ARM.__AT_0x10000000)
    mem3mapbase                              0x1000f000   Data        3840  malloc.o(.ARM.__AT_0x1000F000)
    SystemCoreClock                          0x20000000   Data           4  system_gd32f4xx.o(.data)
    g_timFlag                                0x20000020   Data           1  timer.o(.data)
    __stdout                                 0x20000028   Data           4  usart.o(.data)
    USART2_RX_STA                            0x2000002c   Data           2  usart.o(.data)
    USART1_RX_STA                            0x2000002e   Data           2  usart.o(.data)
    g_usart1Cnt                              0x20000030   Data           4  usart.o(.data)
    g_usart1RevTimCnt                        0x20000034   Data           1  usart.o(.data)
    g_usart1RevFlag                          0x20000035   Data           1  usart.o(.data)
    g_usart1RevFinish                        0x20000036   Data           1  usart.o(.data)
    ov_frame                                 0x20000038   Data           1  dcmi.o(.data)
    dcmi_rx_callback                         0x2000003c   Data           4  dcmi.o(.data)
    jpeg_data_len                            0x20000040   Data           4  ov2640.o(.data)
    jpeg_data_ok                             0x20000044   Data           1  ov2640.o(.data)
    jpeg_data_buf                            0x20000048   Data           4  ov2640.o(.data)
    ov2640_mode                              0x2000004c   Data           1  ov2640.o(.data)
    mallco_dev                               0x20000050   Data          36  malloc.o(.data)
    g_hm609aState                            0x20000074   Data           2  hm609a.o(.data)
    g_hm609aTim                              0x20000078   Data           4  hm609a.o(.data)
    g_hm609aReturnTim                        0x2000007c   Data           2  hm609a.o(.data)
    g_hm609aSignal                           0x2000007e   Data           1  hm609a.o(.data)
    g_hm609aHeartBeat                        0x20000080   Data           2  hm609a.o(.data)
    g_hm609aFlag                             0x20000082   Data           1  hm609a.o(.data)
    USART2_RX_BUF                            0x20000090   Data         100  usart.o(.bss)
    USART1_TX_BUF                            0x200000f8   Data         100  usart.o(.bss)
    USART1_RX_BUF                            0x2000015c   Data         200  usart.o(.bss)
    mem1base                                 0x20000240   Data       102400  malloc.o(.bss)
    mem1mapbase                              0x20019240   Data        6400  malloc.o(.bss)
    res_at                                   0x2001ab40   Data          20  hm609a.o(.bss)
    __initial_sp                             0x2001b358   Data           0  startup_gd32f407_427.o(STACK)
    mem2base                                 0x68000000   Data       983040  malloc.o(.ARM.__AT_0x68000000)
    mem2mapbase                              0x680f0000   Data       61440  malloc.o(.ARM.__AT_0x680F0000)



==============================================================================

Memory Map of the image

  Image Entry point : 0x08000189

  Load Region LR_IROM1 (Base: 0x08000000, Size: 0x00003c58, Max: 0x00100000, ABSOLUTE)

    Execution Region ER_IROM1 (Exec base: 0x08000000, Load base: 0x08000000, Size: 0x00003bcc, Max: 0x00100000, ABSOLUTE)

    Exec Addr    Load Addr    Size         Type   Attr      Idx    E Section Name        Object

    0x08000000   0x08000000   0x00000188   Data   RO          115    RESET               startup_gd32f407_427.o
    0x08000188   0x08000188   0x00000000   Code   RO         4542  * .ARM.Collect$$$$00000000  mc_w.l(entry.o)
    0x08000188   0x08000188   0x00000004   Code   RO         4865    .ARM.Collect$$$$00000001  mc_w.l(entry2.o)
    0x0800018c   0x0800018c   0x00000004   Code   RO         4868    .ARM.Collect$$$$00000004  mc_w.l(entry5.o)
    0x08000190   0x08000190   0x00000000   Code   RO         4870    .ARM.Collect$$$$00000008  mc_w.l(entry7b.o)
    0x08000190   0x08000190   0x00000000   Code   RO         4872    .ARM.Collect$$$$0000000A  mc_w.l(entry8b.o)
    0x08000190   0x08000190   0x00000008   Code   RO         4873    .ARM.Collect$$$$0000000B  mc_w.l(entry9a.o)
    0x08000198   0x08000198   0x00000004   Code   RO         4880    .ARM.Collect$$$$0000000E  mc_w.l(entry12b.o)
    0x0800019c   0x0800019c   0x00000000   Code   RO         4875    .ARM.Collect$$$$0000000F  mc_w.l(entry10a.o)
    0x0800019c   0x0800019c   0x00000000   Code   RO         4877    .ARM.Collect$$$$00000011  mc_w.l(entry11a.o)
    0x0800019c   0x0800019c   0x00000004   Code   RO         4866    .ARM.Collect$$$$00002712  mc_w.l(entry2.o)
    0x080001a0   0x080001a0   0x00000024   Code   RO          116    .text               startup_gd32f407_427.o
    0x080001c4   0x080001c4   0x00000024   Code   RO         4545    .text               mc_w.l(memcpya.o)
    0x080001e8   0x080001e8   0x00000024   Code   RO         4547    .text               mc_w.l(memseta.o)
    0x0800020c   0x0800020c   0x00000024   Code   RO         4549    .text               mc_w.l(strstr.o)
    0x08000230   0x08000230   0x0000000e   Code   RO         4551    .text               mc_w.l(strlen.o)
    0x0800023e   0x0800023e   0x00000012   Code   RO         4553    .text               mc_w.l(strcpy.o)
    0x08000250   0x08000250   0x0000014e   Code   RO         4818    .text               mf_w.l(dadd.o)
    0x0800039e   0x0800039e   0x000000e4   Code   RO         4820    .text               mf_w.l(dmul.o)
    0x08000482   0x08000482   0x000000de   Code   RO         4822    .text               mf_w.l(ddiv.o)
    0x08000560   0x08000560   0x0000002c   Code   RO         4881    .text               mc_w.l(uidiv.o)
    0x0800058c   0x0800058c   0x00000062   Code   RO         4883    .text               mc_w.l(uldiv.o)
    0x080005ee   0x080005ee   0x0000001e   Code   RO         4885    .text               mc_w.l(llshl.o)
    0x0800060c   0x0800060c   0x00000020   Code   RO         4887    .text               mc_w.l(llushr.o)
    0x0800062c   0x0800062c   0x00000024   Code   RO         4889    .text               mc_w.l(llsshr.o)
    0x08000650   0x08000650   0x00000000   Code   RO         4898    .text               mc_w.l(iusefp.o)
    0x08000650   0x08000650   0x000000ba   Code   RO         4901    .text               mf_w.l(depilogue.o)
    0x0800070a   0x0800070a   0x00000030   Code   RO         4905    .text               mf_w.l(dfixul.o)
    0x0800073a   0x0800073a   0x00000002   PAD
    0x0800073c   0x0800073c   0x00000030   Code   RO         4909    .text               mf_w.l(cdrcmple.o)
    0x0800076c   0x0800076c   0x00000024   Code   RO         4919    .text               mc_w.l(init.o)
    0x08000790   0x08000790   0x00000016   Code   RO         1499    i.ADC_Cmd           gd32f4xx_adc.o
    0x080007a6   0x080007a6   0x00000002   PAD
    0x080007a8   0x080007a8   0x00000030   Code   RO         1500    i.ADC_CommonInit    gd32f4xx_adc.o
    0x080007d8   0x080007d8   0x00000054   Code   RO         1519    i.ADC_Init          gd32f4xx_adc.o
    0x0800082c   0x0800082c   0x00000004   Code   RO         3141    i.BusFault_Handler  gd32f4xx_it.o
    0x08000830   0x08000830   0x00000028   Code   RO         1737    i.DAC_Cmd           gd32f4xx_dac.o
    0x08000858   0x08000858   0x00000034   Code   RO         1745    i.DAC_Init          gd32f4xx_dac.o
    0x0800088c   0x0800088c   0x00000020   Code   RO         1746    i.DAC_SetChannel1Data  gd32f4xx_dac.o
    0x080008ac   0x080008ac   0x0000003c   Code   RO         3650    i.DCI_IRQHandler    dcmi.o
    0x080008e8   0x080008e8   0x00000024   Code   RO         3039    i.DCMI_CaptureCmd   gd32f4xx_dcmi.o
    0x0800090c   0x0800090c   0x0000000c   Code   RO         3041    i.DCMI_ClearITPendingBit  gd32f4xx_dcmi.o
    0x08000918   0x08000918   0x00000024   Code   RO         3042    i.DCMI_Cmd          gd32f4xx_dcmi.o
    0x0800093c   0x0800093c   0x000000b4   Code   RO         3652    i.DCMI_DMA_Init     dcmi.o
    0x080009f0   0x080009f0   0x0000001c   Code   RO         3043    i.DCMI_DeInit       gd32f4xx_dcmi.o
    0x08000a0c   0x08000a0c   0x0000001c   Code   RO         3045    i.DCMI_GetITStatus  gd32f4xx_dcmi.o
    0x08000a28   0x08000a28   0x00000024   Code   RO         3046    i.DCMI_ITConfig     gd32f4xx_dcmi.o
    0x08000a4c   0x08000a4c   0x00000040   Code   RO         3047    i.DCMI_Init         gd32f4xx_dcmi.o
    0x08000a8c   0x08000a8c   0x00000018   Code   RO         3654    i.DCMI_Start        dcmi.o
    0x08000aa4   0x08000aa4   0x00000016   Code   RO         2241    i.DMA_Cmd           gd32f4xx_dma.o
    0x08000aba   0x08000aba   0x00000002   PAD
    0x08000abc   0x08000abc   0x00000148   Code   RO         2242    i.DMA_DeInit        gd32f4xx_dma.o
    0x08000c04   0x08000c04   0x00000016   Code   RO         2243    i.DMA_DoubleBufferModeCmd  gd32f4xx_dma.o
    0x08000c1a   0x08000c1a   0x00000014   Code   RO         2246    i.DMA_GetCmdStatus  gd32f4xx_dma.o
    0x08000c2e   0x08000c2e   0x00000008   Code   RO         2247    i.DMA_GetCurrDataCounter  gd32f4xx_dma.o
    0x08000c36   0x08000c36   0x0000003a   Code   RO         2252    i.DMA_ITConfig      gd32f4xx_dma.o
    0x08000c70   0x08000c70   0x00000058   Code   RO         2253    i.DMA_Init          gd32f4xx_dma.o
    0x08000cc8   0x08000cc8   0x0000000a   Code   RO         2254    i.DMA_MemoryTargetConfig  gd32f4xx_dma.o
    0x08000cd2   0x08000cd2   0x00000004   Code   RO         2256    i.DMA_SetCurrDataCounter  gd32f4xx_dma.o
    0x08000cd6   0x08000cd6   0x00000002   PAD
    0x08000cd8   0x08000cd8   0x00000058   Code   RO         3606    i.Dac1_Init         dac.o
    0x08000d30   0x08000d30   0x00000002   Code   RO         3142    i.DebugMon_Handler  gd32f4xx_it.o
    0x08000d32   0x08000d32   0x00000002   PAD
    0x08000d34   0x08000d34   0x0000000c   Code   RO         2976    i.EXTI_ClearITPendingBit  gd32f4xx_exti.o
    0x08000d40   0x08000d40   0x00000090   Code   RO          461    i.GPIO_Init         gd32f4xx_gpio.o
    0x08000dd0   0x08000dd0   0x00000046   Code   RO          462    i.GPIO_PinAFConfig  gd32f4xx_gpio.o
    0x08000e16   0x08000e16   0x00000004   Code   RO          468    i.GPIO_ResetBits    gd32f4xx_gpio.o
    0x08000e1a   0x08000e1a   0x00000004   Code   RO          469    i.GPIO_SetBits      gd32f4xx_gpio.o
    0x08000e1e   0x08000e1e   0x00000002   PAD
    0x08000e20   0x08000e20   0x00000098   Code   RO         4326    i.HM609A_Init       hm609a.o
    0x08000eb8   0x08000eb8   0x000000e0   Code   RO         4327    i.HM609A_Program    hm609a.o
    0x08000f98   0x08000f98   0x00000040   Code   RO         4328    i.HM609A_Restart    hm609a.o
    0x08000fd8   0x08000fd8   0x00000064   Code   RO         4329    i.HM609A_Restart_Program  hm609a.o
    0x0800103c   0x0800103c   0x00000038   Code   RO         4330    i.HM609A_TIM_1ms    hm609a.o
    0x08001074   0x08001074   0x000001f4   Code   RO         4331    i.HM609A_config     hm609a.o
    0x08001268   0x08001268   0x00000004   Code   RO         3143    i.HardFault_Handler  gd32f4xx_it.o
    0x0800126c   0x0800126c   0x00000084   Code   RO         4266    i.InVolt_Adc_Init   adc.o
    0x080012f0   0x080012f0   0x0000003c   Code   RO         3399    i.LED_Init          led.o
    0x0800132c   0x0800132c   0x00000040   Code   RO         3400    i.LED_PWM_Init      led.o
    0x0800136c   0x0800136c   0x00000004   Code   RO         3144    i.MemManage_Handler  gd32f4xx_it.o
    0x08001370   0x08001370   0x00000160   Code   RO         3657    i.MyDCMI_Init       dcmi.o
    0x080014d0   0x080014d0   0x00000002   Code   RO         3145    i.NMI_Handler       gd32f4xx_it.o
    0x080014d2   0x080014d2   0x00000002   PAD
    0x080014d4   0x080014d4   0x00000078   Code   RO         1261    i.NVIC_Init         misc.o
    0x0800154c   0x0800154c   0x00000014   Code   RO         1262    i.NVIC_PriorityGroupConfig  misc.o
    0x08001560   0x08001560   0x00000028   Code   RO         3284    i.NVIC_SetPriority  systick.o
    0x08001588   0x08001588   0x000000bc   Code   RO         3724    i.OV2640_ImageWin_Set  ov2640.o
    0x08001644   0x08001644   0x00000128   Code   RO         3725    i.OV2640_Init       ov2640.o
    0x0800176c   0x0800176c   0x0000004c   Code   RO         3726    i.OV2640_JPEG_Mode  ov2640.o
    0x080017b8   0x080017b8   0x00000108   Code   RO         3727    i.OV2640_Jpg_Photo  ov2640.o
    0x080018c0   0x080018c0   0x00000088   Code   RO         3729    i.OV2640_OutSize_Set  ov2640.o
    0x08001948   0x08001948   0x00000040   Code   RO         3730    i.OV2640_PWR_Init   ov2640.o
    0x08001988   0x08001988   0x00000002   Code   RO         3146    i.PendSV_Handler    gd32f4xx_it.o
    0x0800198a   0x0800198a   0x00000002   PAD
    0x0800198c   0x0800198c   0x0000009c   Code   RO         3367    i.Program_Init      program.o
    0x08001a28   0x08001a28   0x00000020   Code   RO          122    i.RCU_AHB1PeriphClockCmd  gd32f4xx_rcu.o
    0x08001a48   0x08001a48   0x00000020   Code   RO          125    i.RCU_AHB2PeriphClockCmd  gd32f4xx_rcu.o
    0x08001a68   0x08001a68   0x00000020   Code   RO          131    i.RCU_APB1PeriphClockCmd  gd32f4xx_rcu.o
    0x08001a88   0x08001a88   0x00000020   Code   RO          133    i.RCU_APB1PeriphResetCmd  gd32f4xx_rcu.o
    0x08001aa8   0x08001aa8   0x00000020   Code   RO          134    i.RCU_APB2PeriphClockCmd  gd32f4xx_rcu.o
    0x08001ac8   0x08001ac8   0x00000020   Code   RO          136    i.RCU_APB2PeriphResetCmd  gd32f4xx_rcu.o
    0x08001ae8   0x08001ae8   0x000000e8   Code   RO          143    i.RCU_GetClocksFreq  gd32f4xx_rcu.o
    0x08001bd0   0x08001bd0   0x00000030   Code   RO         4434    i.RTC_Alarm_IRQHandler  rtc.o
    0x08001c00   0x08001c00   0x0000001c   Code   RO         2375    i.RTC_ClearFlag     gd32f4xx_rtc.o
    0x08001c1c   0x08001c1c   0x00000028   Code   RO         2387    i.RTC_GetFlagStatus  gd32f4xx_rtc.o
    0x08001c44   0x08001c44   0x0000001e   Code   RO         4439    i.RTC_WKUP_IRQHandler  rtc.o
    0x08001c62   0x08001c62   0x00000002   PAD
    0x08001c64   0x08001c64   0x00000054   Code   RO         3841    i.SCCB_Init         sccb.o
    0x08001cb8   0x08001cb8   0x00000040   Code   RO         3842    i.SCCB_No_Ack       sccb.o
    0x08001cf8   0x08001cf8   0x00000070   Code   RO         3843    i.SCCB_RD_Byte      sccb.o
    0x08001d68   0x08001d68   0x0000004e   Code   RO         3844    i.SCCB_RD_Reg       sccb.o
    0x08001db6   0x08001db6   0x00000002   PAD
    0x08001db8   0x08001db8   0x00000034   Code   RO         3845    i.SCCB_Start        sccb.o
    0x08001dec   0x08001dec   0x00000034   Code   RO         3846    i.SCCB_Stop         sccb.o
    0x08001e20   0x08001e20   0x000000a8   Code   RO         3847    i.SCCB_WR_Byte      sccb.o
    0x08001ec8   0x08001ec8   0x0000003e   Code   RO         3848    i.SCCB_WR_Reg       sccb.o
    0x08001f06   0x08001f06   0x00000002   Code   RO         3147    i.SVC_Handler       gd32f4xx_it.o
    0x08001f08   0x08001f08   0x00000034   Code   RO         3608    i.Speaker_Init      dac.o
    0x08001f3c   0x08001f3c   0x00000028   Code   RO         1265    i.SysTick_CLKSourceConfig  misc.o
    0x08001f64   0x08001f64   0x00000008   Code   RO         3148    i.SysTick_Handler   gd32f4xx_it.o
    0x08001f6c   0x08001f6c   0x000000d4   Code   RO            4    i.SystemInit        system_gd32f4xx.o
    0x08002040   0x08002040   0x0000005a   Code   RO         3439    i.TIM1_Init         timer.o
    0x0800209a   0x0800209a   0x00000002   PAD
    0x0800209c   0x0800209c   0x000000a0   Code   RO         3441    i.TIM3_PWM_Init     timer.o
    0x0800213c   0x0800213c   0x00000100   Code   RO         3442    i.TIMER1_IRQHandler  timer.o
    0x0800223c   0x0800223c   0x00000018   Code   RO         3443    i.TIM_1000msProgram  timer.o
    0x08002254   0x08002254   0x00000002   Code   RO         3444    i.TIM_100msProgram  timer.o
    0x08002256   0x08002256   0x00000002   Code   RO         3445    i.TIM_10msProgram   timer.o
    0x08002258   0x08002258   0x0000000c   Code   RO         3446    i.TIM_1msProgram    timer.o
    0x08002264   0x08002264   0x00000018   Code   RO          703    i.TIM_ARRPreloadConfig  gd32f4xx_tim.o
    0x0800227c   0x0800227c   0x00000006   Code   RO          710    i.TIM_ClearITPendingBit  gd32f4xx_tim.o
    0x08002282   0x08002282   0x00000018   Code   RO          715    i.TIM_Cmd           gd32f4xx_tim.o
    0x0800229a   0x0800229a   0x00000022   Code   RO          736    i.TIM_GetITStatus   gd32f4xx_tim.o
    0x080022bc   0x080022bc   0x00000012   Code   RO          740    i.TIM_ITConfig      gd32f4xx_tim.o
    0x080022ce   0x080022ce   0x00000002   PAD
    0x080022d0   0x080022d0   0x00000078   Code   RO          744    i.TIM_OC1Init       gd32f4xx_tim.o
    0x08002348   0x08002348   0x00000012   Code   RO          747    i.TIM_OC1PreloadConfig  gd32f4xx_tim.o
    0x0800235a   0x0800235a   0x00000002   PAD
    0x0800235c   0x0800235c   0x00000084   Code   RO          787    i.TIM_TimeBaseInit  gd32f4xx_tim.o
    0x080023e0   0x080023e0   0x00000024   Code   RO         3504    i.USART1_Clear      usart.o
    0x08002404   0x08002404   0x00000054   Code   RO         3505    i.USART1_IRQHandler  usart.o
    0x08002458   0x08002458   0x00000048   Code   RO         3506    i.USART1_Revice     usart.o
    0x080024a0   0x080024a0   0x00000034   Code   RO         3508    i.USART1_TIM_1ms    usart.o
    0x080024d4   0x080024d4   0x00000088   Code   RO         3509    i.USART2_IRQHandler  usart.o
    0x0800255c   0x0800255c   0x00000018   Code   RO         1309    i.USART_Cmd         gd32f4xx_usart.o
    0x08002574   0x08002574   0x000000f0   Code   RO         1311    i.USART_DeInit      gd32f4xx_usart.o
    0x08002664   0x08002664   0x0000001a   Code   RO         1312    i.USART_GetFlagStatus  gd32f4xx_usart.o
    0x0800267e   0x0800267e   0x00000054   Code   RO         1313    i.USART_GetITStatus  gd32f4xx_usart.o
    0x080026d2   0x080026d2   0x0000004a   Code   RO         1315    i.USART_ITConfig    gd32f4xx_usart.o
    0x0800271c   0x0800271c   0x000000d4   Code   RO         1316    i.USART_Init        gd32f4xx_usart.o
    0x080027f0   0x080027f0   0x0000000a   Code   RO         1323    i.USART_ReceiveData  gd32f4xx_usart.o
    0x080027fa   0x080027fa   0x00000008   Code   RO         1326    i.USART_SendData    gd32f4xx_usart.o
    0x08002802   0x08002802   0x00000004   Code   RO         3149    i.UsageFault_Handler  gd32f4xx_it.o
    0x08002806   0x08002806   0x00000002   PAD
    0x08002808   0x08002808   0x00000020   Code   RO         4790    i.__0printf         mc_w.l(printfa.o)
    0x08002828   0x08002828   0x00000024   Code   RO         4796    i.__0vsprintf       mc_w.l(printfa.o)
    0x0800284c   0x0800284c   0x0000000e   Code   RO         4925    i.__scatterload_copy  mc_w.l(handlers.o)
    0x0800285a   0x0800285a   0x00000002   Code   RO         4926    i.__scatterload_null  mc_w.l(handlers.o)
    0x0800285c   0x0800285c   0x0000000e   Code   RO         4927    i.__scatterload_zeroinit  mc_w.l(handlers.o)
    0x0800286a   0x0800286a   0x00000002   PAD
    0x0800286c   0x0800286c   0x00000184   Code   RO         4797    i._fp_digits        mc_w.l(printfa.o)
    0x080029f0   0x080029f0   0x000006b4   Code   RO         4798    i._printf_core      mc_w.l(printfa.o)
    0x080030a4   0x080030a4   0x00000024   Code   RO         4799    i._printf_post_padding  mc_w.l(printfa.o)
    0x080030c8   0x080030c8   0x0000002e   Code   RO         4800    i._printf_pre_padding  mc_w.l(printfa.o)
    0x080030f6   0x080030f6   0x0000000a   Code   RO         4802    i._sputc            mc_w.l(printfa.o)
    0x08003100   0x08003100   0x00000154   Code   RO         4333    i.air208_InAt       hm609a.o
    0x08003254   0x08003254   0x00000018   Code   RO         3286    i.delay_decrement   systick.o
    0x0800326c   0x0800326c   0x0000003c   Code   RO         3327    i.delay_init        delay.o
    0x080032a8   0x080032a8   0x00000038   Code   RO         3328    i.delay_ms          delay.o
    0x080032e0   0x080032e0   0x0000003c   Code   RO         3329    i.delay_us          delay.o
    0x0800331c   0x0800331c   0x0000003c   Code   RO         3330    i.delay_xms         delay.o
    0x08003358   0x08003358   0x0000001c   Code   RO         3511    i.fputc             usart.o
    0x08003374   0x08003374   0x00000068   Code   RO         3734    i.jpeg_data_process  ov2640.o
    0x080033dc   0x080033dc   0x00000010   Code   RO         3215    i.main              main.o
    0x080033ec   0x080033ec   0x00000044   Code   RO         3904    i.my_mem_init       malloc.o
    0x08003430   0x08003430   0x000000a8   Code   RO         3905    i.my_mem_malloc     malloc.o
    0x080034d8   0x080034d8   0x00000040   Code   RO         3906    i.my_mem_perused    malloc.o
    0x08003518   0x08003518   0x00000028   Code   RO         3908    i.mymalloc          malloc.o
    0x08003540   0x08003540   0x00000014   Code   RO         3910    i.mymemset          malloc.o
    0x08003554   0x08003554   0x000000fc   Code   RO            5    i.system_clock_200m_25m_hxtal  system_gd32f4xx.o
    0x08003650   0x08003650   0x00000008   Code   RO            6    i.system_clock_config  system_gd32f4xx.o
    0x08003658   0x08003658   0x00000050   Code   RO         3287    i.systick_config    systick.o
    0x080036a8   0x080036a8   0x00000050   Code   RO         3512    i.u1_printf         usart.o
    0x080036f8   0x080036f8   0x000000bc   Code   RO         3513    i.usart1_init       usart.o
    0x080037b4   0x080037b4   0x000000ac   Code   RO         3514    i.usart2_init       usart.o
    0x08003860   0x08003860   0x00000328   Data   RO         3735    .constdata          ov2640.o
    0x08003b88   0x08003b88   0x00000024   Data   RO         3917    .constdata          malloc.o
    0x08003bac   0x08003bac   0x00000020   Data   RO         4923    Region$$Table       anon$$obj.o


    Execution Region RW_IRAM1 (Exec base: 0x20000000, Load base: 0x08003bcc, Size: 0x0001b358, Max: 0x00030000, ABSOLUTE)

    Exec Addr    Load Addr    Size         Type   Attr      Idx    E Section Name        Object

    0x20000000   0x08003bcc   0x00000004   Data   RW            7    .data               system_gd32f4xx.o
    0x20000004   0x08003bd0   0x00000010   Data   RW          175    .data               gd32f4xx_rcu.o
    0x20000014   0x08003be0   0x00000004   Data   RW         3288    .data               systick.o
    0x20000018   0x08003be4   0x00000004   Data   RW         3331    .data               delay.o
    0x2000001c   0x08003be8   0x00000009   Data   RW         3447    .data               timer.o
    0x20000025   0x08003bf1   0x00000003   PAD
    0x20000028   0x08003bf4   0x0000000f   Data   RW         3517    .data               usart.o
    0x20000037   0x08003c03   0x00000001   PAD
    0x20000038   0x08003c04   0x00000008   Data   RW         3658    .data               dcmi.o
    0x20000040   0x08003c0c   0x0000000d   Data   RW         3736    .data               ov2640.o
    0x2000004d   0x08003c19   0x00000003   PAD
    0x20000050   0x08003c1c   0x00000024   Data   RW         3918    .data               malloc.o
    0x20000074   0x08003c40   0x00000016   Data   RW         4335    .data               hm609a.o
    0x2000008a   0x08003c56   0x00000006   PAD
    0x20000090        -       0x00000194   Zero   RW         3516    .bss                usart.o
    0x20000224   0x08003c56   0x0000001c   PAD
    0x20000240        -       0x0001a900   Zero   RW         3916    .bss                malloc.o
    0x2001ab40        -       0x00000014   Zero   RW         4334    .bss                hm609a.o
    0x2001ab54   0x08003c56   0x00000004   PAD
    0x2001ab58        -       0x00000800   Zero   RW          113    STACK               startup_gd32f407_427.o



  Load Region LR$$.ARM.__AT_0x10000000 (Base: 0x10000000, Size: 0x00000000, Max: 0x0000f000, ABSOLUTE)

    Execution Region ER$$.ARM.__AT_0x10000000 (Exec base: 0x10000000, Load base: 0x10000000, Size: 0x0000f000, Max: 0x0000f000, ABSOLUTE, UNINIT)

    Exec Addr    Load Addr    Size         Type   Attr      Idx    E Section Name        Object

    0x10000000        -       0x0000f000   Zero   RW         3912    .ARM.__AT_0x10000000  malloc.o



  Load Region LR$$.ARM.__AT_0x1000F000 (Base: 0x1000f000, Size: 0x00000000, Max: 0x00000f00, ABSOLUTE)

    Execution Region ER$$.ARM.__AT_0x1000F000 (Exec base: 0x1000f000, Load base: 0x1000f000, Size: 0x00000f00, Max: 0x00000f00, ABSOLUTE, UNINIT)

    Exec Addr    Load Addr    Size         Type   Attr      Idx    E Section Name        Object

    0x1000f000        -       0x00000f00   Zero   RW         3913    .ARM.__AT_0x1000F000  malloc.o



  Load Region LR$$.ARM.__AT_0x68000000 (Base: 0x68000000, Size: 0x00000000, Max: 0x000f0000, ABSOLUTE)

    Execution Region ER$$.ARM.__AT_0x68000000 (Exec base: 0x68000000, Load base: 0x68000000, Size: 0x000f0000, Max: 0x000f0000, ABSOLUTE, UNINIT)

    Exec Addr    Load Addr    Size         Type   Attr      Idx    E Section Name        Object

    0x68000000        -       0x000f0000   Zero   RW         3914    .ARM.__AT_0x68000000  malloc.o



  Load Region LR$$.ARM.__AT_0x680F0000 (Base: 0x680f0000, Size: 0x00000000, Max: 0x0000f000, ABSOLUTE)

    Execution Region ER$$.ARM.__AT_0x680F0000 (Exec base: 0x680f0000, Load base: 0x680f0000, Size: 0x0000f000, Max: 0x0000f000, ABSOLUTE, UNINIT)

    Exec Addr    Load Addr    Size         Type   Attr      Idx    E Section Name        Object

    0x680f0000        -       0x0000f000   Zero   RW         3915    .ARM.__AT_0x680F0000  malloc.o


==============================================================================

Image component sizes


      Code (inc. data)   RO Data    RW Data    ZI Data      Debug   Object Name

       132          8          0          0          0        654   adc.o
       140         10          0          0          0       1095   dac.o
       616         46          0          8          0       3192   dcmi.o
       236         16          0          4          0       2331   delay.o
       154         24          0          0          0       2874   gd32f4xx_adc.o
       124         18          0          0          0       2387   gd32f4xx_dac.o
       240         36          0          0          0       4051   gd32f4xx_dcmi.o
       560         26          0          0          0       6585   gd32f4xx_dma.o
        12          6          0          0          0        525   gd32f4xx_exti.o
       222          0          0          0          0       2811   gd32f4xx_gpio.o
        32          0          0          0          0       5970   gd32f4xx_it.o
       424         54          0         16          0       6266   gd32f4xx_rcu.o
        68         12          0          0          0       1136   gd32f4xx_rtc.o
       376         34          0          0          0       5478   gd32f4xx_tim.o
       678         42          0          0          0       6032   gd32f4xx_usart.o
      1436        348          0         22         20       5219   hm609a.o
       124          8          0          0          0       1022   led.o
        16          0          0          0          0        455   main.o
       360         42         36         36    1218560       4963   malloc.o
       180         24          0          0          0       2037   misc.o
      1128        120        808         13          0       6238   ov2640.o
       156         30          0          0          0        547   program.o
        78         12          0          0          0        977   rtc.o
       672         60          0          0          0       4457   sccb.o
        36          8        392          0       2048        820   startup_gd32f407_427.o
       472         30          0          4          0     327331   system_gd32f4xx.o
       144         20          0          4          0      28274   systick.o
       546         26          0          9          0       4452   timer.o
       848        108          0         15        404       7976   usart.o

    ----------------------------------------------------------------------
     10236       1168       1268        140    1221068     446155   Object Totals
         0          0         32          0          0          0   (incl. Generated)
        26          0          0          9         36          0   (incl. Padding)

    ----------------------------------------------------------------------

      Code (inc. data)   RO Data    RW Data    ZI Data      Debug   Library Member Name

         0          0          0          0          0          0   entry.o
         0          0          0          0          0          0   entry10a.o
         0          0          0          0          0          0   entry11a.o
         4          0          0          0          0          0   entry12b.o
         8          4          0          0          0          0   entry2.o
         4          0          0          0          0          0   entry5.o
         0          0          0          0          0          0   entry7b.o
         0          0          0          0          0          0   entry8b.o
         8          4          0          0          0          0   entry9a.o
        30          0          0          0          0          0   handlers.o
        36          8          0          0          0         68   init.o
         0          0          0          0          0          0   iusefp.o
        30          0          0          0          0         68   llshl.o
        36          0          0          0          0         68   llsshr.o
        32          0          0          0          0         68   llushr.o
        36          0          0          0          0         68   memcpya.o
        36          0          0          0          0        108   memseta.o
      2264         96          0          0          0        612   printfa.o
        18          0          0          0          0         68   strcpy.o
        14          0          0          0          0         68   strlen.o
        36          0          0          0          0         80   strstr.o
        44          0          0          0          0         80   uidiv.o
        98          0          0          0          0         92   uldiv.o
        48          0          0          0          0         68   cdrcmple.o
       334          0          0          0          0        148   dadd.o
       222          0          0          0          0        100   ddiv.o
       186          0          0          0          0        176   depilogue.o
        48          0          0          0          0         68   dfixul.o
       228          0          0          0          0         96   dmul.o

    ----------------------------------------------------------------------
      3804        112          0          0          0       2104   Library Totals
         4          0          0          0          0          0   (incl. Padding)

    ----------------------------------------------------------------------

      Code (inc. data)   RO Data    RW Data    ZI Data      Debug   Library Name

      2734        112          0          0          0       1448   mc_w.l
      1066          0          0          0          0        656   mf_w.l

    ----------------------------------------------------------------------
      3804        112          0          0          0       2104   Library Totals

    ----------------------------------------------------------------------

==============================================================================


      Code (inc. data)   RO Data    RW Data    ZI Data      Debug   

     14040       1280       1268        140    1221068     434871   Grand Totals
     14040       1280       1268        140    1221068     434871   ELF Image Totals
     14040       1280       1268        140          0          0   ROM Totals

==============================================================================

    Total RO  Size (Code + RO Data)                15308 (  14.95kB)
    Total RW  Size (RW Data + ZI Data)           1221208 (1192.59kB)
    Total ROM Size (Code + RO Data + RW Data)      15448 (  15.09kB)

==============================================================================

