<html>
<body>
<pre>
<h1>礦ision Build Log</h1>
<h2>Tool Versions:</h2>
IDE-Version: μVision V5.33.0.0
Copyright (C) 2020 ARM Ltd and ARM Germany GmbH. All rights reserved.
License Information: 111 lenovo, 111, LIC=EXJT4-FK31T-8TT3P-MYDEQ-T85HI-2RF5Q
 
Tool Versions:
Toolchain:       MDK-ARM Plus  Version: 5.33.0.0
Toolchain Path:  D:\Keil_v5\ARM\ARMCC\Bin
C Compiler:      Armcc.exe V5.06 update 7 (build 960)
Assembler:       Armasm.exe V5.06 update 7 (build 960)
Linker/Locator:  ArmLink.exe V5.06 update 7 (build 960)
Library Manager: ArmAr.exe V5.06 update 7 (build 960)
Hex Converter:   FromElf.exe V5.06 update 7 (build 960)
CPU DLL:         SARMCM3.DLL V5.33.0.0
Dialog DLL:      DCM.DLL V1.17.3.0
Target DLL:      STLink\ST-LINKIII-KEIL_SWO.dll V3.0.8.0
Dialog DLL:      TCM.DLL V1.48.0.0
 
<h2>Project:</h2>
D:\项目资料\GD32F407\gd32f4_project\project\Project.uvprojx
Project File Date:  08/03/2023

<h2>Output:</h2>
*** Using Compiler 'V5.06 update 7 (build 960)', folder: 'D:\Keil_v5\ARM\ARMCC\Bin'
Build target 'GD32427V_START'
compiling system_gd32f4xx.c...
compiling gd32f4xx_gpio.c...
compiling gd32f4xx_i2c.c...
compiling gd32f4xx_usart.c...
compiling misc.c...
compiling gd32f4xx_it.c...
compiling gd32f4xx_exti.c...
compiling gd32f4xx_pmu.c...
compiling gd32f4xx_spi.c...
compiling gd32f4xx_dac.c...
compiling gd32f4xx_rcu.c...
compiling gd32f4xx_adc.c...
compiling gd32f4xx_tim.c...
compiling main.c...
compiling systick.c...
compiling delay.c...
compiling led.c...
compiling timer.c...
compiling usart.c...
compiling iic.c...
compiling spi.c...
compiling w25qxx.c...
compiling mpu6050.c...
compiling myiic.c...
linking...
Program Size: Code=6928 RO-data=424 RW-data=40 ZI-data=2224  
FromELF: creating hex file...
".\output\Project.axf" - 0 Error(s), 0 Warning(s).

<h2>Software Packages used:</h2>

Package Vendor: GigaDevice
                https://gd32mcu.com/data/documents/pack/GigaDevice.GD32F4xx_DFP.3.1.0.pack
                GigaDevice.GD32F4xx_DFP.3.1.0
                GigaDevice GD32F4xx Series Device Support and Examples

<h2>Collection of Component include folders:</h2>
  D:\Keil_v5\Packs\GigaDevice\GD32F4xx_DFP\3.1.0\Device\F4XX\Include

<h2>Collection of Component Files used:</h2>
Build Time Elapsed:  00:00:02
</pre>
</body>
</html>
