Component: ARM Compiler 5.06 update 7 (build 960) Tool: armlink [4d3601]

==============================================================================

Section Cross References

    system_gd32f4xx.o(i.SystemCoreClockUpdate) refers to system_gd32f4xx.o(.data) for SystemCoreClock
    system_gd32f4xx.o(i.SystemInit) refers to system_gd32f4xx.o(i.system_clock_config) for system_clock_config
    system_gd32f4xx.o(i.system_clock_config) refers to system_gd32f4xx.o(i.system_clock_168m_8m_hxtal) for system_clock_168m_8m_hxtal
    startup_gd32f407.o(STACK) refers (Special) to heapauxi.o(.text) for __use_two_region_memory
    startup_gd32f407.o(HEAP) refers (Special) to heapauxi.o(.text) for __use_two_region_memory
    startup_gd32f407.o(RESET) refers (Special) to heapauxi.o(.text) for __use_two_region_memory
    startup_gd32f407.o(RESET) refers to startup_gd32f407.o(STACK) for __initial_sp
    startup_gd32f407.o(RESET) refers to startup_gd32f407.o(.text) for Reset_Handler
    startup_gd32f407.o(RESET) refers to gd32f4xx_it.o(i.NMI_Handler) for NMI_Handler
    startup_gd32f407.o(RESET) refers to gd32f4xx_it.o(i.HardFault_Handler) for HardFault_Handler
    startup_gd32f407.o(RESET) refers to gd32f4xx_it.o(i.MemManage_Handler) for MemManage_Handler
    startup_gd32f407.o(RESET) refers to gd32f4xx_it.o(i.BusFault_Handler) for BusFault_Handler
    startup_gd32f407.o(RESET) refers to gd32f4xx_it.o(i.UsageFault_Handler) for UsageFault_Handler
    startup_gd32f407.o(RESET) refers to gd32f4xx_it.o(i.SVC_Handler) for SVC_Handler
    startup_gd32f407.o(RESET) refers to gd32f4xx_it.o(i.DebugMon_Handler) for DebugMon_Handler
    startup_gd32f407.o(RESET) refers to gd32f4xx_it.o(i.PendSV_Handler) for PendSV_Handler
    startup_gd32f407.o(RESET) refers to gd32f4xx_it.o(i.SysTick_Handler) for SysTick_Handler
    startup_gd32f407.o(RESET) refers to gd32f4xx_it.o(i.EXTI5_9_IRQHandler) for EXTI5_9_IRQHandler
    startup_gd32f407.o(RESET) refers to timer.o(i.TIMER1_IRQHandler) for TIMER1_IRQHandler
    startup_gd32f407.o(RESET) refers to timer.o(i.TIMER2_IRQHandler) for TIMER2_IRQHandler
    startup_gd32f407.o(RESET) refers to usart.o(i.USART0_IRQHandler) for USART0_IRQHandler
    startup_gd32f407.o(RESET) refers to usart.o(i.USART5_IRQHandler) for USART5_IRQHandler
    startup_gd32f407.o(.text) refers (Special) to heapauxi.o(.text) for __use_two_region_memory
    startup_gd32f407.o(.text) refers to system_gd32f4xx.o(i.SystemInit) for SystemInit
    startup_gd32f407.o(.text) refers to __main.o(!!!main) for __main
    startup_gd32f407.o(.text) refers to startup_gd32f407.o(HEAP) for Heap_Mem
    startup_gd32f407.o(.text) refers to startup_gd32f407.o(STACK) for Stack_Mem
    gd32f4xx_adc.o(i.adc_deinit) refers to gd32f4xx_rcu.o(i.rcu_periph_reset_enable) for rcu_periph_reset_enable
    gd32f4xx_adc.o(i.adc_deinit) refers to gd32f4xx_rcu.o(i.rcu_periph_reset_disable) for rcu_periph_reset_disable
    gd32f4xx_can.o(i.can_debug_freeze_disable) refers to gd32f4xx_dbg.o(i.dbg_periph_disable) for dbg_periph_disable
    gd32f4xx_can.o(i.can_debug_freeze_enable) refers to gd32f4xx_dbg.o(i.dbg_periph_enable) for dbg_periph_enable
    gd32f4xx_can.o(i.can_deinit) refers to gd32f4xx_rcu.o(i.rcu_periph_reset_enable) for rcu_periph_reset_enable
    gd32f4xx_can.o(i.can_deinit) refers to gd32f4xx_rcu.o(i.rcu_periph_reset_disable) for rcu_periph_reset_disable
    gd32f4xx_can.o(i.can_interrupt_flag_get) refers to gd32f4xx_can.o(i.can_receive_message_length_get) for can_receive_message_length_get
    gd32f4xx_can.o(i.can_interrupt_flag_get) refers to gd32f4xx_can.o(i.can_error_get) for can_error_get
    gd32f4xx_ctc.o(i.ctc_deinit) refers to gd32f4xx_rcu.o(i.rcu_periph_reset_enable) for rcu_periph_reset_enable
    gd32f4xx_ctc.o(i.ctc_deinit) refers to gd32f4xx_rcu.o(i.rcu_periph_reset_disable) for rcu_periph_reset_disable
    gd32f4xx_dac.o(i.dac_deinit) refers to gd32f4xx_rcu.o(i.rcu_periph_reset_enable) for rcu_periph_reset_enable
    gd32f4xx_dac.o(i.dac_deinit) refers to gd32f4xx_rcu.o(i.rcu_periph_reset_disable) for rcu_periph_reset_disable
    gd32f4xx_dci.o(i.dci_deinit) refers to gd32f4xx_rcu.o(i.rcu_periph_reset_enable) for rcu_periph_reset_enable
    gd32f4xx_dci.o(i.dci_deinit) refers to gd32f4xx_rcu.o(i.rcu_periph_reset_disable) for rcu_periph_reset_disable
    gd32f4xx_enet.o(i.enet_deinit) refers to gd32f4xx_rcu.o(i.rcu_periph_reset_enable) for rcu_periph_reset_enable
    gd32f4xx_enet.o(i.enet_deinit) refers to gd32f4xx_rcu.o(i.rcu_periph_reset_disable) for rcu_periph_reset_disable
    gd32f4xx_enet.o(i.enet_deinit) refers to gd32f4xx_enet.o(i.enet_initpara_reset) for enet_initpara_reset
    gd32f4xx_enet.o(i.enet_descriptors_chain_init) refers to gd32f4xx_enet.o(.bss) for txdesc_tab
    gd32f4xx_enet.o(i.enet_descriptors_chain_init) refers to gd32f4xx_enet.o(.data) for dma_current_txdesc
    gd32f4xx_enet.o(i.enet_descriptors_ring_init) refers to gd32f4xx_enet.o(.bss) for txdesc_tab
[...]
    _printf_ll                               0x08010221   Thumb Code     0  _printf_ll.o(.ARM.Collect$$_printf_percent$$00000007)
    _printf_i                                0x0801022b   Thumb Code     0  _printf_i.o(.ARM.Collect$$_printf_percent$$00000008)
    _printf_d                                0x08010231   Thumb Code     0  _printf_d.o(.ARM.Collect$$_printf_percent$$00000009)
    _printf_u                                0x08010237   Thumb Code     0  _printf_u.o(.ARM.Collect$$_printf_percent$$0000000A)
    _printf_o                                0x0801023d   Thumb Code     0  _printf_o.o(.ARM.Collect$$_printf_percent$$0000000B)
    _printf_x                                0x08010243   Thumb Code     0  _printf_x.o(.ARM.Collect$$_printf_percent$$0000000C)
    _printf_lli                              0x08010249   Thumb Code     0  _printf_lli.o(.ARM.Collect$$_printf_percent$$0000000D)
    _printf_lld                              0x0801024f   Thumb Code     0  _printf_lld.o(.ARM.Collect$$_printf_percent$$0000000E)
    _printf_llu                              0x08010255   Thumb Code     0  _printf_llu.o(.ARM.Collect$$_printf_percent$$0000000F)
    _printf_llo                              0x0801025b   Thumb Code     0  _printf_llo.o(.ARM.Collect$$_printf_percent$$00000010)
    _printf_llx                              0x08010261   Thumb Code     0  _printf_llx.o(.ARM.Collect$$_printf_percent$$00000011)
    _printf_l                                0x08010267   Thumb Code     0  _printf_l.o(.ARM.Collect$$_printf_percent$$00000012)
    _printf_c                                0x08010271   Thumb Code     0  _printf_c.o(.ARM.Collect$$_printf_percent$$00000013)
    _printf_s                                0x08010277   Thumb Code     0  _printf_s.o(.ARM.Collect$$_printf_percent$$00000014)
    _printf_lc                               0x0801027d   Thumb Code     0  _printf_lc.o(.ARM.Collect$$_printf_percent$$00000015)
    _printf_ls                               0x08010283   Thumb Code     0  _printf_ls.o(.ARM.Collect$$_printf_percent$$00000016)
    _printf_percent_end                      0x08010289   Thumb Code     0  _printf_percent_end.o(.ARM.Collect$$_printf_percent$$00000017)
    __rt_lib_init                            0x0801028d   Thumb Code     0  libinit.o(.ARM.Collect$$libinit$$00000000)
    __rt_lib_init_fp_1                       0x0801028f   Thumb Code     0  libinit2.o(.ARM.Collect$$libinit$$00000001)
    __rt_lib_init_heap_1                     0x08010293   Thumb Code     0  libinit2.o(.ARM.Collect$$libinit$$0000000A)
    __rt_lib_init_lc_common                  0x08010293   Thumb Code     0  libinit2.o(.ARM.Collect$$libinit$$0000000F)
    __rt_lib_init_preinit_1                  0x08010293   Thumb Code     0  libinit2.o(.ARM.Collect$$libinit$$00000004)
    __rt_lib_init_rand_1                     0x08010293   Thumb Code     0  libinit2.o(.ARM.Collect$$libinit$$0000000E)
    __rt_lib_init_user_alloc_1               0x08010293   Thumb Code     0  libinit2.o(.ARM.Collect$$libinit$$0000000C)
    __rt_lib_init_lc_collate_1               0x08010299   Thumb Code     0  libinit2.o(.ARM.Collect$$libinit$$00000011)
    __rt_lib_init_lc_ctype_2                 0x08010299   Thumb Code     0  libinit2.o(.ARM.Collect$$libinit$$00000012)
    __rt_lib_init_lc_ctype_1                 0x080102a5   Thumb Code     0  libinit2.o(.ARM.Collect$$libinit$$00000013)
    __rt_lib_init_lc_monetary_1              0x080102a5   Thumb Code     0  libinit2.o(.ARM.Collect$$libinit$$00000015)
    __rt_lib_init_lc_numeric_2               0x080102a5   Thumb Code     0  libinit2.o(.ARM.Collect$$libinit$$00000016)
    __rt_lib_init_alloca_1                   0x080102af   Thumb Code     0  libinit2.o(.ARM.Collect$$libinit$$0000002E)
    __rt_lib_init_argv_1                     0x080102af   Thumb Code     0  libinit2.o(.ARM.Collect$$libinit$$0000002C)
    __rt_lib_init_atexit_1                   0x080102af   Thumb Code     0  libinit2.o(.ARM.Collect$$libinit$$0000001B)
    __rt_lib_init_clock_1                    0x080102af   Thumb Code     0  libinit2.o(.ARM.Collect$$libinit$$00000021)
    __rt_lib_init_cpp_1                      0x080102af   Thumb Code     0  libinit2.o(.ARM.Collect$$libinit$$00000032)
    __rt_lib_init_exceptions_1               0x080102af   Thumb Code     0  libinit2.o(.ARM.Collect$$libinit$$00000030)
    __rt_lib_init_fp_trap_1                  0x080102af   Thumb Code     0  libinit2.o(.ARM.Collect$$libinit$$0000001F)
    __rt_lib_init_getenv_1                   0x080102af   Thumb Code     0  libinit2.o(.ARM.Collect$$libinit$$00000023)
    __rt_lib_init_lc_numeric_1               0x080102af   Thumb Code     0  libinit2.o(.ARM.Collect$$libinit$$00000017)
    __rt_lib_init_lc_time_1                  0x080102af   Thumb Code     0  libinit2.o(.ARM.Collect$$libinit$$00000019)
    __rt_lib_init_return                     0x080102af   Thumb Code     0  libinit2.o(.ARM.Collect$$libinit$$00000033)
    __rt_lib_init_signal_1                   0x080102af   Thumb Code     0  libinit2.o(.ARM.Collect$$libinit$$0000001D)
    __rt_lib_init_stdio_1                    0x080102af   Thumb Code     0  libinit2.o(.ARM.Collect$$libinit$$00000025)
    __rt_lib_shutdown                        0x080102b1   Thumb Code     0  libshutdown.o(.ARM.Collect$$libshutdown$$00000000)
    __rt_lib_shutdown_cpp_1                  0x080102b3   Thumb Code     0  libshutdown2.o(.ARM.Collect$$libshutdown$$00000004)
    __rt_lib_shutdown_fini_1                 0x080102b3   Thumb Code     0  libshutdown2.o(.ARM.Collect$$libshutdown$$00000002)
    __rt_lib_shutdown_fp_trap_1              0x080102b3   Thumb Code     0  libshutdown2.o(.ARM.Collect$$libshutdown$$00000009)
    __rt_lib_shutdown_heap_1                 0x080102b3   Thumb Code     0  libshutdown2.o(.ARM.Collect$$libshutdown$$00000011)
    __rt_lib_shutdown_return                 0x080102b3   Thumb Code     0  libshutdown2.o(.ARM.Collect$$libshutdown$$00000012)
    __rt_lib_shutdown_signal_1               0x080102b3   Thumb Code     0  libshutdown2.o(.ARM.Collect$$libshutdown$$0000000C)
    __rt_lib_shutdown_stdio_1                0x080102b3   Thumb Code     0  libshutdown2.o(.ARM.Collect$$libshutdown$$00000006)
    __rt_lib_shutdown_user_alloc_1           0x080102b3   Thumb Code     0  libshutdown2.o(.ARM.Collect$$libshutdown$$0000000E)
    __rt_entry                               0x080102b5   Thumb Code     0  __rtentry.o(.ARM.Collect$$rtentry$$00000000)
    __rt_entry_presh_1                       0x080102b5   Thumb Code     0  __rtentry2.o(.ARM.Collect$$rtentry$$00000002)
    __rt_entry_sh                            0x080102b5   Thumb Code     0  __rtentry4.o(.ARM.Collect$$rtentry$$00000004)
    __rt_entry_li                            0x080102bb   Thumb Code     0  __rtentry2.o(.ARM.Collect$$rtentry$$0000000A)
    __rt_entry_postsh_1                      0x080102bb   Thumb Code     0  __rtentry2.o(.ARM.Collect$$rtentry$$00000009)
    __rt_entry_main                          0x080102bf   Thumb Code     0  __rtentry2.o(.ARM.Collect$$rtentry$$0000000D)
    __rt_entry_postli_1                      0x080102bf   Thumb Code     0  __rtentry2.o(.ARM.Collect$$rtentry$$0000000C)
    __rt_exit                                0x080102c7   Thumb Code     0  rtexit.o(.ARM.Collect$$rtexit$$00000000)
    __rt_exit_ls                             0x080102c9   Thumb Code     0  rtexit2.o(.ARM.Collect$$rtexit$$00000003)
    __rt_exit_prels_1                        0x080102c9   Thumb Code     0  rtexit2.o(.ARM.Collect$$rtexit$$00000002)
    __rt_exit_exit                           0x080102cd   Thumb Code     0  rtexit2.o(.ARM.Collect$$rtexit$$00000004)
    Reset_Handler                            0x080102d5   Thumb Code     8  startup_gd32f407.o(.text)
    ADC_IRQHandler                           0x080102ef   Thumb Code     0  startup_gd32f407.o(.text)
    CAN0_EWMC_IRQHandler                     0x080102ef   Thumb Code     0  startup_gd32f407.o(.text)
    CAN0_RX0_IRQHandler                      0x080102ef   Thumb Code     0  startup_gd32f407.o(.text)
    CAN0_RX1_IRQHandler                      0x080102ef   Thumb Code     0  startup_gd32f407.o(.text)
    CAN0_TX_IRQHandler                       0x080102ef   Thumb Code     0  startup_gd32f407.o(.text)
    CAN1_EWMC_IRQHandler                     0x080102ef   Thumb Code     0  startup_gd32f407.o(.text)
    CAN1_RX0_IRQHandler                      0x080102ef   Thumb Code     0  startup_gd32f407.o(.text)
    CAN1_RX1_IRQHandler                      0x080102ef   Thumb Code     0  startup_gd32f407.o(.text)
    CAN1_TX_IRQHandler                       0x080102ef   Thumb Code     0  startup_gd32f407.o(.text)
    DCI_IRQHandler                           0x080102ef   Thumb Code     0  startup_gd32f407.o(.text)
    DMA0_Channel0_IRQHandler                 0x080102ef   Thumb Code     0  startup_gd32f407.o(.text)
    DMA0_Channel1_IRQHandler                 0x080102ef   Thumb Code     0  startup_gd32f407.o(.text)
    DMA0_Channel2_IRQHandler                 0x080102ef   Thumb Code     0  startup_gd32f407.o(.text)
    DMA0_Channel3_IRQHandler                 0x080102ef   Thumb Code     0  startup_gd32f407.o(.text)
    DMA0_Channel4_IRQHandler                 0x080102ef   Thumb Code     0  startup_gd32f407.o(.text)
    DMA0_Channel5_IRQHandler                 0x080102ef   Thumb Code     0  startup_gd32f407.o(.text)
    DMA0_Channel6_IRQHandler                 0x080102ef   Thumb Code     0  startup_gd32f407.o(.text)
    DMA0_Channel7_IRQHandler                 0x080102ef   Thumb Code     0  startup_gd32f407.o(.text)
    DMA1_Channel0_IRQHandler                 0x080102ef   Thumb Code     0  startup_gd32f407.o(.text)
    DMA1_Channel1_IRQHandler                 0x080102ef   Thumb Code     0  startup_gd32f407.o(.text)
    DMA1_Channel2_IRQHandler                 0x080102ef   Thumb Code     0  startup_gd32f407.o(.text)
    DMA1_Channel3_IRQHandler                 0x080102ef   Thumb Code     0  startup_gd32f407.o(.text)
    DMA1_Channel4_IRQHandler                 0x080102ef   Thumb Code     0  startup_gd32f407.o(.text)
    DMA1_Channel5_IRQHandler                 0x080102ef   Thumb Code     0  startup_gd32f407.o(.text)
    DMA1_Channel6_IRQHandler                 0x080102ef   Thumb Code     0  startup_gd32f407.o(.text)
    DMA1_Channel7_IRQHandler                 0x080102ef   Thumb Code     0  startup_gd32f407.o(.text)
    ENET_IRQHandler                          0x080102ef   Thumb Code     0  startup_gd32f407.o(.text)
    ENET_WKUP_IRQHandler                     0x080102ef   Thumb Code     0  startup_gd32f407.o(.text)
    EXMC_IRQHandler                          0x080102ef   Thumb Code     0  startup_gd32f407.o(.text)
    EXTI0_IRQHandler                         0x080102ef   Thumb Code     0  startup_gd32f407.o(.text)
    EXTI10_15_IRQHandler                     0x080102ef   Thumb Code     0  startup_gd32f407.o(.text)
    EXTI1_IRQHandler                         0x080102ef   Thumb Code     0  startup_gd32f407.o(.text)
    EXTI2_IRQHandler                         0x080102ef   Thumb Code     0  startup_gd32f407.o(.text)
    EXTI3_IRQHandler                         0x080102ef   Thumb Code     0  startup_gd32f407.o(.text)
    EXTI4_IRQHandler                         0x080102ef   Thumb Code     0  startup_gd32f407.o(.text)
    FMC_IRQHandler                           0x080102ef   Thumb Code     0  startup_gd32f407.o(.text)
    FPU_IRQHandler                           0x080102ef   Thumb Code     0  startup_gd32f407.o(.text)
    I2C0_ER_IRQHandler                       0x080102ef   Thumb Code     0  startup_gd32f407.o(.text)
    I2C0_EV_IRQHandler                       0x080102ef   Thumb Code     0  startup_gd32f407.o(.text)
    I2C1_ER_IRQHandler                       0x080102ef   Thumb Code     0  startup_gd32f407.o(.text)
    I2C1_EV_IRQHandler                       0x080102ef   Thumb Code     0  startup_gd32f407.o(.text)
    I2C2_ER_IRQHandler                       0x080102ef   Thumb Code     0  startup_gd32f407.o(.text)
    I2C2_EV_IRQHandler                       0x080102ef   Thumb Code     0  startup_gd32f407.o(.text)
    LVD_IRQHandler                           0x080102ef   Thumb Code     0  startup_gd32f407.o(.text)
    RCU_CTC_IRQHandler                       0x080102ef   Thumb Code     0  startup_gd32f407.o(.text)
    RTC_Alarm_IRQHandler                     0x080102ef   Thumb Code     0  startup_gd32f407.o(.text)
    RTC_WKUP_IRQHandler                      0x080102ef   Thumb Code     0  startup_gd32f407.o(.text)
    SDIO_IRQHandler                          0x080102ef   Thumb Code     0  startup_gd32f407.o(.text)
    SPI0_IRQHandler                          0x080102ef   Thumb Code     0  startup_gd32f407.o(.text)
    SPI1_IRQHandler                          0x080102ef   Thumb Code     0  startup_gd32f407.o(.text)
    SPI2_IRQHandler                          0x080102ef   Thumb Code     0  startup_gd32f407.o(.text)
    TAMPER_STAMP_IRQHandler                  0x080102ef   Thumb Code     0  startup_gd32f407.o(.text)
    TIMER0_BRK_TIMER8_IRQHandler             0x080102ef   Thumb Code     0  startup_gd32f407.o(.text)
    TIMER0_Channel_IRQHandler                0x080102ef   Thumb Code     0  startup_gd32f407.o(.text)
    TIMER0_TRG_CMT_TIMER10_IRQHandler        0x080102ef   Thumb Code     0  startup_gd32f407.o(.text)
    TIMER0_UP_TIMER9_IRQHandler              0x080102ef   Thumb Code     0  startup_gd32f407.o(.text)
    TIMER3_IRQHandler                        0x080102ef   Thumb Code     0  startup_gd32f407.o(.text)
    TIMER4_IRQHandler                        0x080102ef   Thumb Code     0  startup_gd32f407.o(.text)
    TIMER5_DAC_IRQHandler                    0x080102ef   Thumb Code     0  startup_gd32f407.o(.text)
    TIMER6_IRQHandler                        0x080102ef   Thumb Code     0  startup_gd32f407.o(.text)
    TIMER7_BRK_TIMER11_IRQHandler            0x080102ef   Thumb Code     0  startup_gd32f407.o(.text)
    TIMER7_Channel_IRQHandler                0x080102ef   Thumb Code     0  startup_gd32f407.o(.text)
    TIMER7_TRG_CMT_TIMER13_IRQHandler        0x080102ef   Thumb Code     0  startup_gd32f407.o(.text)
    TIMER7_UP_TIMER12_IRQHandler             0x080102ef   Thumb Code     0  startup_gd32f407.o(.text)
    TRNG_IRQHandler                          0x080102ef   Thumb Code     0  startup_gd32f407.o(.text)
    UART3_IRQHandler                         0x080102ef   Thumb Code     0  startup_gd32f407.o(.text)
    UART4_IRQHandler                         0x080102ef   Thumb Code     0  startup_gd32f407.o(.text)
    USART1_IRQHandler                        0x080102ef   Thumb Code     0  startup_gd32f407.o(.text)
    USART2_IRQHandler                        0x080102ef   Thumb Code     0  startup_gd32f407.o(.text)
    USBFS_IRQHandler                         0x080102ef   Thumb Code     0  startup_gd32f407.o(.text)
    USBFS_WKUP_IRQHandler                    0x080102ef   Thumb Code     0  startup_gd32f407.o(.text)
    USBHS_EP1_In_IRQHandler                  0x080102ef   Thumb Code     0  startup_gd32f407.o(.text)
    USBHS_EP1_Out_IRQHandler                 0x080102ef   Thumb Code     0  startup_gd32f407.o(.text)
    USBHS_IRQHandler                         0x080102ef   Thumb Code     0  startup_gd32f407.o(.text)
    USBHS_WKUP_IRQHandler                    0x080102ef   Thumb Code     0  startup_gd32f407.o(.text)
    WWDGT_IRQHandler                         0x080102ef   Thumb Code     0  startup_gd32f407.o(.text)
    __user_initial_stackheap                 0x080102f1   Thumb Code    10  startup_gd32f407.o(.text)
    __use_no_semihosting                     0x08010315   Thumb Code     2  use_no_semi_2.o(.text)
    vsprintf                                 0x08010319   Thumb Code    32  vsprintf.o(.text)
    __2printf                                0x0801033d   Thumb Code    20  __2printf.o(.text)
    __2sprintf                               0x08010355   Thumb Code    38  __2sprintf.o(.text)
    _printf_str                              0x08010381   Thumb Code    82  _printf_str.o(.text)
    _printf_int_dec                          0x080103d5   Thumb Code   104  _printf_dec.o(.text)
    _printf_longlong_hex                     0x0801044d   Thumb Code    86  _printf_hex_int_ll_ptr.o(.text)
    _printf_int_hex                          0x080104a3   Thumb Code    28  _printf_hex_int_ll_ptr.o(.text)
    _printf_ll_hex                           0x080104bf   Thumb Code    12  _printf_hex_int_ll_ptr.o(.text)
    _printf_hex_ptr                          0x080104cb   Thumb Code    18  _printf_hex_int_ll_ptr.o(.text)
    __printf                                 0x080104e1   Thumb Code   388  __printf_flags_ss_wp.o(.text)
    atoi                                     0x08010669   Thumb Code    26  atoi.o(.text)
    strstr                                   0x08010683   Thumb Code    36  strstr.o(.text)
    strcpy                                   0x080106a7   Thumb Code    72  strcpy.o(.text)
    strlen                                   0x080106ef   Thumb Code    62  strlen.o(.text)
    __aeabi_memcpy                           0x0801072d   Thumb Code     0  rt_memcpy_v6.o(.text)
    __rt_memcpy                              0x0801072d   Thumb Code   138  rt_memcpy_v6.o(.text)
    _memcpy_lastbytes                        0x08010793   Thumb Code     0  rt_memcpy_v6.o(.text)
    __aeabi_memclr                           0x080107b7   Thumb Code     0  rt_memclr.o(.text)
    __rt_memclr                              0x080107b7   Thumb Code    68  rt_memclr.o(.text)
    _memset                                  0x080107bb   Thumb Code     0  rt_memclr.o(.text)
    __aeabi_memclr4                          0x080107fb   Thumb Code     0  rt_memclr_w.o(.text)
    __aeabi_memclr8                          0x080107fb   Thumb Code     0  rt_memclr_w.o(.text)
    __rt_memclr_w                            0x080107fb   Thumb Code    78  rt_memclr_w.o(.text)
    _memset_w                                0x080107ff   Thumb Code     0  rt_memclr_w.o(.text)
    __use_two_region_memory                  0x08010849   Thumb Code     2  heapauxi.o(.text)
    __rt_heap_escrow$2region                 0x0801084b   Thumb Code     2  heapauxi.o(.text)
    __rt_heap_expand$2region                 0x0801084d   Thumb Code     2  heapauxi.o(.text)
    __I$use$semihosting                      0x0801084f   Thumb Code     0  use_no_semi.o(.text)
    __use_no_semihosting_swi                 0x0801084f   Thumb Code     2  use_no_semi.o(.text)
    __aeabi_errno_addr                       0x08010851   Thumb Code     8  rt_errno_addr_intlibspace.o(.text)
    __errno$intlibspace                      0x08010851   Thumb Code     0  rt_errno_addr_intlibspace.o(.text)
    __rt_errno_addr$intlibspace              0x08010851   Thumb Code     0  rt_errno_addr_intlibspace.o(.text)
    _printf_pre_padding                      0x08010859   Thumb Code    44  _printf_pad.o(.text)
    _printf_post_padding                     0x08010885   Thumb Code    34  _printf_pad.o(.text)
    _printf_truncate_signed                  0x080108a7   Thumb Code    18  _printf_truncate.o(.text)
    _printf_truncate_unsigned                0x080108b9   Thumb Code    18  _printf_truncate.o(.text)
    _printf_int_common                       0x080108cb   Thumb Code   178  _printf_intcommon.o(.text)
    _printf_charcount                        0x0801097d   Thumb Code    40  _printf_charcount.o(.text)
    _printf_char_common                      0x080109af   Thumb Code    32  _printf_char_common.o(.text)
    _sputc                                   0x080109d5   Thumb Code    10  _sputc.o(.text)
    _printf_cs_common                        0x080109df   Thumb Code    20  _printf_char.o(.text)
    _printf_char                             0x080109f3   Thumb Code    16  _printf_char.o(.text)
    _printf_string                           0x08010a03   Thumb Code     8  _printf_char.o(.text)
    _printf_char_file                        0x08010a0d   Thumb Code    32  _printf_char_file.o(.text)
    _printf_wctomb                           0x08010a31   Thumb Code   182  _printf_wctomb.o(.text)
    _printf_longlong_dec                     0x08010aed   Thumb Code   108  _printf_longlong_dec.o(.text)
    _printf_longlong_oct                     0x08010b69   Thumb Code    66  _printf_oct_int_ll.o(.text)
    _printf_int_oct                          0x08010bab   Thumb Code    24  _printf_oct_int_ll.o(.text)
    _printf_ll_oct                           0x08010bc3   Thumb Code    12  _printf_oct_int_ll.o(.text)
    strtol                                   0x08010bd9   Thumb Code   112  strtol.o(.text)
    __aeabi_memcpy4                          0x08010c49   Thumb Code     0  rt_memcpy_w.o(.text)
    __aeabi_memcpy8                          0x08010c49   Thumb Code     0  rt_memcpy_w.o(.text)
    __rt_memcpy_w                            0x08010c49   Thumb Code   100  rt_memcpy_w.o(.text)
    _memcpy_lastbytes_aligned                0x08010c91   Thumb Code     0  rt_memcpy_w.o(.text)
    __user_libspace                          0x08010cad   Thumb Code     8  libspace.o(.text)
    __user_perproc_libspace                  0x08010cad   Thumb Code     0  libspace.o(.text)
    __user_perthread_libspace                0x08010cad   Thumb Code     0  libspace.o(.text)
    __rt_ctype_table                         0x08010cb5   Thumb Code    16  rt_ctype_table.o(.text)
    _ll_udiv10                               0x08010cc5   Thumb Code   138  lludiv10.o(.text)
    __lib_sel_fp_printf                      0x08010d4f   Thumb Code     2  _printf_fp_dec.o(.text)
    _printf_fp_dec_real                      0x08010f01   Thumb Code   620  _printf_fp_dec.o(.text)
    _printf_fp_hex_real                      0x0801116d   Thumb Code   756  _printf_fp_hex.o(.text)
    _printf_lcs_common                       0x08011469   Thumb Code    20  _printf_wchar.o(.text)
    _printf_wchar                            0x0801147d   Thumb Code    16  _printf_wchar.o(.text)
    _printf_wstring                          0x0801148d   Thumb Code     8  _printf_wchar.o(.text)
    _strtoul                                 0x08011495   Thumb Code   158  _strtoul.o(.text)
    ferror                                   0x08011533   Thumb Code     8  ferror.o(.text)
    _wcrtomb                                 0x0801153b   Thumb Code    64  _wcrtomb.o(.text)
    __user_setup_stackheap                   0x0801157b   Thumb Code    74  sys_stackheap_outer.o(.text)
    __rt_locale                              0x080115c5   Thumb Code     8  rt_locale_intlibspace.o(.text)
    _printf_fp_infnan                        0x080115cd   Thumb Code   112  _printf_fp_infnan.o(.text)
    _chval                                   0x0801164d   Thumb Code    28  _chval.o(.text)
    _btod_etento                             0x08011669   Thumb Code   224  bigflt0.o(.text)
    exit                                     0x0801174d   Thumb Code    18  exit.o(.text)
    strcmp                                   0x08011761   Thumb Code   128  strcmpv7m.o(.text)
    _btod_d2e                                0x080117e1   Thumb Code    62  btod.o(CL$$btod_d2e)
    _d2e_denorm_low                          0x0801181f   Thumb Code    70  btod.o(CL$$btod_d2e_denorm_low)
    _d2e_norm_op1                            0x08011865   Thumb Code    96  btod.o(CL$$btod_d2e_norm_op1)
    __btod_div_common                        0x080118c5   Thumb Code   696  btod.o(CL$$btod_div_common)
    _e2e                                     0x08011bfd   Thumb Code   220  btod.o(CL$$btod_e2e)
    _btod_ediv                               0x08011cd9   Thumb Code    42  btod.o(CL$$btod_ediv)
    _btod_emul                               0x08011d03   Thumb Code    42  btod.o(CL$$btod_emul)
    __btod_mult_common                       0x08011d2d   Thumb Code   580  btod.o(CL$$btod_mult_common)
    BusFault_Handler                         0x08011f71   Thumb Code     4  gd32f4xx_it.o(i.BusFault_Handler)
    DebugMon_Handler                         0x08011f75   Thumb Code     2  gd32f4xx_it.o(i.DebugMon_Handler)
    ESP8266_AT_ATEO                          0x08011f79   Thumb Code    20  esp8266.o(i.ESP8266_AT_ATEO)
    ESP8266_AT_BaudRate                      0x08011f99   Thumb Code    20  esp8266.o(i.ESP8266_AT_BaudRate)
    ESP8266_AT_JoinAP                        0x08011fd1   Thumb Code    42  esp8266.o(i.ESP8266_AT_JoinAP)
    ESP8266_Check_AT_Response                0x08012021   Thumb Code    38  esp8266.o(i.ESP8266_Check_AT_Response)
    ESP8266_Enable_MultipleId                0x08012049   Thumb Code    48  esp8266.o(i.ESP8266_Enable_MultipleId)
    ESP8266_Init                             0x08012095   Thumb Code    44  esp8266.o(i.ESP8266_Init)
    ESP8266_Link_Server                      0x080120c5   Thumb Code   120  esp8266.o(i.ESP8266_Link_Server)
    ESP8266_Net_Mode_Choose                  0x08012181   Thumb Code    60  esp8266.o(i.ESP8266_Net_Mode_Choose)
    ESP8266_Rst                              0x080121f1   Thumb Code    32  esp8266.o(i.ESP8266_Rst)
    ESP8266_tcp_off                          0x08012215   Thumb Code    74  tcp.o(i.ESP8266_tcp_off)
    EXTI5_9_IRQHandler                       0x0801227d   Thumb Code    16  gd32f4xx_it.o(i.EXTI5_9_IRQHandler)
    Flash_EraseSector                        0x08012291   Thumb Code    82  nand_flash.o(i.Flash_EraseSector)
    Flash_ReadSR                             0x080122e9   Thumb Code    60  nand_flash.o(i.Flash_ReadSR)
    Flash_ReadSomeBytes                      0x08012329   Thumb Code   104  nand_flash.o(i.Flash_ReadSomeBytes)
    Flash_WaitNobusy                         0x08012395   Thumb Code    18  nand_flash.o(i.Flash_WaitNobusy)
    Flash_WriteDisable                       0x080123a9   Thumb Code    44  nand_flash.o(i.Flash_WriteDisable)
    Flash_WriteEnable                        0x080123d9   Thumb Code    44  nand_flash.o(i.Flash_WriteEnable)
    Flash_WriteNoCheck                       0x08012409   Thumb Code    70  nand_flash.o(i.Flash_WriteNoCheck)
    Flash_WritePage                          0x08012451   Thumb Code   102  nand_flash.o(i.Flash_WritePage)
    Flash_WriteSR                            0x080124bd   Thumb Code    60  nand_flash.o(i.Flash_WriteSR)
    Flash_WriteSomeBytes                     0x080124fd   Thumb Code   198  nand_flash.o(i.Flash_WriteSomeBytes)
    GDFLASH_GetFlashSector                   0x080125c9   Thumb Code   116  gdflash.o(i.GDFLASH_GetFlashSector)
    GDFLASH_ReadWord                         0x08012669   Thumb Code     6  gdflash.o(i.GDFLASH_ReadWord)
    GDFLASH_Write                            0x08012671   Thumb Code   132  gdflash.o(i.GDFLASH_Write)
    GetIAPBin                                0x080126f9   Thumb Code    24  http.o(i.GetIAPBin)
    Handle_Http_Download_Header              0x08012715   Thumb Code   142  http.o(i.Handle_Http_Download_Header)
    HardFault_Handler                        0x080127d5   Thumb Code     4  gd32f4xx_it.o(i.HardFault_Handler)
    IC_Informatin                            0x080127d9   Thumb Code    38  program.o(i.IC_Informatin)
    IIC0_Init                                0x08012809   Thumb Code   146  iic.o(i.IIC0_Init)
    IIC_Config                               0x080128a9   Thumb Code    42  iic.o(i.IIC_Config)
    LED_Init                                 0x080128d9   Thumb Code    36  led.o(i.LED_Init)
    LED_OFF                                  0x08012901   Thumb Code    12  led.o(i.LED_OFF)
    LED_ON                                   0x08012911   Thumb Code    12  led.o(i.LED_ON)
    MPU6050ReadAcc2Real                      0x08012921   Thumb Code   144  mpu6050_1.o(i.MPU6050ReadAcc2Real)
    MPU6050ReadGyro2Real                     0x080129b1   Thumb Code   144  mpu6050_1.o(i.MPU6050ReadGyro2Real)
    MPU6050ReadID                            0x08012a41   Thumb Code    32  mpu6050_1.o(i.MPU6050ReadID)
    MPU6050_Init                             0x08012a61   Thumb Code    76  mpu6050_1.o(i.MPU6050_Init)
    MPU6050_ReadData                         0x08012aad   Thumb Code   340  mpu6050_1.o(i.MPU6050_ReadData)
    MPU6050_WriteReg                         0x08012c05   Thumb Code   168  mpu6050_1.o(i.MPU6050_WriteReg)
    MPU_INT_Init                             0x08012cb1   Thumb Code    40  mpu6050_1.o(i.MPU_INT_Init)
    MemManage_Handler                        0x08012cd9   Thumb Code     4  gd32f4xx_it.o(i.MemManage_Handler)
    Motion_Interrupt                         0x08012cdd   Thumb Code    20  mpu6050_1.o(i.Motion_Interrupt)
    NMI_Handler                              0x08012cf1   Thumb Code     2  gd32f4xx_it.o(i.NMI_Handler)
    PendSV_Handler                           0x08012d1d   Thumb Code     2  gd32f4xx_it.o(i.PendSV_Handler)
    Program_Init                             0x08012d21   Thumb Code    98  program.o(i.Program_Init)
    SFLASH_ReadID                            0x08012d99   Thumb Code    82  nand_flash.o(i.SFLASH_ReadID)
    SPI_Init                                 0x08012df1   Thumb Code   176  spi.o(i.SPI_Init)
    SVC_Handler                              0x08012ead   Thumb Code     2  gd32f4xx_it.o(i.SVC_Handler)
    SysTick_Handler                          0x08012eaf   Thumb Code     8  gd32f4xx_it.o(i.SysTick_Handler)
    SystemInit                               0x08012eb9   Thumb Code   168  system_gd32f4xx.o(i.SystemInit)
    TCP_Connect                              0x08012f71   Thumb Code   298  tcp.o(i.TCP_Connect)
    TCP_InAT                                 0x080130f5   Thumb Code   220  tcp.o(i.TCP_InAT)
    TCP_Program                              0x08013201   Thumb Code   370  tcp.o(i.TCP_Program)
    TCP_Restart                              0x08013385   Thumb Code    48  tcp.o(i.TCP_Restart)
    TCP_Restart_Program                      0x080133c5   Thumb Code    96  tcp.o(i.TCP_Restart_Program)
    TCP_Send_Data                            0x08013431   Thumb Code    66  tcp.o(i.TCP_Send_Data)
    TCP_TIM_1ms                              0x0801348d   Thumb Code    44  tcp.o(i.TCP_TIM_1ms)
    TCP_config                               0x080134c5   Thumb Code   208  tcp.o(i.TCP_config)
    TCP_gprs                                 0x080135a9   Thumb Code     4  tcp.o(i.TCP_gprs)
    TIMER1_1000ms                            0x080135ad   Thumb Code    30  timer.o(i.TIMER1_1000ms)
    TIMER1_100ms                             0x080135d1   Thumb Code    30  timer.o(i.TIMER1_100ms)
    TIMER1_200ms                             0x080135f5   Thumb Code    30  timer.o(i.TIMER1_200ms)
    TIMER1_50ms                              0x08013619   Thumb Code    30  timer.o(i.TIMER1_50ms)
    TIMER1_IRQHandler                        0x0801363d   Thumb Code   240  timer.o(i.TIMER1_IRQHandler)
    TIMER1_Init                              0x08013735   Thumb Code   112  timer.o(i.TIMER1_Init)
    TIMER2_IRQHandler                        0x080137a5   Thumb Code    22  timer.o(i.TIMER2_IRQHandler)
    TIMER2_Init                              0x080137c1   Thumb Code   106  timer.o(i.TIMER2_Init)
    U32ToU8Array                             0x08013831   Thumb Code    16  program.o(i.U32ToU8Array)
    USART0_Config                            0x08013841   Thumb Code   100  usart.o(i.USART0_Config)
    USART0_IRQHandler                        0x080138a9   Thumb Code    50  usart.o(i.USART0_IRQHandler)
    USART0_TIM_50ms                          0x080138e9   Thumb Code    66  usart.o(i.USART0_TIM_50ms)
    USART5_Clear                             0x0801395d   Thumb Code    24  usart.o(i.USART5_Clear)
    USART5_Config                            0x08013981   Thumb Code    88  usart.o(i.USART5_Config)
    USART5_IRQHandler                        0x080139dd   Thumb Code    78  usart.o(i.USART5_IRQHandler)
    USART5_Revice                            0x08013a49   Thumb Code    56  usart.o(i.USART5_Revice)
    USART5_Send                              0x08013a8d   Thumb Code    44  usart.o(i.USART5_Send)
    USART5_TIM_1ms                           0x08013abd   Thumb Code    40  usart.o(i.USART5_TIM_1ms)
    USART_Init                               0x08013af1   Thumb Code   148  usart.o(i.USART_Init)
    UsageFault_Handler                       0x08013b89   Thumb Code     4  gd32f4xx_it.o(i.UsageFault_Handler)
    __ARM_fpclassify                         0x08013b8d   Thumb Code    48  fpclassify.o(i.__ARM_fpclassify)
    _is_digit                                0x08013bbd   Thumb Code    14  __printf_wp.o(i._is_digit)
    _sys_exit                                0x08013bcb   Thumb Code     4  usart.o(i._sys_exit)
    delay_1ms                                0x08013bd1   Thumb Code    16  systick.o(i.delay_1ms)
    delay_decrement                          0x08013be5   Thumb Code    18  systick.o(i.delay_decrement)
    exti_init                                0x08013bfd   Thumb Code   184  gd32f4xx_exti.o(i.exti_init)
    exti_interrupt_flag_clear                0x08013cb9   Thumb Code     6  gd32f4xx_exti.o(i.exti_interrupt_flag_clear)
    fmc_lock                                 0x08013cc5   Thumb Code    14  gd32f4xx_fmc.o(i.fmc_lock)
    fmc_ready_wait                           0x08013cd9   Thumb Code    34  gd32f4xx_fmc.o(i.fmc_ready_wait)
    fmc_sector_erase                         0x08013cfd   Thumb Code    90  gd32f4xx_fmc.o(i.fmc_sector_erase)
    fmc_state_get                            0x08013d5d   Thumb Code    80  gd32f4xx_fmc.o(i.fmc_state_get)
    fmc_unlock                               0x08013db1   Thumb Code    24  gd32f4xx_fmc.o(i.fmc_unlock)
    fmc_word_program                         0x08013dd5   Thumb Code    80  gd32f4xx_fmc.o(i.fmc_word_program)
    fputc                                    0x08013e29   Thumb Code    32  usart.o(i.fputc)
    gpio_af_set                              0x08013e4d   Thumb Code    94  gd32f4xx_gpio.o(i.gpio_af_set)
    gpio_bit_reset                           0x08013eab   Thumb Code     4  gd32f4xx_gpio.o(i.gpio_bit_reset)
    gpio_bit_set                             0x08013eaf   Thumb Code     4  gd32f4xx_gpio.o(i.gpio_bit_set)
    gpio_bit_write                           0x08013eb3   Thumb Code    10  gd32f4xx_gpio.o(i.gpio_bit_write)
    gpio_mode_set                            0x08013ebd   Thumb Code    78  gd32f4xx_gpio.o(i.gpio_mode_set)
    gpio_output_options_set                  0x08013f0b   Thumb Code    66  gd32f4xx_gpio.o(i.gpio_output_options_set)
    i2c_ack_config                           0x08013f4d   Thumb Code    24  gd32f4xx_i2c.o(i.i2c_ack_config)
    i2c_ackpos_config                        0x08013f65   Thumb Code    22  gd32f4xx_i2c.o(i.i2c_ackpos_config)
    i2c_clock_config                         0x08013f7d   Thumb Code   204  gd32f4xx_i2c.o(i.i2c_clock_config)
    i2c_data_receive                         0x08014055   Thumb Code     8  gd32f4xx_i2c.o(i.i2c_data_receive)
    i2c_data_transmit                        0x0801405d   Thumb Code     6  gd32f4xx_i2c.o(i.i2c_data_transmit)
    i2c_enable                               0x08014063   Thumb Code    10  gd32f4xx_i2c.o(i.i2c_enable)
    i2c_flag_clear                           0x0801406d   Thumb Code    40  gd32f4xx_i2c.o(i.i2c_flag_clear)
    i2c_flag_get                             0x08014095   Thumb Code    30  gd32f4xx_i2c.o(i.i2c_flag_get)
    i2c_master_addressing                    0x080140b3   Thumb Code    20  gd32f4xx_i2c.o(i.i2c_master_addressing)
    i2c_mode_addr_config                     0x080140c7   Thumb Code    28  gd32f4xx_i2c.o(i.i2c_mode_addr_config)
    i2c_start_on_bus                         0x080140e3   Thumb Code    10  gd32f4xx_i2c.o(i.i2c_start_on_bus)
    i2c_stop_on_bus                          0x080140ed   Thumb Code    10  gd32f4xx_i2c.o(i.i2c_stop_on_bus)
    main                                     0x080140f9   Thumb Code   318  main.o(i.main)
    nvic_irq_enable                          0x080142b1   Thumb Code   186  gd32f4xx_misc.o(i.nvic_irq_enable)
    nvic_priority_group_set                  0x08014375   Thumb Code    10  gd32f4xx_misc.o(i.nvic_priority_group_set)
    nvic_vector_table_set                    0x08014389   Thumb Code    12  gd32f4xx_misc.o(i.nvic_vector_table_set)
    rcu_clock_freq_get                       0x0801439d   Thumb Code   264  gd32f4xx_rcu.o(i.rcu_clock_freq_get)
    rcu_periph_clock_enable                  0x080144c1   Thumb Code    32  gd32f4xx_rcu.o(i.rcu_periph_clock_enable)
    rcu_periph_reset_disable                 0x080144e5   Thumb Code    32  gd32f4xx_rcu.o(i.rcu_periph_reset_disable)
    rcu_periph_reset_enable                  0x08014509   Thumb Code    32  gd32f4xx_rcu.o(i.rcu_periph_reset_enable)
    rcu_timer_clock_prescaler_config         0x0801452d   Thumb Code    32  gd32f4xx_rcu.o(i.rcu_timer_clock_prescaler_config)
    spi_enable                               0x08014551   Thumb Code    10  gd32f4xx_spi.o(i.spi_enable)
    spi_i2s_data_receive                     0x0801455b   Thumb Code     8  gd32f4xx_spi.o(i.spi_i2s_data_receive)
    spi_i2s_data_transmit                    0x08014563   Thumb Code     4  gd32f4xx_spi.o(i.spi_i2s_data_transmit)
    spi_i2s_deinit                           0x08014569   Thumb Code   162  gd32f4xx_spi.o(i.spi_i2s_deinit)
    spi_i2s_flag_get                         0x08014615   Thumb Code    16  gd32f4xx_spi.o(i.spi_i2s_flag_get)
    spi_init                                 0x08014625   Thumb Code    50  gd32f4xx_spi.o(i.spi_init)
    spi_master_recv_some_bytes               0x08014657   Thumb Code    32  nand_flash.o(i.spi_master_recv_some_bytes)
    spi_master_send_recv_byte                0x08014679   Thumb Code    54  nand_flash.o(i.spi_master_send_recv_byte)
    spi_struct_para_init                     0x080146b5   Thumb Code    18  gd32f4xx_spi.o(i.spi_struct_para_init)
    systick_config                           0x080147cd   Thumb Code    74  systick.o(i.systick_config)
    timer_auto_reload_shadow_enable          0x0801481d   Thumb Code    10  gd32f4xx_timer.o(i.timer_auto_reload_shadow_enable)
    timer_deinit                             0x08014829   Thumb Code   374  gd32f4xx_timer.o(i.timer_deinit)
    timer_disable                            0x080149ad   Thumb Code    10  gd32f4xx_timer.o(i.timer_disable)
    timer_enable                             0x080149b7   Thumb Code    10  gd32f4xx_timer.o(i.timer_enable)
    timer_flag_clear                         0x080149c1   Thumb Code     6  gd32f4xx_timer.o(i.timer_flag_clear)
    timer_init                               0x080149c9   Thumb Code   122  gd32f4xx_timer.o(i.timer_init)
    timer_interrupt_enable                   0x08014a61   Thumb Code     8  gd32f4xx_timer.o(i.timer_interrupt_enable)
    timer_interrupt_flag_get                 0x08014a69   Thumb Code    24  gd32f4xx_timer.o(i.timer_interrupt_flag_get)
    u5_printf                                0x08014a81   Thumb Code    72  usart.o(i.u5_printf)
    usart_baudrate_set                       0x08014ad1   Thumb Code   224  gd32f4xx_usart.o(i.usart_baudrate_set)
    usart_deinit                             0x08014bb9   Thumb Code   210  gd32f4xx_usart.o(i.usart_deinit)
    usart_enable                             0x08014c95   Thumb Code    10  gd32f4xx_usart.o(i.usart_enable)
    usart_flag_get                           0x08014c9f   Thumb Code    30  gd32f4xx_usart.o(i.usart_flag_get)
    usart_interrupt_enable                   0x08014cbd   Thumb Code    26  gd32f4xx_usart.o(i.usart_interrupt_enable)
    usart_interrupt_flag_get                 0x08014cd7   Thumb Code    56  gd32f4xx_usart.o(i.usart_interrupt_flag_get)
    usart_parity_config                      0x08014d0f   Thumb Code    16  gd32f4xx_usart.o(i.usart_parity_config)
    usart_receive_config                     0x08014d1f   Thumb Code    16  gd32f4xx_usart.o(i.usart_receive_config)
    usart_stop_bit_set                       0x08014d2f   Thumb Code    16  gd32f4xx_usart.o(i.usart_stop_bit_set)
    usart_transmit_config                    0x08014d3f   Thumb Code    16  gd32f4xx_usart.o(i.usart_transmit_config)
    usart_word_length_set                    0x08014d4f   Thumb Code    16  gd32f4xx_usart.o(i.usart_word_length_set)
    _get_lc_ctype                            0x08014d61   Thumb Code    44  lc_ctype_c.o(locale$$code)
    _get_lc_numeric                          0x08014d8d   Thumb Code    44  lc_numeric_c.o(locale$$code)
    _fp_init                                 0x08014db9   Thumb Code    10  fpinit.o(x$fpl$fpinit)
    __fplib_config_fpu_vfp                   0x08014dc1   Thumb Code     0  fpinit.o(x$fpl$fpinit)
    __fplib_config_pureend_doubles           0x08014dc1   Thumb Code     0  fpinit.o(x$fpl$fpinit)
    _printf_fp_dec                           0x08014dc3   Thumb Code     4  printf1.o(x$fpl$printf1)
    _printf_fp_hex                           0x08014dc7   Thumb Code     4  printf2.o(x$fpl$printf2)
    __I$use$fp                               0x08014dca   Number         0  usenofp.o(x$fpl$usenofp)
    Region$$Table$$Base                      0x08014ec8   Number         0  anon$$obj.o(Region$$Table)
    Region$$Table$$Limit                     0x08014ee8   Number         0  anon$$obj.o(Region$$Table)
    __ctype                                  0x08014ef5   Data           0  lc_ctype_c.o(locale$$data)
    mem3base                                 0x10000000   Data       61440  malloc.o(.ARM.__AT_0x10000000)
    mem3mapbase                              0x1000f000   Data        3840  malloc.o(.ARM.__AT_0x1000F000)
    SystemCoreClock                          0x20000000   Data           4  system_gd32f4xx.o(.data)
    IntFlag                                  0x20000008   Data           1  main.o(.data)
    LedFlag                                  0x20000009   Data           1  main.o(.data)
    TcpClosedFlag                            0x2000000c   Data           1  tcp.o(.data)
    g_state                                  0x2000000e   Data           2  tcp.o(.data)
    g_send_return_tim                        0x20000010   Data           2  tcp.o(.data)
    g_signal                                 0x20000012   Data           1  tcp.o(.data)
    g_heartbeat                              0x20000014   Data           2  tcp.o(.data)
    g_time                                   0x20000018   Data           4  tcp.o(.data)
    _esp8266_flag                            0x2000001c   Data           1  tcp.o(.data)
    TIMER1_flag                              0x20000028   Data           1  timer.o(.data)
    __stdout                                 0x20000034   Data           4  usart.o(.data)
    USART0_RX_STA                            0x20000038   Data           2  usart.o(.data)
    USART0_RX_CNT                            0x2000003c   Data           4  usart.o(.data)
    USART5_RX_STA                            0x20000040   Data           2  usart.o(.data)
    usart5_rev_cnt                           0x20000042   Data           1  usart.o(.data)
    usart5_rev_flag                          0x20000043   Data           1  usart.o(.data)
    usart5_rev_finish                        0x20000044   Data           1  usart.o(.data)
    g_urlStr                                 0x20000048   Data          70  http.o(.data)
    GyroData                                 0x20000090   Data          12  main.o(.bss)
    AccelData                                0x2000009c   Data          12  main.o(.bss)
    res_at                                   0x200000b8   Data          20  tcp.o(.bss)
    USART0_RX_BUF                            0x200000d0   Data         800  usart.o(.bss)
    USART5_TX_BUF                            0x200003f0   Data         800  usart.o(.bss)
    __libspace_start                         0x20000710   Data          96  libspace.o(.bss)
    __temporary_stack_top$libspace           0x20000770   Data           0  libspace.o(.bss)
    USART5_RX_BUF                            0x20001000   Data       65536  usart.o(.ARM.__AT_0x20001000)
    g_DataTmpBuffer                          0x20011000   Data        4096  nand_flash.o(.bss)
    g_WriteData                              0x20012000   Data         256  nand_flash.o(.bss)
    mem2base                                 0x68000000   Data       983040  malloc.o(.ARM.__AT_0x68000000)
    mem2mapbase                              0x680f0000   Data       61440  malloc.o(.ARM.__AT_0x680F0000)



==============================================================================

Memory Map of the image

  Image Entry point : 0x08010189

  Load Region LR_IROM1 (Base: 0x08010000, Size: 0x000050a4, Max: 0x00010000, ABSOLUTE)

    Execution Region ER_IROM1 (Exec base: 0x08010000, Load base: 0x08010000, Size: 0x00005014, Max: 0x00010000, ABSOLUTE)

    Exec Addr    Load Addr    Size         Type   Attr      Idx    E Section Name        Object

    0x08010000   0x08010000   0x00000188   Data   RO          154    RESET               startup_gd32f407.o
    0x08010188   0x08010188   0x00000008   Code   RO         6958  * !!!main             c_w.l(__main.o)
    0x08010190   0x08010190   0x00000034   Code   RO         7271    !!!scatter          c_w.l(__scatter.o)
    0x080101c4   0x080101c4   0x0000001a   Code   RO         7273    !!handler_copy      c_w.l(__scatter_copy.o)
    0x080101de   0x080101de   0x00000002   PAD
    0x080101e0   0x080101e0   0x0000001c   Code   RO         7275    !!handler_zi        c_w.l(__scatter_zi.o)
    0x080101fc   0x080101fc   0x00000000   Code   RO         6941    .ARM.Collect$$_printf_percent$$00000000  c_w.l(_printf_percent.o)
    0x080101fc   0x080101fc   0x00000006   Code   RO         7016    .ARM.Collect$$_printf_percent$$00000001  c_w.l(_printf_n.o)
    0x08010202   0x08010202   0x00000006   Code   RO         7017    .ARM.Collect$$_printf_percent$$00000002  c_w.l(_printf_p.o)
    0x08010208   0x08010208   0x00000006   Code   RO         7021    .ARM.Collect$$_printf_percent$$00000003  c_w.l(_printf_f.o)
    0x0801020e   0x0801020e   0x00000006   Code   RO         7022    .ARM.Collect$$_printf_percent$$00000004  c_w.l(_printf_e.o)
    0x08010214   0x08010214   0x00000006   Code   RO         7023    .ARM.Collect$$_printf_percent$$00000005  c_w.l(_printf_g.o)
    0x0801021a   0x0801021a   0x00000006   Code   RO         7024    .ARM.Collect$$_printf_percent$$00000006  c_w.l(_printf_a.o)
    0x08010220   0x08010220   0x0000000a   Code   RO         7029    .ARM.Collect$$_printf_percent$$00000007  c_w.l(_printf_ll.o)
    0x0801022a   0x0801022a   0x00000006   Code   RO         7019    .ARM.Collect$$_printf_percent$$00000008  c_w.l(_printf_i.o)
    0x08010230   0x08010230   0x00000006   Code   RO         6940    .ARM.Collect$$_printf_percent$$00000009  c_w.l(_printf_d.o)
    0x08010236   0x08010236   0x00000006   Code   RO         7020    .ARM.Collect$$_printf_percent$$0000000A  c_w.l(_printf_u.o)
    0x0801023c   0x0801023c   0x00000006   Code   RO         7018    .ARM.Collect$$_printf_percent$$0000000B  c_w.l(_printf_o.o)
    0x08010242   0x08010242   0x00000006   Code   RO         6939    .ARM.Collect$$_printf_percent$$0000000C  c_w.l(_printf_x.o)
    0x08010248   0x08010248   0x00000006   Code   RO         7026    .ARM.Collect$$_printf_percent$$0000000D  c_w.l(_printf_lli.o)
    0x0801024e   0x0801024e   0x00000006   Code   RO         7027    .ARM.Collect$$_printf_percent$$0000000E  c_w.l(_printf_lld.o)
    0x08010254   0x08010254   0x00000006   Code   RO         7028    .ARM.Collect$$_printf_percent$$0000000F  c_w.l(_printf_llu.o)
    0x0801025a   0x0801025a   0x00000006   Code   RO         7033    .ARM.Collect$$_printf_percent$$00000010  c_w.l(_printf_llo.o)
    0x08010260   0x08010260   0x00000006   Code   RO         7034    .ARM.Collect$$_printf_percent$$00000011  c_w.l(_printf_llx.o)
    0x08010266   0x08010266   0x0000000a   Code   RO         7030    .ARM.Collect$$_printf_percent$$00000012  c_w.l(_printf_l.o)
    0x08010270   0x08010270   0x00000006   Code   RO         7015    .ARM.Collect$$_printf_percent$$00000013  c_w.l(_printf_c.o)
    0x08010276   0x08010276   0x00000006   Code   RO         6938    .ARM.Collect$$_printf_percent$$00000014  c_w.l(_printf_s.o)
    0x0801027c   0x0801027c   0x00000006   Code   RO         7031    .ARM.Collect$$_printf_percent$$00000015  c_w.l(_printf_lc.o)
    0x08010282   0x08010282   0x00000006   Code   RO         7032    .ARM.Collect$$_printf_percent$$00000016  c_w.l(_printf_ls.o)
    0x08010288   0x08010288   0x00000004   Code   RO         7025    .ARM.Collect$$_printf_percent$$00000017  c_w.l(_printf_percent_end.o)
    0x0801028c   0x0801028c   0x00000002   Code   RO         7140    .ARM.Collect$$libinit$$00000000  c_w.l(libinit.o)
    0x0801028e   0x0801028e   0x00000004   Code   RO         7149    .ARM.Collect$$libinit$$00000001  c_w.l(libinit2.o)
    0x08010292   0x08010292   0x00000000   Code   RO         7152    .ARM.Collect$$libinit$$00000004  c_w.l(libinit2.o)
    0x08010292   0x08010292   0x00000000   Code   RO         7155    .ARM.Collect$$libinit$$0000000A  c_w.l(libinit2.o)
    0x08010292   0x08010292   0x00000000   Code   RO         7157    .ARM.Collect$$libinit$$0000000C  c_w.l(libinit2.o)
    0x08010292   0x08010292   0x00000000   Code   RO         7159    .ARM.Collect$$libinit$$0000000E  c_w.l(libinit2.o)
    0x08010292   0x08010292   0x00000006   Code   RO         7160    .ARM.Collect$$libinit$$0000000F  c_w.l(libinit2.o)
    0x08010298   0x08010298   0x00000000   Code   RO         7162    .ARM.Collect$$libinit$$00000011  c_w.l(libinit2.o)
    0x08010298   0x08010298   0x0000000c   Code   RO         7163    .ARM.Collect$$libinit$$00000012  c_w.l(libinit2.o)
    0x080102a4   0x080102a4   0x00000000   Code   RO         7164    .ARM.Collect$$libinit$$00000013  c_w.l(libinit2.o)
    0x080102a4   0x080102a4   0x00000000   Code   RO         7166    .ARM.Collect$$libinit$$00000015  c_w.l(libinit2.o)
    0x080102a4   0x080102a4   0x0000000a   Code   RO         7167    .ARM.Collect$$libinit$$00000016  c_w.l(libinit2.o)
    0x080102ae   0x080102ae   0x00000000   Code   RO         7168    .ARM.Collect$$libinit$$00000017  c_w.l(libinit2.o)
    0x080102ae   0x080102ae   0x00000000   Code   RO         7170    .ARM.Collect$$libinit$$00000019  c_w.l(libinit2.o)
    0x080102ae   0x080102ae   0x00000000   Code   RO         7172    .ARM.Collect$$libinit$$0000001B  c_w.l(libinit2.o)
    0x080102ae   0x080102ae   0x00000000   Code   RO         7174    .ARM.Collect$$libinit$$0000001D  c_w.l(libinit2.o)
    0x080102ae   0x080102ae   0x00000000   Code   RO         7176    .ARM.Collect$$libinit$$0000001F  c_w.l(libinit2.o)
    0x080102ae   0x080102ae   0x00000000   Code   RO         7178    .ARM.Collect$$libinit$$00000021  c_w.l(libinit2.o)
    0x080102ae   0x080102ae   0x00000000   Code   RO         7180    .ARM.Collect$$libinit$$00000023  c_w.l(libinit2.o)
    0x080102ae   0x080102ae   0x00000000   Code   RO         7182    .ARM.Collect$$libinit$$00000025  c_w.l(libinit2.o)
    0x080102ae   0x080102ae   0x00000000   Code   RO         7186    .ARM.Collect$$libinit$$0000002C  c_w.l(libinit2.o)
    0x080102ae   0x080102ae   0x00000000   Code   RO         7188    .ARM.Collect$$libinit$$0000002E  c_w.l(libinit2.o)
    0x080102ae   0x080102ae   0x00000000   Code   RO         7190    .ARM.Collect$$libinit$$00000030  c_w.l(libinit2.o)
    0x080102ae   0x080102ae   0x00000000   Code   RO         7192    .ARM.Collect$$libinit$$00000032  c_w.l(libinit2.o)
    0x080102ae   0x080102ae   0x00000002   Code   RO         7193    .ARM.Collect$$libinit$$00000033  c_w.l(libinit2.o)
    0x080102b0   0x080102b0   0x00000002   Code   RO         7211    .ARM.Collect$$libshutdown$$00000000  c_w.l(libshutdown.o)
    0x080102b2   0x080102b2   0x00000000   Code   RO         7221    .ARM.Collect$$libshutdown$$00000002  c_w.l(libshutdown2.o)
    0x080102b2   0x080102b2   0x00000000   Code   RO         7223    .ARM.Collect$$libshutdown$$00000004  c_w.l(libshutdown2.o)
    0x080102b2   0x080102b2   0x00000000   Code   RO         7225    .ARM.Collect$$libshutdown$$00000006  c_w.l(libshutdown2.o)
    0x080102b2   0x080102b2   0x00000000   Code   RO         7228    .ARM.Collect$$libshutdown$$00000009  c_w.l(libshutdown2.o)
    0x080102b2   0x080102b2   0x00000000   Code   RO         7231    .ARM.Collect$$libshutdown$$0000000C  c_w.l(libshutdown2.o)
    0x080102b2   0x080102b2   0x00000000   Code   RO         7233    .ARM.Collect$$libshutdown$$0000000E  c_w.l(libshutdown2.o)
    0x080102b2   0x080102b2   0x00000000   Code   RO         7236    .ARM.Collect$$libshutdown$$00000011  c_w.l(libshutdown2.o)
    0x080102b2   0x080102b2   0x00000002   Code   RO         7237    .ARM.Collect$$libshutdown$$00000012  c_w.l(libshutdown2.o)
    0x080102b4   0x080102b4   0x00000000   Code   RO         6982    .ARM.Collect$$rtentry$$00000000  c_w.l(__rtentry.o)
    0x080102b4   0x080102b4   0x00000000   Code   RO         7056    .ARM.Collect$$rtentry$$00000002  c_w.l(__rtentry2.o)
    0x080102b4   0x080102b4   0x00000006   Code   RO         7068    .ARM.Collect$$rtentry$$00000004  c_w.l(__rtentry4.o)
    0x080102ba   0x080102ba   0x00000000   Code   RO         7058    .ARM.Collect$$rtentry$$00000009  c_w.l(__rtentry2.o)
    0x080102ba   0x080102ba   0x00000004   Code   RO         7059    .ARM.Collect$$rtentry$$0000000A  c_w.l(__rtentry2.o)
    0x080102be   0x080102be   0x00000000   Code   RO         7061    .ARM.Collect$$rtentry$$0000000C  c_w.l(__rtentry2.o)
    0x080102be   0x080102be   0x00000008   Code   RO         7062    .ARM.Collect$$rtentry$$0000000D  c_w.l(__rtentry2.o)
    0x080102c6   0x080102c6   0x00000002   Code   RO         7145    .ARM.Collect$$rtexit$$00000000  c_w.l(rtexit.o)
    0x080102c8   0x080102c8   0x00000000   Code   RO         7195    .ARM.Collect$$rtexit$$00000002  c_w.l(rtexit2.o)
    0x080102c8   0x080102c8   0x00000004   Code   RO         7196    .ARM.Collect$$rtexit$$00000003  c_w.l(rtexit2.o)
    0x080102cc   0x080102cc   0x00000006   Code   RO         7197    .ARM.Collect$$rtexit$$00000004  c_w.l(rtexit2.o)
    0x080102d2   0x080102d2   0x00000002   PAD
    0x080102d4   0x080102d4   0x00000040   Code   RO          155    .text               startup_gd32f407.o
    0x08010314   0x08010314   0x00000002   Code   RO         6879    .text               c_w.l(use_no_semi_2.o)
    0x08010316   0x08010316   0x00000002   PAD
    0x08010318   0x08010318   0x00000024   Code   RO         6881    .text               c_w.l(vsprintf.o)
    0x0801033c   0x0801033c   0x00000018   Code   RO         6883    .text               c_w.l(__2printf.o)
    0x08010354   0x08010354   0x0000002c   Code   RO         6885    .text               c_w.l(__2sprintf.o)
    0x08010380   0x08010380   0x00000052   Code   RO         6893    .text               c_w.l(_printf_str.o)
    0x080103d2   0x080103d2   0x00000002   PAD
    0x080103d4   0x080103d4   0x00000078   Code   RO         6895    .text               c_w.l(_printf_dec.o)
    0x0801044c   0x0801044c   0x00000094   Code   RO         6915    .text               c_w.l(_printf_hex_int_ll_ptr.o)
    0x080104e0   0x080104e0   0x00000188   Code   RO         6935    .text               c_w.l(__printf_flags_ss_wp.o)
    0x08010668   0x08010668   0x0000001a   Code   RO         6942    .text               c_w.l(atoi.o)
    0x08010682   0x08010682   0x00000024   Code   RO         6944    .text               c_w.l(strstr.o)
    0x080106a6   0x080106a6   0x00000048   Code   RO         6946    .text               c_w.l(strcpy.o)
    0x080106ee   0x080106ee   0x0000003e   Code   RO         6948    .text               c_w.l(strlen.o)
    0x0801072c   0x0801072c   0x0000008a   Code   RO         6950    .text               c_w.l(rt_memcpy_v6.o)
    0x080107b6   0x080107b6   0x00000044   Code   RO         6952    .text               c_w.l(rt_memclr.o)
    0x080107fa   0x080107fa   0x0000004e   Code   RO         6954    .text               c_w.l(rt_memclr_w.o)
    0x08010848   0x08010848   0x00000006   Code   RO         6956    .text               c_w.l(heapauxi.o)
    0x0801084e   0x0801084e   0x00000002   Code   RO         6980    .text               c_w.l(use_no_semi.o)
    0x08010850   0x08010850   0x00000008   Code   RO         6986    .text               c_w.l(rt_errno_addr_intlibspace.o)
    0x08010858   0x08010858   0x0000004e   Code   RO         6988    .text               c_w.l(_printf_pad.o)
    0x080108a6   0x080108a6   0x00000024   Code   RO         6990    .text               c_w.l(_printf_truncate.o)
    0x080108ca   0x080108ca   0x000000b2   Code   RO         6992    .text               c_w.l(_printf_intcommon.o)
    0x0801097c   0x0801097c   0x00000028   Code   RO         6994    .text               c_w.l(_printf_charcount.o)
    0x080109a4   0x080109a4   0x00000030   Code   RO         6996    .text               c_w.l(_printf_char_common.o)
    0x080109d4   0x080109d4   0x0000000a   Code   RO         6998    .text               c_w.l(_sputc.o)
    0x080109de   0x080109de   0x0000002c   Code   RO         7000    .text               c_w.l(_printf_char.o)
    0x08010a0a   0x08010a0a   0x00000002   PAD
    0x08010a0c   0x08010a0c   0x00000024   Code   RO         7002    .text               c_w.l(_printf_char_file.o)
    0x08010a30   0x08010a30   0x000000bc   Code   RO         7004    .text               c_w.l(_printf_wctomb.o)
    0x08010aec   0x08010aec   0x0000007c   Code   RO         7007    .text               c_w.l(_printf_longlong_dec.o)
    0x08010b68   0x08010b68   0x00000070   Code   RO         7013    .text               c_w.l(_printf_oct_int_ll.o)
    0x08010bd8   0x08010bd8   0x00000070   Code   RO         7035    .text               c_w.l(strtol.o)
    0x08010c48   0x08010c48   0x00000064   Code   RO         7037    .text               c_w.l(rt_memcpy_w.o)
    0x08010cac   0x08010cac   0x00000008   Code   RO         7052    .text               c_w.l(libspace.o)
    0x08010cb4   0x08010cb4   0x00000010   Code   RO         7070    .text               c_w.l(rt_ctype_table.o)
    0x08010cc4   0x08010cc4   0x0000008a   Code   RO         7072    .text               c_w.l(lludiv10.o)
    0x08010d4e   0x08010d4e   0x0000041e   Code   RO         7074    .text               c_w.l(_printf_fp_dec.o)
    0x0801116c   0x0801116c   0x000002fc   Code   RO         7076    .text               c_w.l(_printf_fp_hex.o)
    0x08011468   0x08011468   0x0000002c   Code   RO         7081    .text               c_w.l(_printf_wchar.o)
    0x08011494   0x08011494   0x0000009e   Code   RO         7083    .text               c_w.l(_strtoul.o)
    0x08011532   0x08011532   0x00000008   Code   RO         7085    .text               c_w.l(ferror.o)
    0x0801153a   0x0801153a   0x00000040   Code   RO         7089    .text               c_w.l(_wcrtomb.o)
    0x0801157a   0x0801157a   0x0000004a   Code   RO         7091    .text               c_w.l(sys_stackheap_outer.o)
    0x080115c4   0x080115c4   0x00000008   Code   RO         7096    .text               c_w.l(rt_locale_intlibspace.o)
    0x080115cc   0x080115cc   0x00000080   Code   RO         7098    .text               c_w.l(_printf_fp_infnan.o)
    0x0801164c   0x0801164c   0x0000001c   Code   RO         7100    .text               c_w.l(_chval.o)
    0x08011668   0x08011668   0x000000e4   Code   RO         7102    .text               c_w.l(bigflt0.o)
    0x0801174c   0x0801174c   0x00000012   Code   RO         7133    .text               c_w.l(exit.o)
    0x0801175e   0x0801175e   0x00000002   PAD
    0x08011760   0x08011760   0x00000080   Code   RO         7147    .text               c_w.l(strcmpv7m.o)
    0x080117e0   0x080117e0   0x0000003e   Code   RO         7105    CL$$btod_d2e        c_w.l(btod.o)
    0x0801181e   0x0801181e   0x00000046   Code   RO         7107    CL$$btod_d2e_denorm_low  c_w.l(btod.o)
    0x08011864   0x08011864   0x00000060   Code   RO         7106    CL$$btod_d2e_norm_op1  c_w.l(btod.o)
    0x080118c4   0x080118c4   0x00000338   Code   RO         7115    CL$$btod_div_common  c_w.l(btod.o)
    0x08011bfc   0x08011bfc   0x000000dc   Code   RO         7112    CL$$btod_e2e        c_w.l(btod.o)
    0x08011cd8   0x08011cd8   0x0000002a   Code   RO         7109    CL$$btod_ediv       c_w.l(btod.o)
    0x08011d02   0x08011d02   0x0000002a   Code   RO         7108    CL$$btod_emul       c_w.l(btod.o)
    0x08011d2c   0x08011d2c   0x00000244   Code   RO         7114    CL$$btod_mult_common  c_w.l(btod.o)
    0x08011f70   0x08011f70   0x00000004   Code   RO         5765    i.BusFault_Handler  gd32f4xx_it.o
    0x08011f74   0x08011f74   0x00000002   Code   RO         5766    i.DebugMon_Handler  gd32f4xx_it.o
    0x08011f76   0x08011f76   0x00000002   PAD
    0x08011f78   0x08011f78   0x00000020   Code   RO         5886    i.ESP8266_AT_ATEO   esp8266.o
    0x08011f98   0x08011f98   0x00000038   Code   RO         5887    i.ESP8266_AT_BaudRate  esp8266.o
    0x08011fd0   0x08011fd0   0x00000050   Code   RO         5888    i.ESP8266_AT_JoinAP  esp8266.o
    0x08012020   0x08012020   0x00000026   Code   RO         5891    i.ESP8266_Check_AT_Response  esp8266.o
    0x08012046   0x08012046   0x00000002   PAD
    0x08012048   0x08012048   0x0000004c   Code   RO         5894    i.ESP8266_Enable_MultipleId  esp8266.o
    0x08012094   0x08012094   0x00000030   Code   RO         5897    i.ESP8266_Init      esp8266.o
    0x080120c4   0x080120c4   0x000000bc   Code   RO         5898    i.ESP8266_Link_Server  esp8266.o
    0x08012180   0x08012180   0x00000070   Code   RO         5904    i.ESP8266_Net_Mode_Choose  esp8266.o
    0x080121f0   0x080121f0   0x00000024   Code   RO         5905    i.ESP8266_Rst       esp8266.o
    0x08012214   0x08012214   0x00000068   Code   RO         6218    i.ESP8266_tcp_off   tcp.o
    0x0801227c   0x0801227c   0x00000014   Code   RO         5767    i.EXTI5_9_IRQHandler  gd32f4xx_it.o
    0x08012290   0x08012290   0x00000058   Code   RO         6489    i.Flash_EraseSector  nand_flash.o
    0x080122e8   0x080122e8   0x00000040   Code   RO         6491    i.Flash_ReadSR      nand_flash.o
    0x08012328   0x08012328   0x0000006c   Code   RO         6492    i.Flash_ReadSomeBytes  nand_flash.o
    0x08012394   0x08012394   0x00000012   Code   RO         6494    i.Flash_WaitNobusy  nand_flash.o
    0x080123a6   0x080123a6   0x00000002   PAD
    0x080123a8   0x080123a8   0x00000030   Code   RO         6495    i.Flash_WriteDisable  nand_flash.o
    0x080123d8   0x080123d8   0x00000030   Code   RO         6496    i.Flash_WriteEnable  nand_flash.o
    0x08012408   0x08012408   0x00000046   Code   RO         6497    i.Flash_WriteNoCheck  nand_flash.o
    0x0801244e   0x0801244e   0x00000002   PAD
    0x08012450   0x08012450   0x0000006c   Code   RO         6498    i.Flash_WritePage   nand_flash.o
    0x080124bc   0x080124bc   0x00000040   Code   RO         6499    i.Flash_WriteSR     nand_flash.o
    0x080124fc   0x080124fc   0x000000cc   Code   RO         6500    i.Flash_WriteSomeBytes  nand_flash.o
    0x080125c8   0x080125c8   0x000000a0   Code   RO         6639    i.GDFLASH_GetFlashSector  gdflash.o
    0x08012668   0x08012668   0x00000006   Code   RO         6641    i.GDFLASH_ReadWord  gdflash.o
    0x0801266e   0x0801266e   0x00000002   PAD
    0x08012670   0x08012670   0x00000088   Code   RO         6642    i.GDFLASH_Write     gdflash.o
    0x080126f8   0x080126f8   0x0000001c   Code   RO         6677    i.GetIAPBin         http.o
    0x08012714   0x08012714   0x000000c0   Code   RO         6678    i.Handle_Http_Download_Header  http.o
    0x080127d4   0x080127d4   0x00000004   Code   RO         5768    i.HardFault_Handler  gd32f4xx_it.o
    0x080127d8   0x080127d8   0x00000030   Code   RO         5846    i.IC_Informatin     program.o
    0x08012808   0x08012808   0x000000a0   Code   RO         6068    i.IIC0_Init         iic.o
    0x080128a8   0x080128a8   0x00000030   Code   RO         6070    i.IIC_Config        iic.o
    0x080128d8   0x080128d8   0x00000028   Code   RO         6100    i.LED_Init          led.o
    0x08012900   0x08012900   0x00000010   Code   RO         6101    i.LED_OFF           led.o
    0x08012910   0x08012910   0x00000010   Code   RO         6102    i.LED_ON            led.o
    0x08012920   0x08012920   0x00000090   Code   RO         6133    i.MPU6050ReadAcc2Real  mpu6050_1.o
    0x080129b0   0x080129b0   0x00000090   Code   RO         6135    i.MPU6050ReadGyro2Real  mpu6050_1.o
    0x08012a40   0x08012a40   0x00000020   Code   RO         6136    i.MPU6050ReadID     mpu6050_1.o
    0x08012a60   0x08012a60   0x0000004c   Code   RO         6138    i.MPU6050_Init      mpu6050_1.o
    0x08012aac   0x08012aac   0x00000158   Code   RO         6139    i.MPU6050_ReadData  mpu6050_1.o
    0x08012c04   0x08012c04   0x000000ac   Code   RO         6141    i.MPU6050_WriteReg  mpu6050_1.o
    0x08012cb0   0x08012cb0   0x00000028   Code   RO         6142    i.MPU_INT_Init      mpu6050_1.o
    0x08012cd8   0x08012cd8   0x00000004   Code   RO         5769    i.MemManage_Handler  gd32f4xx_it.o
    0x08012cdc   0x08012cdc   0x00000014   Code   RO         6143    i.Motion_Interrupt  mpu6050_1.o
    0x08012cf0   0x08012cf0   0x00000002   Code   RO         5770    i.NMI_Handler       gd32f4xx_it.o
    0x08012cf2   0x08012cf2   0x00000002   PAD
    0x08012cf4   0x08012cf4   0x00000028   Code   RO         5639    i.NVIC_SetPriority  systick.o
    0x08012d1c   0x08012d1c   0x00000002   Code   RO         5771    i.PendSV_Handler    gd32f4xx_it.o
    0x08012d1e   0x08012d1e   0x00000002   PAD
    0x08012d20   0x08012d20   0x00000078   Code   RO         5847    i.Program_Init      program.o
    0x08012d98   0x08012d98   0x00000058   Code   RO         6501    i.SFLASH_ReadID     nand_flash.o
    0x08012df0   0x08012df0   0x000000bc   Code   RO         6619    i.SPI_Init          spi.o
    0x08012eac   0x08012eac   0x00000002   Code   RO         5772    i.SVC_Handler       gd32f4xx_it.o
    0x08012eae   0x08012eae   0x00000008   Code   RO         5773    i.SysTick_Handler   gd32f4xx_it.o
    0x08012eb6   0x08012eb6   0x00000002   PAD
    0x08012eb8   0x08012eb8   0x000000b8   Code   RO            4    i.SystemInit        system_gd32f4xx.o
    0x08012f70   0x08012f70   0x00000184   Code   RO         6219    i.TCP_Connect       tcp.o
    0x080130f4   0x080130f4   0x0000010c   Code   RO         6220    i.TCP_InAT          tcp.o
    0x08013200   0x08013200   0x00000184   Code   RO         6221    i.TCP_Program       tcp.o
    0x08013384   0x08013384   0x00000040   Code   RO         6222    i.TCP_Restart       tcp.o
    0x080133c4   0x080133c4   0x0000006c   Code   RO         6223    i.TCP_Restart_Program  tcp.o
    0x08013430   0x08013430   0x0000005c   Code   RO         6224    i.TCP_Send_Data     tcp.o
    0x0801348c   0x0801348c   0x00000038   Code   RO         6225    i.TCP_TIM_1ms       tcp.o
    0x080134c4   0x080134c4   0x000000e4   Code   RO         6226    i.TCP_config        tcp.o
    0x080135a8   0x080135a8   0x00000004   Code   RO         6227    i.TCP_gprs          tcp.o
    0x080135ac   0x080135ac   0x00000024   Code   RO         6299    i.TIMER1_1000ms     timer.o
    0x080135d0   0x080135d0   0x00000024   Code   RO         6300    i.TIMER1_100ms      timer.o
    0x080135f4   0x080135f4   0x00000024   Code   RO         6302    i.TIMER1_200ms      timer.o
    0x08013618   0x08013618   0x00000024   Code   RO         6303    i.TIMER1_50ms       timer.o
    0x0801363c   0x0801363c   0x000000f8   Code   RO         6305    i.TIMER1_IRQHandler  timer.o
    0x08013734   0x08013734   0x00000070   Code   RO         6306    i.TIMER1_Init       timer.o
    0x080137a4   0x080137a4   0x0000001c   Code   RO         6307    i.TIMER2_IRQHandler  timer.o
    0x080137c0   0x080137c0   0x00000070   Code   RO         6308    i.TIMER2_Init       timer.o
    0x08013830   0x08013830   0x00000010   Code   RO         5848    i.U32ToU8Array      program.o
    0x08013840   0x08013840   0x00000068   Code   RO         6376    i.USART0_Config     usart.o
    0x080138a8   0x080138a8   0x00000040   Code   RO         6377    i.USART0_IRQHandler  usart.o
    0x080138e8   0x080138e8   0x00000074   Code   RO         6378    i.USART0_TIM_50ms   usart.o
    0x0801395c   0x0801395c   0x00000024   Code   RO         6379    i.USART5_Clear      usart.o
    0x08013980   0x08013980   0x0000005c   Code   RO         6380    i.USART5_Config     usart.o
    0x080139dc   0x080139dc   0x0000006c   Code   RO         6381    i.USART5_IRQHandler  usart.o
    0x08013a48   0x08013a48   0x00000044   Code   RO         6382    i.USART5_Revice     usart.o
    0x08013a8c   0x08013a8c   0x00000030   Code   RO         6383    i.USART5_Send       usart.o
    0x08013abc   0x08013abc   0x00000034   Code   RO         6384    i.USART5_TIM_1ms    usart.o
    0x08013af0   0x08013af0   0x00000098   Code   RO         6385    i.USART_Init        usart.o
    0x08013b88   0x08013b88   0x00000004   Code   RO         5774    i.UsageFault_Handler  gd32f4xx_it.o
    0x08013b8c   0x08013b8c   0x00000030   Code   RO         7143    i.__ARM_fpclassify  m_wm.l(fpclassify.o)
    0x08013bbc   0x08013bbc   0x0000000e   Code   RO         6928    i._is_digit         c_w.l(__printf_wp.o)
    0x08013bca   0x08013bca   0x00000004   Code   RO         6386    i._sys_exit         usart.o
    0x08013bce   0x08013bce   0x00000002   PAD
    0x08013bd0   0x08013bd0   0x00000014   Code   RO         5640    i.delay_1ms         systick.o
    0x08013be4   0x08013be4   0x00000018   Code   RO         5641    i.delay_decrement   systick.o
    0x08013bfc   0x08013bfc   0x000000bc   Code   RO         2269    i.exti_init         gd32f4xx_exti.o
    0x08013cb8   0x08013cb8   0x0000000c   Code   RO         2272    i.exti_interrupt_flag_clear  gd32f4xx_exti.o
    0x08013cc4   0x08013cc4   0x00000014   Code   RO         2358    i.fmc_lock          gd32f4xx_fmc.o
    0x08013cd8   0x08013cd8   0x00000022   Code   RO         2360    i.fmc_ready_wait    gd32f4xx_fmc.o
    0x08013cfa   0x08013cfa   0x00000002   PAD
    0x08013cfc   0x08013cfc   0x00000060   Code   RO         2361    i.fmc_sector_erase  gd32f4xx_fmc.o
    0x08013d5c   0x08013d5c   0x00000054   Code   RO         2362    i.fmc_state_get     gd32f4xx_fmc.o
    0x08013db0   0x08013db0   0x00000024   Code   RO         2363    i.fmc_unlock        gd32f4xx_fmc.o
    0x08013dd4   0x08013dd4   0x00000054   Code   RO         2364    i.fmc_word_program  gd32f4xx_fmc.o
    0x08013e28   0x08013e28   0x00000024   Code   RO         6387    i.fputc             usart.o
    0x08013e4c   0x08013e4c   0x0000005e   Code   RO         2624    i.gpio_af_set       gd32f4xx_gpio.o
    0x08013eaa   0x08013eaa   0x00000004   Code   RO         2625    i.gpio_bit_reset    gd32f4xx_gpio.o
    0x08013eae   0x08013eae   0x00000004   Code   RO         2626    i.gpio_bit_set      gd32f4xx_gpio.o
    0x08013eb2   0x08013eb2   0x0000000a   Code   RO         2628    i.gpio_bit_write    gd32f4xx_gpio.o
    0x08013ebc   0x08013ebc   0x0000004e   Code   RO         2632    i.gpio_mode_set     gd32f4xx_gpio.o
    0x08013f0a   0x08013f0a   0x00000042   Code   RO         2634    i.gpio_output_options_set  gd32f4xx_gpio.o
    0x08013f4c   0x08013f4c   0x00000018   Code   RO         2728    i.i2c_ack_config    gd32f4xx_i2c.o
    0x08013f64   0x08013f64   0x00000016   Code   RO         2729    i.i2c_ackpos_config  gd32f4xx_i2c.o
    0x08013f7a   0x08013f7a   0x00000002   PAD
    0x08013f7c   0x08013f7c   0x000000d8   Code   RO         2732    i.i2c_clock_config  gd32f4xx_i2c.o
    0x08014054   0x08014054   0x00000008   Code   RO         2733    i.i2c_data_receive  gd32f4xx_i2c.o
    0x0801405c   0x0801405c   0x00000006   Code   RO         2734    i.i2c_data_transmit  gd32f4xx_i2c.o
    0x08014062   0x08014062   0x0000000a   Code   RO         2742    i.i2c_enable        gd32f4xx_i2c.o
    0x0801406c   0x0801406c   0x00000028   Code   RO         2743    i.i2c_flag_clear    gd32f4xx_i2c.o
    0x08014094   0x08014094   0x0000001e   Code   RO         2744    i.i2c_flag_get      gd32f4xx_i2c.o
    0x080140b2   0x080140b2   0x00000014   Code   RO         2749    i.i2c_master_addressing  gd32f4xx_i2c.o
    0x080140c6   0x080140c6   0x0000001c   Code   RO         2750    i.i2c_mode_addr_config  gd32f4xx_i2c.o
    0x080140e2   0x080140e2   0x0000000a   Code   RO         2763    i.i2c_start_on_bus  gd32f4xx_i2c.o
    0x080140ec   0x080140ec   0x0000000a   Code   RO         2764    i.i2c_stop_on_bus   gd32f4xx_i2c.o
    0x080140f6   0x080140f6   0x00000002   PAD
    0x080140f8   0x080140f8   0x000001b8   Code   RO         5685    i.main              main.o
    0x080142b0   0x080142b0   0x000000c4   Code   RO         3200    i.nvic_irq_enable   gd32f4xx_misc.o
    0x08014374   0x08014374   0x00000014   Code   RO         3201    i.nvic_priority_group_set  gd32f4xx_misc.o
    0x08014388   0x08014388   0x00000014   Code   RO         3202    i.nvic_vector_table_set  gd32f4xx_misc.o
    0x0801439c   0x0801439c   0x00000124   Code   RO         3399    i.rcu_clock_freq_get  gd32f4xx_rcu.o
    0x080144c0   0x080144c0   0x00000024   Code   RO         3418    i.rcu_periph_clock_enable  gd32f4xx_rcu.o
    0x080144e4   0x080144e4   0x00000024   Code   RO         3421    i.rcu_periph_reset_disable  gd32f4xx_rcu.o
    0x08014508   0x08014508   0x00000024   Code   RO         3422    i.rcu_periph_reset_enable  gd32f4xx_rcu.o
    0x0801452c   0x0801452c   0x00000024   Code   RO         3434    i.rcu_timer_clock_prescaler_config  gd32f4xx_rcu.o
    0x08014550   0x08014550   0x0000000a   Code   RO         4264    i.spi_enable        gd32f4xx_spi.o
    0x0801455a   0x0801455a   0x00000008   Code   RO         4266    i.spi_i2s_data_receive  gd32f4xx_spi.o
    0x08014562   0x08014562   0x00000004   Code   RO         4267    i.spi_i2s_data_transmit  gd32f4xx_spi.o
    0x08014566   0x08014566   0x00000002   PAD
    0x08014568   0x08014568   0x000000ac   Code   RO         4268    i.spi_i2s_deinit    gd32f4xx_spi.o
    0x08014614   0x08014614   0x00000010   Code   RO         4269    i.spi_i2s_flag_get  gd32f4xx_spi.o
    0x08014624   0x08014624   0x00000032   Code   RO         4273    i.spi_init          gd32f4xx_spi.o
    0x08014656   0x08014656   0x00000020   Code   RO         6503    i.spi_master_recv_some_bytes  nand_flash.o
    0x08014676   0x08014676   0x00000002   PAD
    0x08014678   0x08014678   0x0000003c   Code   RO         6504    i.spi_master_send_recv_byte  nand_flash.o
    0x080146b4   0x080146b4   0x00000012   Code   RO         4278    i.spi_struct_para_init  gd32f4xx_spi.o
    0x080146c6   0x080146c6   0x00000002   PAD
    0x080146c8   0x080146c8   0x000000fc   Code   RO            5    i.system_clock_168m_8m_hxtal  system_gd32f4xx.o
    0x080147c4   0x080147c4   0x00000008   Code   RO            6    i.system_clock_config  system_gd32f4xx.o
    0x080147cc   0x080147cc   0x00000050   Code   RO         5642    i.systick_config    systick.o
    0x0801481c   0x0801481c   0x0000000a   Code   RO         4553    i.timer_auto_reload_shadow_enable  gd32f4xx_timer.o
    0x08014826   0x08014826   0x00000002   PAD
    0x08014828   0x08014828   0x00000184   Code   RO         4584    i.timer_deinit      gd32f4xx_timer.o
    0x080149ac   0x080149ac   0x0000000a   Code   RO         4585    i.timer_disable     gd32f4xx_timer.o
    0x080149b6   0x080149b6   0x0000000a   Code   RO         4589    i.timer_enable      gd32f4xx_timer.o
    0x080149c0   0x080149c0   0x00000006   Code   RO         4596    i.timer_flag_clear  gd32f4xx_timer.o
    0x080149c6   0x080149c6   0x00000002   PAD
    0x080149c8   0x080149c8   0x00000098   Code   RO         4599    i.timer_init        gd32f4xx_timer.o
    0x08014a60   0x08014a60   0x00000008   Code   RO         4606    i.timer_interrupt_enable  gd32f4xx_timer.o
    0x08014a68   0x08014a68   0x00000018   Code   RO         4608    i.timer_interrupt_flag_get  gd32f4xx_timer.o
    0x08014a80   0x08014a80   0x00000050   Code   RO         6388    i.u5_printf         usart.o
    0x08014ad0   0x08014ad0   0x000000e8   Code   RO         5240    i.usart_baudrate_set  gd32f4xx_usart.o
    0x08014bb8   0x08014bb8   0x000000dc   Code   RO         5246    i.usart_deinit      gd32f4xx_usart.o
    0x08014c94   0x08014c94   0x0000000a   Code   RO         5250    i.usart_enable      gd32f4xx_usart.o
    0x08014c9e   0x08014c9e   0x0000001e   Code   RO         5252    i.usart_flag_get    gd32f4xx_usart.o
    0x08014cbc   0x08014cbc   0x0000001a   Code   RO         5260    i.usart_interrupt_enable  gd32f4xx_usart.o
    0x08014cd6   0x08014cd6   0x00000038   Code   RO         5262    i.usart_interrupt_flag_get  gd32f4xx_usart.o
    0x08014d0e   0x08014d0e   0x00000010   Code   RO         5275    i.usart_parity_config  gd32f4xx_usart.o
    0x08014d1e   0x08014d1e   0x00000010   Code   RO         5277    i.usart_receive_config  gd32f4xx_usart.o
    0x08014d2e   0x08014d2e   0x00000010   Code   RO         5288    i.usart_stop_bit_set  gd32f4xx_usart.o
    0x08014d3e   0x08014d3e   0x00000010   Code   RO         5292    i.usart_transmit_config  gd32f4xx_usart.o
    0x08014d4e   0x08014d4e   0x00000010   Code   RO         5293    i.usart_word_length_set  gd32f4xx_usart.o
    0x08014d5e   0x08014d5e   0x00000002   PAD
    0x08014d60   0x08014d60   0x0000002c   Code   RO         7128    locale$$code        c_w.l(lc_ctype_c.o)
    0x08014d8c   0x08014d8c   0x0000002c   Code   RO         7131    locale$$code        c_w.l(lc_numeric_c.o)
    0x08014db8   0x08014db8   0x0000000a   Code   RO         7203    x$fpl$fpinit        fz_wm.l(fpinit.o)
    0x08014dc2   0x08014dc2   0x00000004   Code   RO         7043    x$fpl$printf1       fz_wm.l(printf1.o)
    0x08014dc6   0x08014dc6   0x00000004   Code   RO         7045    x$fpl$printf2       fz_wm.l(printf2.o)
    0x08014dca   0x08014dca   0x00000000   Code   RO         7051    x$fpl$usenofp       fz_wm.l(usenofp.o)
    0x08014dca   0x08014dca   0x00000028   Data   RO         6916    .constdata          c_w.l(_printf_hex_int_ll_ptr.o)
    0x08014df2   0x08014df2   0x00000011   Data   RO         6936    .constdata          c_w.l(__printf_flags_ss_wp.o)
    0x08014e03   0x08014e03   0x00000001   PAD
    0x08014e04   0x08014e04   0x00000008   Data   RO         7005    .constdata          c_w.l(_printf_wctomb.o)
    0x08014e0c   0x08014e0c   0x00000026   Data   RO         7077    .constdata          c_w.l(_printf_fp_hex.o)
    0x08014e32   0x08014e32   0x00000002   PAD
    0x08014e34   0x08014e34   0x00000094   Data   RO         7103    .constdata          c_w.l(bigflt0.o)
    0x08014ec8   0x08014ec8   0x00000020   Data   RO         7269    Region$$Table       anon$$obj.o
    0x08014ee8   0x08014ee8   0x00000110   Data   RO         7127    locale$$data        c_w.l(lc_ctype_c.o)
    0x08014ff8   0x08014ff8   0x0000001c   Data   RO         7130    locale$$data        c_w.l(lc_numeric_c.o)


    Execution Region RW_IRAM1 (Exec base: 0x20000000, Load base: 0x08015014, Size: 0x00012100, Max: 0x00020000, ABSOLUTE)

    Exec Addr    Load Addr    Size         Type   Attr      Idx    E Section Name        Object

    0x20000000   0x08015014   0x00000004   Data   RW            7    .data               system_gd32f4xx.o
    0x20000004   0x08015018   0x00000004   Data   RW         5643    .data               systick.o
    0x20000008   0x0801501c   0x00000003   Data   RW         5687    .data               main.o
    0x2000000b   0x0801501f   0x00000001   PAD
    0x2000000c   0x08015020   0x0000001c   Data   RW         6229    .data               tcp.o
    0x20000028   0x0801503c   0x0000000c   Data   RW         6309    .data               timer.o
    0x20000034   0x08015048   0x00000014   Data   RW         6391    .data               usart.o
    0x20000048   0x0801505c   0x00000046   Data   RW         6679    .data               http.o
    0x2000008e   0x080150a2   0x00000002   PAD
    0x20000090        -       0x00000018   Zero   RW         5686    .bss                main.o
    0x200000a8        -       0x00000010   Zero   RW         5849    .bss                program.o
    0x200000b8        -       0x00000014   Zero   RW         6228    .bss                tcp.o
    0x200000cc   0x080150a2   0x00000004   PAD
    0x200000d0        -       0x00000640   Zero   RW         6390    .bss                usart.o
    0x20000710        -       0x00000060   Zero   RW         7053    .bss                c_w.l(libspace.o)
    0x20000770        -       0x00000400   Zero   RW          153    HEAP                startup_gd32f407.o
    0x20000b70        -       0x00000400   Zero   RW          152    STACK               startup_gd32f407.o
    0x20000f70   0x080150a2   0x00000090   PAD
    0x20001000        -       0x00010000   Zero   RW         6389    .ARM.__AT_0x20001000  usart.o
    0x20011000        -       0x00001100   Zero   RW         6505    .bss                nand_flash.o



  Load Region LR$$.ARM.__AT_0x10000000 (Base: 0x10000000, Size: 0x00000000, Max: 0x0000f000, ABSOLUTE)

    Execution Region ER$$.ARM.__AT_0x10000000 (Exec base: 0x10000000, Load base: 0x10000000, Size: 0x0000f000, Max: 0x0000f000, ABSOLUTE, UNINIT)

    Exec Addr    Load Addr    Size         Type   Attr      Idx    E Section Name        Object

    0x10000000        -       0x0000f000   Zero   RW         6715    .ARM.__AT_0x10000000  malloc.o



  Load Region LR$$.ARM.__AT_0x1000F000 (Base: 0x1000f000, Size: 0x00000000, Max: 0x00000f00, ABSOLUTE)

    Execution Region ER$$.ARM.__AT_0x1000F000 (Exec base: 0x1000f000, Load base: 0x1000f000, Size: 0x00000f00, Max: 0x00000f00, ABSOLUTE, UNINIT)

    Exec Addr    Load Addr    Size         Type   Attr      Idx    E Section Name        Object

    0x1000f000        -       0x00000f00   Zero   RW         6716    .ARM.__AT_0x1000F000  malloc.o



  Load Region LR$$.ARM.__AT_0x68000000 (Base: 0x68000000, Size: 0x00000000, Max: 0x000f0000, ABSOLUTE)

    Execution Region ER$$.ARM.__AT_0x68000000 (Exec base: 0x68000000, Load base: 0x68000000, Size: 0x000f0000, Max: 0x000f0000, ABSOLUTE, UNINIT)

    Exec Addr    Load Addr    Size         Type   Attr      Idx    E Section Name        Object

    0x68000000        -       0x000f0000   Zero   RW         6717    .ARM.__AT_0x68000000  malloc.o



  Load Region LR$$.ARM.__AT_0x680F0000 (Base: 0x680f0000, Size: 0x00000000, Max: 0x0000f000, ABSOLUTE)

    Execution Region ER$$.ARM.__AT_0x680F0000 (Exec base: 0x680f0000, Load base: 0x680f0000, Size: 0x0000f000, Max: 0x0000f000, ABSOLUTE, UNINIT)

    Exec Addr    Load Addr    Size         Type   Attr      Idx    E Section Name        Object

    0x680f0000        -       0x0000f000   Zero   RW         6718    .ARM.__AT_0x680F0000  malloc.o


==============================================================================

Image component sizes


      Code (inc. data)   RO Data    RW Data    ZI Data      Debug   Object Name

       666        242          0          0          0       6453   esp8266.o
       200         10          0          0          0       1228   gd32f4xx_exti.o
       354         32          0          0          0       3491   gd32f4xx_fmc.o
       256          0          0          0          0       4041   gd32f4xx_gpio.o
       424         12          0          0          0       7412   gd32f4xx_i2c.o
        52          4          0          0          0       4655   gd32f4xx_it.o
       236         28          0          0          0       1968   gd32f4xx_misc.o
       436         44          0          0          0       3875   gd32f4xx_rcu.o
       278         10          0          0          0       4570   gd32f4xx_spi.o
       608         44          0          0          0       5152   gd32f4xx_timer.o
       654         18          0          0          0       7046   gd32f4xx_usart.o
       302         48          0          0          0       2376   gdflash.o
       220         54          0         70          0       2113   http.o
       208         20          0          0          0       1057   iic.o
        72         12          0          0          0       1386   led.o
       440        122          0          3         24       3277   main.o
         0          0          0          0    1109760       1738   malloc.o
       972          8          0          0          0       5072   mpu6050_1.o
      1000         50          0          0       4352       9209   nand_flash.o
       184         32          0          0         16       4062   program.o
       188         12          0          0          0        599   spi.o
        64         26        392          0       2048        876   startup_gd32f407.o
       444         28          0          4          0      93083   system_gd32f4xx.o
       164         24          0          4          0      29310   systick.o
      1700        278          0         28         20       7238   tcp.o
       644         44          0         12          0       4502   timer.o
       960        158          0         20      67136       9496   usart.o

    ----------------------------------------------------------------------
     11762       1360        424        144    1183504     225285   Object Totals
         0          0         32          0          0          0   (incl. Generated)
        36          0          0          3        148          0   (incl. Padding)

    ----------------------------------------------------------------------

      Code (inc. data)   RO Data    RW Data    ZI Data      Debug   Library Member Name

        24          4          0          0          0         84   __2printf.o
        44          6          0          0          0         84   __2sprintf.o
         8          0          0          0          0         68   __main.o
       392          4         17          0          0         92   __printf_flags_ss_wp.o
        14          0          0          0          0         68   __printf_wp.o
         0          0          0          0          0          0   __rtentry.o
        12          0          0          0          0          0   __rtentry2.o
         6          0          0          0          0          0   __rtentry4.o
        52          8          0          0          0          0   __scatter.o
        26          0          0          0          0          0   __scatter_copy.o
        28          0          0          0          0          0   __scatter_zi.o
        28          0          0          0          0         68   _chval.o
         6          0          0          0          0          0   _printf_a.o
         6          0          0          0          0          0   _printf_c.o
        44          0          0          0          0        108   _printf_char.o
        48          6          0          0          0         96   _printf_char_common.o
        36          4          0          0          0         80   _printf_char_file.o
        40          0          0          0          0         68   _printf_charcount.o
         6          0          0          0          0          0   _printf_d.o
       120         16          0          0          0         92   _printf_dec.o
         6          0          0          0          0          0   _printf_e.o
         6          0          0          0          0          0   _printf_f.o
      1054          0          0          0          0        216   _printf_fp_dec.o
       764          8         38          0          0        100   _printf_fp_hex.o
       128         16          0          0          0         84   _printf_fp_infnan.o
         6          0          0          0          0          0   _printf_g.o
       148          4         40          0          0        160   _printf_hex_int_ll_ptr.o
         6          0          0          0          0          0   _printf_i.o
       178          0          0          0          0         88   _printf_intcommon.o
        10          0          0          0          0          0   _printf_l.o
         6          0          0          0          0          0   _printf_lc.o
        10          0          0          0          0          0   _printf_ll.o
         6          0          0          0          0          0   _printf_lld.o
         6          0          0          0          0          0   _printf_lli.o
         6          0          0          0          0          0   _printf_llo.o
         6          0          0          0          0          0   _printf_llu.o
         6          0          0          0          0          0   _printf_llx.o
       124         16          0          0          0         92   _printf_longlong_dec.o
         6          0          0          0          0          0   _printf_ls.o
         6          0          0          0          0          0   _printf_n.o
         6          0          0          0          0          0   _printf_o.o
       112         10          0          0          0        124   _printf_oct_int_ll.o
         6          0          0          0          0          0   _printf_p.o
        78          0          0          0          0        108   _printf_pad.o
         0          0          0          0          0          0   _printf_percent.o
         4          0          0          0          0          0   _printf_percent_end.o
         6          0          0          0          0          0   _printf_s.o
        82          0          0          0          0         80   _printf_str.o
        36          0          0          0          0         84   _printf_truncate.o
         6          0          0          0          0          0   _printf_u.o
        44          0          0          0          0        108   _printf_wchar.o
       188          6          8          0          0         92   _printf_wctomb.o
         6          0          0          0          0          0   _printf_x.o
        10          0          0          0          0         68   _sputc.o
       158          0          0          0          0         92   _strtoul.o
        64          0          0          0          0         92   _wcrtomb.o
        26          0          0          0          0         80   atoi.o
       228          4        148          0          0         96   bigflt0.o
      1936        128          0          0          0        672   btod.o
        18          0          0          0          0         80   exit.o
         8          0          0          0          0         68   ferror.o
         6          0          0          0          0        152   heapauxi.o
        44         10        272          0          0         76   lc_ctype_c.o
        44         10         28          0          0         76   lc_numeric_c.o
         2          0          0          0          0          0   libinit.o
        34          0          0          0          0          0   libinit2.o
         2          0          0          0          0          0   libshutdown.o
         2          0          0          0          0          0   libshutdown2.o
         8          4          0          0         96         68   libspace.o
       138          0          0          0          0         80   lludiv10.o
        16          4          0          0          0         76   rt_ctype_table.o
         8          4          0          0          0         68   rt_errno_addr_intlibspace.o
         8          4          0          0          0         68   rt_locale_intlibspace.o
        68          0          0          0          0         68   rt_memclr.o
        78          0          0          0          0         80   rt_memclr_w.o
       138          0          0          0          0         68   rt_memcpy_v6.o
       100          0          0          0          0         80   rt_memcpy_w.o
         2          0          0          0          0          0   rtexit.o
        10          0          0          0          0          0   rtexit2.o
       128          0          0          0          0         68   strcmpv7m.o
        72          0          0          0          0         80   strcpy.o
        62          0          0          0          0         76   strlen.o
        36          0          0          0          0         80   strstr.o
       112          0          0          0          0         88   strtol.o
        74          0          0          0          0         80   sys_stackheap_outer.o
         2          0          0          0          0         68   use_no_semi.o
         2          0          0          0          0         68   use_no_semi_2.o
        36          4          0          0          0         76   vsprintf.o
        10          0          0          0          0        116   fpinit.o
         4          0          0          0          0        116   printf1.o
         4          0          0          0          0        116   printf2.o
         0          0          0          0          0          0   usenofp.o
        48          0          0          0          0        124   fpclassify.o

    ----------------------------------------------------------------------
      7760        280        554          0         96       5608   Library Totals
        12          0          3          0          0          0   (incl. Padding)

    ----------------------------------------------------------------------

      Code (inc. data)   RO Data    RW Data    ZI Data      Debug   Library Name

      7682        280        551          0         96       5136   c_w.l
        18          0          0          0          0        348   fz_wm.l
        48          0          0          0          0        124   m_wm.l

    ----------------------------------------------------------------------
      7760        280        554          0         96       5608   Library Totals

    ----------------------------------------------------------------------

==============================================================================


      Code (inc. data)   RO Data    RW Data    ZI Data      Debug   

     19522       1640        978        144    1183600     212981   Grand Totals
     19522       1640        978        144    1183600     212981   ELF Image Totals
     19522       1640        978        144          0          0   ROM Totals

==============================================================================

    Total RO  Size (Code + RO Data)                20500 (  20.02kB)
    Total RW  Size (RW Data + ZI Data)           1183744 (1156.00kB)
    Total ROM Size (Code + RO Data + RW Data)      20644 (  20.16kB)

==============================================================================

