<html>
<body>
<pre>
<h1>µVision Build Log</h1>
<h2>Tool Versions:</h2>
IDE-Version: ¦ÌVision V5.21.1.0
Copyright (C) 2016 ARM Ltd and ARM Germany GmbH. All rights reserved.
License Information: zzz 745587814@qq.com, aaa, LIC=MPPLD-839GY-GK5BG-V9QF9-LK2D4-12BS5
 
Tool Versions:
Toolchain:       MDK-ARM Plus  Version: 5.21a
Toolchain Path:  D:\Keil_v5\ARM\ARMCC\Bin
C Compiler:      Armcc.exe V5.06 update 3 (build 300)
Assembler:       Armasm.exe V5.06 update 3 (build 300)
Linker/Locator:  ArmLink.exe V5.06 update 3 (build 300)
Library Manager: ArmAr.exe V5.06 update 3 (build 300)
Hex Converter:   FromElf.exe V5.06 update 3 (build 300)
CPU DLL:         SARMCM3.DLL V5.21a
Dialog DLL:      DCM.DLL V1.13.8.0
Target DLL:      STLink\ST-LINKIII-KEIL_SWO.dll V2.0.18.0
Dialog DLL:      TCM.DLL V1.14.14.0
 
<h2>Project:</h2>
E:\GD32F407\gd32f4_project\project\template.uvprojx
Project File Date:  06/02/2023

<h2>Output:</h2>
*** Using Compiler 'V5.06 update 3 (build 300)', folder: 'D:\Keil_v5\ARM\ARMCC\Bin'
Build target 'Target 1'
compiling timer.c...
..\Hardware\timer.c(125): warning:  #177-D: variable "time_cnt" was declared but never referenced
  static uint32_t time_cnt = 1;
..\Hardware\timer.c: 1 warning, 0 errors
compiling nand_flash.c...
..\Hardware\nand_flash.h(59): warning:  #1-D: last line of file ends without a newline
  #endif
..\Hardware\nand_flash.c(19): warning:  #550-D: variable "FlashJedecid" was set but never used
  	uint32_t FlashJedecid,FlashDeviceid;//FLASH ID??Á¿
..\Hardware\nand_flash.c(19): warning:  #550-D: variable "FlashDeviceid" was set but never used
  	uint32_t FlashJedecid,FlashDeviceid;//FLASH ID??Á¿
..\Hardware\nand_flash.c(93): warning:  #177-D: variable "i" was declared but never referenced
  	uint32_t ulJedId = 0,i;
..\Hardware\nand_flash.c: 4 warnings, 0 errors
compiling main.c...
..\Hardware\nand_flash.h(59): warning:  #1-D: last line of file ends without a newline
  #endif
..\Hardware\spi.h(9): warning:  #1-D: last line of file ends without a newline
  #endif
..\User\main.c: 2 warnings, 0 errors
compiling spi.c...
..\Hardware\spi.h(9): warning:  #1-D: last line of file ends without a newline
  #endif
..\Hardware\spi.c(32): warning:  #1-D: last line of file ends without a newline
  }
..\Hardware\spi.c: 2 warnings, 0 errors
linking...
Program Size: Code=18024 RO-data=988 RW-data=76 ZI-data=8340  
FromELF: creating hex file...
".\Objects\template.axf" - 0 Error(s), 9 Warning(s).

<h2>Collection of Component include folders:</h2>
  E:\GD32F407\gd32f4_project\project\RTE
  D:\Keil_v5\ARM\PACK\GigaDevice\GD32F4xx_DFP\2.0.0\Device\F4XX\Include

<h2>Collection of Component Files used:</h2>
Build Time Elapsed:  00:00:08
</pre>
</body>
</html>
