<html>
<body>
<pre>
<h1>µVision Build Log</h1>
<h2>Tool Versions:</h2>
IDE-Version: ¦ÌVision V5.21.1.0
Copyright (C) 2016 ARM Ltd and ARM Germany GmbH. All rights reserved.
License Information: zzz 745587814@qq.com, aaa, LIC=MPPLD-839GY-GK5BG-V9QF9-LK2D4-12BS5
 
Tool Versions:
Toolchain:       MDK-ARM Plus  Version: 5.21a
Toolchain Path:  D:\Keil_v5\ARM\ARMCC\Bin
C Compiler:      Armcc.exe V5.06 update 3 (build 300)
Assembler:       Armasm.exe V5.06 update 3 (build 300)
Linker/Locator:  ArmLink.exe V5.06 update 3 (build 300)
Library Manager: ArmAr.exe V5.06 update 3 (build 300)
Hex Converter:   FromElf.exe V5.06 update 3 (build 300)
CPU DLL:         SARMCM3.DLL V5.21a
Dialog DLL:      DCM.DLL V1.13.8.0
Target DLL:      STLink\ST-LINKIII-KEIL_SWO.dll V2.0.18.0
Dialog DLL:      TCM.DLL V1.14.14.0
 
<h2>Project:</h2>
E:\GD32F407\gd32f4_project\ZIAP_BOOT\BOOT\project\template.uvprojx
Project File Date:  06/25/2022

<h2>Output:</h2>
*** Using Compiler 'V5.06 update 3 (build 300)', folder: 'D:\Keil_v5\ARM\ARMCC\Bin'
Build target 'Target 1'
compiling system_gd32f4xx.c...
compiling gd32f4xx_can.c...
compiling gd32f4xx_adc.c...
compiling gd32f4xx_crc.c...
compiling gd32f4xx_dac.c...
compiling gd32f4xx_ctc.c...
compiling gd32f4xx_dbg.c...
compiling gd32f4xx_dci.c...
compiling gd32f4xx_dma.c...
compiling gd32f4xx_enet.c...
compiling gd32f4xx_exti.c...
compiling gd32f4xx_exmc.c...
compiling gd32f4xx_fmc.c...
compiling gd32f4xx_gpio.c...
compiling gd32f4xx_fwdgt.c...
compiling gd32f4xx_i2c.c...
compiling gd32f4xx_misc.c...
compiling gd32f4xx_ipa.c...
compiling gd32f4xx_iref.c...
compiling gd32f4xx_rcu.c...
compiling gd32f4xx_pmu.c...
compiling gd32f4xx_rtc.c...
compiling gd32f4xx_spi.c...
compiling gd32f4xx_sdio.c...
compiling gd32f4xx_syscfg.c...
compiling gd32f4xx_timer.c...
compiling gd32f4xx_tli.c...
compiling gd32f4xx_trng.c...
compiling gd32f4xx_usart.c...
compiling main.c...
compiling gd32f4xx_wwdgt.c...
compiling systick.c...
compiling ymodem.c...
compiling gd32f4xx_it.c...
compiling iap.c...
compiling usart.c...
compiling spi.c...
compiling nand_flash.c...
..\User\nand_flash.c(19): warning:  #550-D: variable "FlashJedecid" was set but never used
  	u32 FlashJedecid,FlashDeviceid;//FLASH ID??Á¿
..\User\nand_flash.c(19): warning:  #550-D: variable "FlashDeviceid" was set but never used
  	u32 FlashJedecid,FlashDeviceid;//FLASH ID??Á¿
..\User\nand_flash.c(93): warning:  #177-D: variable "i" was declared but never referenced
  	u32 ulJedId = 0,i;
..\User\nand_flash.c: 3 warnings, 0 errors
compiling gdflash.c...
..\User\gdflash.c(29): warning:  #188-D: enumerated type mixed with another type
  	FLASH_Status status = FMC_READY;
..\User\gdflash.c(43): warning:  #188-D: enumerated type mixed with another type
  				status=fmc_sector_erase(GDFLASH_GetFlashSector(addrx));//VCC=2.7~3.6VÖ®??!!
..\User\gdflash.c: 2 warnings, 0 errors
linking...
Program Size: Code=5268 RO-data=464 RW-data=20 ZI-data=21484  
FromELF: creating hex file...
".\Objects\template.axf" - 0 Error(s), 5 Warning(s).

<h2>Collection of Component include folders:</h2>
  E:\GD32F407\gd32f4_project\ZIAP_BOOT\BOOT\project\RTE
  D:\Keil_v5\ARM\PACK\GigaDevice\GD32F4xx_DFP\2.0.0\Device\F4XX\Include

<h2>Collection of Component Files used:</h2>
Build Time Elapsed:  00:00:33
</pre>
</body>
</html>
